66.116.255.161 - - [22/May/2013:20:27:39 -0400] "POST /wp-cron.php?doing_wp_cron=1369268858.5537509918212890625000 HTTP/1.0" 503 6490 "-" "WordPress/3.5.1; http://www.satenspr.com"
181.29.138.140 - - [22/May/2013:20:27:39 -0400] "GET / HTTP/1.1" 503 6509 "-" "Mozilla/5.0 (Windows NT 6.1; WOW64) AppleWebKit/537.36 (KHTML, like Gecko) Chrome/29.0.1512.0 Safari/537.36"
181.29.138.140 - - [22/May/2013:20:27:39 -0400] "GET /wp-content/plugins/dp-maintenance-mode-lite/templates/default/css/960.css HTTP/1.1" 304 - "http://www.satenspr.com/" "Mozilla/5.0 (Windows NT 6.1; WOW64) AppleWebKit/537.36 (KHTML, like Gecko) Chrome/29.0.1512.0 Safari/537.36"
181.29.138.140 - - [22/May/2013:20:27:39 -0400] "GET /wp-content/plugins/dp-maintenance-mode-lite/templates/default/css/reset.css HTTP/1.1" 304 - "http://www.satenspr.com/" "Mozilla/5.0 (Windows NT 6.1; WOW64) AppleWebKit/537.36 (KHTML, like Gecko) Chrome/29.0.1512.0 Safari/537.36"
181.29.138.140 - - [22/May/2013:20:27:39 -0400] "GET /wp-content/plugins/dp-maintenance-mode-lite/templates/default/css/style.css HTTP/1.1" 304 - "http://www.satenspr.com/" "Mozilla/5.0 (Windows NT 6.1; WOW64) AppleWebKit/537.36 (KHTML, like Gecko) Chrome/29.0.1512.0 Safari/537.36"
181.29.138.140 - - [22/May/2013:20:27:39 -0400] "GET /wp-content/plugins/dp-maintenance-mode-lite/templates/default/css/prettyPhoto.css HTTP/1.1" 304 - "http://www.satenspr.com/" "Mozilla/5.0 (Windows NT 6.1; WOW64) AppleWebKit/537.36 (KHTML, like Gecko) Chrome/29.0.1512.0 Safari/537.36"
181.29.138.140 - - [22/May/2013:20:27:39 -0400] "GET /wp-content/plugins/dp-maintenance-mode-lite/templates/default/themes/redmond/jquery-ui-1.8.17.custom.css HTTP/1.1" 304 - "http://www.satenspr.com/" "Mozilla/5.0 (Windows NT 6.1; WOW64) AppleWebKit/537.36 (KHTML, like Gecko) Chrome/29.0.1512.0 Safari/537.36"
181.29.138.140 - - [22/May/2013:20:27:39 -0400] "GET /wp-content/plugins/dp-maintenance-mode-lite/templates/default/js/jquery.counterClock.js HTTP/1.1" 304 - "http://www.satenspr.com/" "Mozilla/5.0 (Windows NT 6.1; WOW64) AppleWebKit/537.36 (KHTML, like Gecko) Chrome/29.0.1512.0 Safari/537.36"
181.29.138.140 - - [22/May/2013:20:27:39 -0400] "GET /wp-content/plugins/dp-maintenance-mode-lite/templates/default/js/jquery.bxSlider.min.js HTTP/1.1" 304 - "http://www.satenspr.com/" "Mozilla/5.0 (Windows NT 6.1; WOW64) AppleWebKit/537.36 (KHTML, like Gecko) Chrome/29.0.1512.0 Safari/537.36"
181.29.138.140 - - [22/May/2013:20:27:39 -0400] "GET /wp-content/plugins/dp-maintenance-mode-lite/templates/default/js/jquery-1.7.1.min.js HTTP/1.1" 304 - "http://www.satenspr.com/" "Mozilla/5.0 (Windows NT 6.1; WOW64) AppleWebKit/537.36 (KHTML, like Gecko) Chrome/29.0.1512.0 Safari/537.36"
181.29.138.140 - - [22/May/2013:20:27:39 -0400] "GET /wp-content/plugins/dp-maintenance-mode-lite/templates/default/js/jquery.prettyPhoto.js HTTP/1.1" 304 - "http://www.satenspr.com/" "Mozilla/5.0 (Windows NT 6.1; WOW64) AppleWebKit/537.36 (KHTML, like Gecko) Chrome/29.0.1512.0 Safari/537.36"
181.29.138.140 - - [22/May/2013:20:27:39 -0400] "GET /wp-content/plugins/dp-maintenance-mode-lite/templates/default/ui/jquery-ui-1.8.17.custom.js HTTP/1.1" 304 - "http://www.satenspr.com/" "Mozilla/5.0 (Windows NT 6.1; WOW64) AppleWebKit/537.36 (KHTML, like Gecko) Chrome/29.0.1512.0 Safari/537.36"
181.29.138.140 - - [22/May/2013:20:27:40 -0400] "GET /wp-content/plugins/dp-maintenance-mode-lite/templates/default/js/modernizr.full.min.js HTTP/1.1" 304 - "http://www.satenspr.com/" "Mozilla/5.0 (Windows NT 6.1; WOW64) AppleWebKit/537.36 (KHTML, like Gecko) Chrome/29.0.1512.0 Safari/537.36"
181.29.138.140 - - [22/May/2013:20:27:40 -0400] "GET /wp-content/plugins/dp-maintenance-mode-lite/templates/default/js/custom.js HTTP/1.1" 304 - "http://www.satenspr.com/" "Mozilla/5.0 (Windows NT 6.1; WOW64) AppleWebKit/537.36 (KHTML, like Gecko) Chrome/29.0.1512.0 Safari/537.36"
181.29.138.140 - - [22/May/2013:20:27:40 -0400] "GET /wp-content/plugins/dp-maintenance-mode-lite/templates/default/css/style-768.css HTTP/1.1" 304 - "http://www.satenspr.com/" "Mozilla/5.0 (Windows NT 6.1; WOW64) AppleWebKit/537.36 (KHTML, like Gecko) Chrome/29.0.1512.0 Safari/537.36"
181.29.138.140 - - [22/May/2013:20:27:40 -0400] "GET /wp-content/plugins/dp-maintenance-mode-lite/templates/default/css/style-480.css HTTP/1.1" 304 - "http://www.satenspr.com/" "Mozilla/5.0 (Windows NT 6.1; WOW64) AppleWebKit/537.36 (KHTML, like Gecko) Chrome/29.0.1512.0 Safari/537.36"
181.29.138.140 - - [22/May/2013:20:27:40 -0400] "GET /wp-content/plugins/dp-maintenance-mode-lite/templates/default/css/style-320.css HTTP/1.1" 304 - "http://www.satenspr.com/" "Mozilla/5.0 (Windows NT 6.1; WOW64) AppleWebKit/537.36 (KHTML, like Gecko) Chrome/29.0.1512.0 Safari/537.36"
181.29.138.140 - - [22/May/2013:20:27:40 -0400] "GET /wp-content/uploads/2013/04/logosatensshort-300x138.png HTTP/1.1" 304 - "http://www.satenspr.com/" "Mozilla/5.0 (Windows NT 6.1; WOW64) AppleWebKit/537.36 (KHTML, like Gecko) Chrome/29.0.1512.0 Safari/537.36"
181.29.138.140 - - [22/May/2013:20:27:40 -0400] "GET /wp-content/plugins/dp-maintenance-mode-lite/templates/default/images/bg_top.png HTTP/1.1" 304 - "http://www.satenspr.com/" "Mozilla/5.0 (Windows NT 6.1; WOW64) AppleWebKit/537.36 (KHTML, like Gecko) Chrome/29.0.1512.0 Safari/537.36"
181.29.138.140 - - [22/May/2013:20:27:40 -0400] "GET /wp-content/plugins/dp-maintenance-mode-lite/templates/default/images/bg.jpg HTTP/1.1" 304 - "http://www.satenspr.com/" "Mozilla/5.0 (Windows NT 6.1; WOW64) AppleWebKit/537.36 (KHTML, like Gecko) Chrome/29.0.1512.0 Safari/537.36"
181.29.138.140 - - [22/May/2013:20:27:40 -0400] "GET /wp-content/plugins/dp-maintenance-mode-lite/templates/default/images/clock_bg.png HTTP/1.1" 304 - "http://www.satenspr.com/" "Mozilla/5.0 (Windows NT 6.1; WOW64) AppleWebKit/537.36 (KHTML, like Gecko) Chrome/29.0.1512.0 Safari/537.36"
181.29.138.140 - - [22/May/2013:20:27:40 -0400] "GET /wp-content/plugins/dp-maintenance-mode-lite/templates/default/images/loading_bar.png HTTP/1.1" 304 - "http://www.satenspr.com/" "Mozilla/5.0 (Windows NT 6.1; WOW64) AppleWebKit/537.36 (KHTML, like Gecko) Chrome/29.0.1512.0 Safari/537.36"
181.29.138.140 - - [22/May/2013:20:27:40 -0400] "GET /wp-content/plugins/dp-maintenance-mode-lite/templates/default/images/loading_bar_up.png HTTP/1.1" 304 - "http://www.satenspr.com/" "Mozilla/5.0 (Windows NT 6.1; WOW64) AppleWebKit/537.36 (KHTML, like Gecko) Chrome/29.0.1512.0 Safari/537.36"
181.29.138.140 - - [22/May/2013:20:27:40 -0400] "GET /wp-content/plugins/dp-maintenance-mode-lite/templates/default/images/widgets_bg.png HTTP/1.1" 304 - "http://www.satenspr.com/" "Mozilla/5.0 (Windows NT 6.1; WOW64) AppleWebKit/537.36 (KHTML, like Gecko) Chrome/29.0.1512.0 Safari/537.36"
181.29.138.140 - - [22/May/2013:20:27:40 -0400] "GET /wp-content/plugins/dp-maintenance-mode-lite/templates/default/images/widgets_up.png HTTP/1.1" 304 - "http://www.satenspr.com/" "Mozilla/5.0 (Windows NT 6.1; WOW64) AppleWebKit/537.36 (KHTML, like Gecko) Chrome/29.0.1512.0 Safari/537.36"
181.29.138.140 - - [22/May/2013:20:27:40 -0400] "GET /wp-content/plugins/dp-maintenance-mode-lite/templates/default/images/bg_bottom.png HTTP/1.1" 304 - "http://www.satenspr.com/" "Mozilla/5.0 (Windows NT 6.1; WOW64) AppleWebKit/537.36 (KHTML, like Gecko) Chrome/29.0.1512.0 Safari/537.36"
181.29.138.140 - - [22/May/2013:20:27:40 -0400] "GET /wp-content/plugins/dp-maintenance-mode-lite/templates/default/images/pbar-ani.gif HTTP/1.1" 304 - "http://www.satenspr.com/" "Mozilla/5.0 (Windows NT 6.1; WOW64) AppleWebKit/537.36 (KHTML, like Gecko) Chrome/29.0.1512.0 Safari/537.36"
181.29.138.140 - - [22/May/2013:20:27:40 -0400] "GET /wp-content/plugins/dp-maintenance-mode-lite/templates/default/themes/redmond/images/ui-bg_inset-hard_100_fcfdfd_1x100.png HTTP/1.1" 304 - "http://www.satenspr.com/" "Mozilla/5.0 (Windows NT 6.1; WOW64) AppleWebKit/537.36 (KHTML, like Gecko) Chrome/29.0.1512.0 Safari/537.36"
181.29.138.140 - - [22/May/2013:20:27:51 -0400] "GET /wp-admin HTTP/1.1" 301 245 "-" "Mozilla/5.0 (Windows NT 6.1; WOW64) AppleWebKit/537.36 (KHTML, like Gecko) Chrome/29.0.1512.0 Safari/537.36"
181.29.138.140 - - [22/May/2013:20:27:53 -0400] "GET /wp-admin/ HTTP/1.1" 302 5 "-" "Mozilla/5.0 (Windows NT 6.1; WOW64) AppleWebKit/537.36 (KHTML, like Gecko) Chrome/29.0.1512.0 Safari/537.36"
181.29.138.140 - - [22/May/2013:20:27:54 -0400] "GET /wp-login.php?redirect_to=http%3A%2F%2Fsatenspr.com%2Fwp-admin%2F&reauth=1 HTTP/1.1" 200 2320 "-" "Mozilla/5.0 (Windows NT 6.1; WOW64) AppleWebKit/537.36 (KHTML, like Gecko) Chrome/29.0.1512.0 Safari/537.36"
181.29.138.140 - - [22/May/2013:20:27:57 -0400] "POST /wp-login.php HTTP/1.1" 302 5 "http://www.satenspr.com/wp-login.php?redirect_to=http%3A%2F%2Fsatenspr.com%2Fwp-admin%2F&reauth=1" "Mozilla/5.0 (Windows NT 6.1; WOW64) AppleWebKit/537.36 (KHTML, like Gecko) Chrome/29.0.1512.0 Safari/537.36"
181.29.138.140 - - [22/May/2013:20:28:01 -0400] "GET /wp-admin/ HTTP/1.1" 200 76691 "http://www.satenspr.com/wp-login.php?redirect_to=http%3A%2F%2Fsatenspr.com%2Fwp-admin%2F&reauth=1" "Mozilla/5.0 (Windows NT 6.1; WOW64) AppleWebKit/537.36 (KHTML, like Gecko) Chrome/29.0.1512.0 Safari/537.36"
181.29.138.140 - - [22/May/2013:20:28:01 -0400] "GET /wp-content/plugins/gravityforms/images/gravity-admin-icon.png HTTP/1.1" 304 - "http://www.satenspr.com/wp-admin/" "Mozilla/5.0 (Windows NT 6.1; WOW64) AppleWebKit/537.36 (KHTML, like Gecko) Chrome/29.0.1512.0 Safari/537.36"
181.29.138.140 - - [22/May/2013:20:28:04 -0400] "GET /wp-admin/admin-ajax.php?action=dashboard-widgets&widget=dashboard_incoming_links HTTP/1.1" 200 265 "http://www.satenspr.com/wp-admin/" "Mozilla/5.0 (Windows NT 6.1; WOW64) AppleWebKit/537.36 (KHTML, like Gecko) Chrome/29.0.1512.0 Safari/537.36"
181.29.138.140 - - [22/May/2013:20:28:05 -0400] "GET /wp-admin/admin-ajax.php?action=dashboard-widgets&widget=dashboard_primary HTTP/1.1" 200 1973 "http://www.satenspr.com/wp-admin/" "Mozilla/5.0 (Windows NT 6.1; WOW64) AppleWebKit/537.36 (KHTML, like Gecko) Chrome/29.0.1512.0 Safari/537.36"
181.29.138.140 - - [22/May/2013:20:28:05 -0400] "GET /wp-admin/admin-ajax.php?action=dashboard-widgets&widget=dashboard_secondary HTTP/1.1" 200 2177 "http://www.satenspr.com/wp-admin/" "Mozilla/5.0 (Windows NT 6.1; WOW64) AppleWebKit/537.36 (KHTML, like Gecko) Chrome/29.0.1512.0 Safari/537.36"
181.29.138.140 - - [22/May/2013:20:28:06 -0400] "GET /wp-admin/admin-ajax.php?action=dashboard-widgets&widget=dashboard_plugins HTTP/1.1" 200 992 "http://www.satenspr.com/wp-admin/" "Mozilla/5.0 (Windows NT 6.1; WOW64) AppleWebKit/537.36 (KHTML, like Gecko) Chrome/29.0.1512.0 Safari/537.36"
181.29.138.140 - - [22/May/2013:20:28:07 -0400] "GET /wp-admin/images/sort.gif HTTP/1.1" 200 54 "http://www.satenspr.com/wp-admin/edit.php?post_type=page" "Mozilla/5.0 (Windows NT 6.1; WOW64) AppleWebKit/537.36 (KHTML, like Gecko) Chrome/29.0.1512.0 Safari/537.36"
181.29.138.140 - - [22/May/2013:20:28:07 -0400] "GET /wp-admin/images/comment-grey-bubble.png HTTP/1.1" 200 114 "http://www.satenspr.com/wp-admin/edit.php?post_type=page" "Mozilla/5.0 (Windows NT 6.1; WOW64) AppleWebKit/537.36 (KHTML, like Gecko) Chrome/29.0.1512.0 Safari/537.36"
181.29.138.140 - - [22/May/2013:20:28:07 -0400] "GET /wp-admin/edit.php?post_type=page HTTP/1.1" 200 91004 "http://www.satenspr.com/wp-admin/" "Mozilla/5.0 (Windows NT 6.1; WOW64) AppleWebKit/537.36 (KHTML, like Gecko) Chrome/29.0.1512.0 Safari/537.36"
181.29.138.140 - - [22/May/2013:20:28:07 -0400] "GET /wp-admin/images/bubble_bg.gif HTTP/1.1" 200 395 "http://www.satenspr.com/wp-admin/edit.php?post_type=page" "Mozilla/5.0 (Windows NT 6.1; WOW64) AppleWebKit/537.36 (KHTML, like Gecko) Chrome/29.0.1512.0 Safari/537.36"
181.29.138.140 - - [22/May/2013:20:28:08 -0400] "GET /wp-admin/load-scripts.php?c=1&load%5B%5D=admin-bar,hoverIntent,common,suggest,inline-edit-post&ver=3.5.1 HTTP/1.1" 200 8697 "http://www.satenspr.com/wp-admin/edit.php?post_type=page" "Mozilla/5.0 (Windows NT 6.1; WOW64) AppleWebKit/537.36 (KHTML, like Gecko) Chrome/29.0.1512.0 Safari/537.36"
181.29.138.140 - - [22/May/2013:20:28:14 -0400] "GET /wp-admin/post.php?post=157&action=edit HTTP/1.1" 200 86850 "http://www.satenspr.com/wp-admin/edit.php?post_type=page" "Mozilla/5.0 (Windows NT 6.1; WOW64) AppleWebKit/537.36 (KHTML, like Gecko) Chrome/29.0.1512.0 Safari/537.36"
66.116.255.161 - - [22/May/2013:20:28:51 -0400] "POST /wp-cron.php?doing_wp_cron=1369268930.5742518901824951171875 HTTP/1.0" 503 6490 "-" "WordPress/3.5.1; http://www.satenspr.com"
181.29.138.140 - - [22/May/2013:20:28:51 -0400] "GET /wp-admin/edit.php?post_type=page HTTP/1.1" 200 19857 "http://www.satenspr.com/wp-admin/post.php?post=157&action=edit" "Mozilla/5.0 (Windows NT 6.1; WOW64) AppleWebKit/537.36 (KHTML, like Gecko) Chrome/29.0.1512.0 Safari/537.36"
181.29.138.140 - - [22/May/2013:20:28:52 -0400] "GET /wp-admin/edit.php?post_type=page HTTP/1.1" 200 90984 "http://www.satenspr.com/wp-admin/post.php?post=157&action=edit" "Mozilla/5.0 (Windows NT 6.1; WOW64) AppleWebKit/537.36 (KHTML, like Gecko) Chrome/29.0.1512.0 Safari/537.36"
181.29.138.140 - - [22/May/2013:20:28:52 -0400] "POST /wp-admin/admin-ajax.php HTTP/1.1" 200 13 "http://www.satenspr.com/wp-admin/post.php?post=157&action=edit" "Mozilla/5.0 (Windows NT 6.1; WOW64) AppleWebKit/537.36 (KHTML, like Gecko) Chrome/29.0.1512.0 Safari/537.36"
181.29.138.140 - - [22/May/2013:20:29:27 -0400] "GET /wp-content/plugins/gravityforms/css/tooltip.css?ver=1.7.3 HTTP/1.1" 304 - "http://www.satenspr.com/wp-admin/admin.php?page=gf_edit_forms" "Mozilla/5.0 (Windows NT 6.1; WOW64) AppleWebKit/537.36 (KHTML, like Gecko) Chrome/29.0.1512.0 Safari/537.36"
181.29.138.140 - - [22/May/2013:20:29:27 -0400] "GET /wp-content/plugins/gravityforms/js/jquery.qtip-1.0.0-rc2.min.js?ver=1.7.3 HTTP/1.1" 304 - "http://www.satenspr.com/wp-admin/admin.php?page=gf_edit_forms" "Mozilla/5.0 (Windows NT 6.1; WOW64) AppleWebKit/537.36 (KHTML, like Gecko) Chrome/29.0.1512.0 Safari/537.36"
181.29.138.140 - - [22/May/2013:20:29:27 -0400] "GET /wp-content/plugins/gravityforms/js/qtip_init.js?ver=1.7.3 HTTP/1.1" 304 - "http://www.satenspr.com/wp-admin/admin.php?page=gf_edit_forms" "Mozilla/5.0 (Windows NT 6.1; WOW64) AppleWebKit/537.36 (KHTML, like Gecko) Chrome/29.0.1512.0 Safari/537.36"
181.29.138.140 - - [22/May/2013:20:29:27 -0400] "GET /wp-content/plugins/gravityforms/js/jquery.json-1.3.js?ver=1.7.3 HTTP/1.1" 304 - "http://www.satenspr.com/wp-admin/admin.php?page=gf_edit_forms" "Mozilla/5.0 (Windows NT 6.1; WOW64) AppleWebKit/537.36 (KHTML, like Gecko) Chrome/29.0.1512.0 Safari/537.36"
181.29.138.140 - - [22/May/2013:20:29:27 -0400] "GET /wp-admin/admin.php?page=gf_edit_forms HTTP/1.1" 200 60666 "http://www.satenspr.com/wp-admin/edit.php?post_type=page" "Mozilla/5.0 (Windows NT 6.1; WOW64) AppleWebKit/537.36 (KHTML, like Gecko) Chrome/29.0.1512.0 Safari/537.36"
181.29.138.140 - - [22/May/2013:20:29:28 -0400] "GET /wp-content/plugins/gravityforms/js/form_admin.js?ver=1.7.3 HTTP/1.1" 304 - "http://www.satenspr.com/wp-admin/admin.php?page=gf_edit_forms" "Mozilla/5.0 (Windows NT 6.1; WOW64) AppleWebKit/537.36 (KHTML, like Gecko) Chrome/29.0.1512.0 Safari/537.36"
181.29.138.140 - - [22/May/2013:20:29:28 -0400] "GET /wp-content/plugins/gravityforms/js/form_admin.js HTTP/1.1" 304 - "http://www.satenspr.com/wp-admin/admin.php?page=gf_edit_forms" "Mozilla/5.0 (Windows NT 6.1; WOW64) AppleWebKit/537.36 (KHTML, like Gecko) Chrome/29.0.1512.0 Safari/537.36"
181.29.138.140 - - [22/May/2013:20:29:28 -0400] "GET /wp-content/plugins/gravityforms/css/admin.css HTTP/1.1" 304 - "http://www.satenspr.com/wp-admin/admin.php?page=gf_edit_forms" "Mozilla/5.0 (Windows NT 6.1; WOW64) AppleWebKit/537.36 (KHTML, like Gecko) Chrome/29.0.1512.0 Safari/537.36"
181.29.138.140 - - [22/May/2013:20:29:28 -0400] "GET /wp-content/plugins/gravityforms/images/active1.png HTTP/1.1" 304 - "http://www.satenspr.com/wp-admin/admin.php?page=gf_edit_forms" "Mozilla/5.0 (Windows NT 6.1; WOW64) AppleWebKit/537.36 (KHTML, like Gecko) Chrome/29.0.1512.0 Safari/537.36"
181.29.138.140 - - [22/May/2013:20:29:28 -0400] "GET /wp-content/plugins/gravityforms/css/datepicker.css HTTP/1.1" 304 - "http://www.satenspr.com/wp-admin/admin.php?page=gf_edit_forms" "Mozilla/5.0 (Windows NT 6.1; WOW64) AppleWebKit/537.36 (KHTML, like Gecko) Chrome/29.0.1512.0 Safari/537.36"
181.29.138.140 - - [22/May/2013:20:29:28 -0400] "GET /wp-content/plugins/gravityforms/css/jquery-ui.custom.css HTTP/1.1" 304 - "http://www.satenspr.com/wp-admin/admin.php?page=gf_edit_forms" "Mozilla/5.0 (Windows NT 6.1; WOW64) AppleWebKit/537.36 (KHTML, like Gecko) Chrome/29.0.1512.0 Safari/537.36"
181.29.138.140 - - [22/May/2013:20:29:28 -0400] "GET /wp-content/plugins/gravityforms/css/rtl.css HTTP/1.1" 304 - "http://www.satenspr.com/wp-admin/admin.php?page=gf_edit_forms" "Mozilla/5.0 (Windows NT 6.1; WOW64) AppleWebKit/537.36 (KHTML, like Gecko) Chrome/29.0.1512.0 Safari/537.36"
181.29.138.140 - - [22/May/2013:20:29:28 -0400] "GET /wp-content/plugins/gravityforms/images/gf-32-iconsprite.png HTTP/1.1" 304 - "http://www.satenspr.com/wp-admin/admin.php?page=gf_edit_forms" "Mozilla/5.0 (Windows NT 6.1; WOW64) AppleWebKit/537.36 (KHTML, like Gecko) Chrome/29.0.1512.0 Safari/537.36"
181.29.138.140 - - [22/May/2013:20:29:28 -0400] "GET /wp-content/plugins/gravityforms/images/icon-question.png HTTP/1.1" 304 - "http://www.satenspr.com/wp-admin/admin.php?page=gf_edit_forms" "Mozilla/5.0 (Windows NT 6.1; WOW64) AppleWebKit/537.36 (KHTML, like Gecko) Chrome/29.0.1512.0 Safari/537.36"
66.116.255.161 - - [22/May/2013:21:21:49 -0400] "POST /wp-cron.php?doing_wp_cron=1369272109.1348729133605957031250 HTTP/1.0" 503 6490 "-" "WordPress/3.5.1; http://www.satenspr.com"
181.29.138.140 - - [22/May/2013:21:21:51 -0400] "GET /wp-admin/edit.php?post_type=page HTTP/1.1" 200 90990 "http://www.satenspr.com/wp-admin/admin.php?page=gf_edit_forms" "Mozilla/5.0 (Windows NT 6.1; WOW64) AppleWebKit/537.36 (KHTML, like Gecko) Chrome/29.0.1512.0 Safari/537.36"
181.29.138.140 - - [22/May/2013:21:22:05 -0400] "GET /wp-admin/post.php?post=32&action=edit HTTP/1.1" 200 90053 "http://www.satenspr.com/wp-admin/edit.php?post_type=page" "Mozilla/5.0 (Windows NT 6.1; WOW64) AppleWebKit/537.36 (KHTML, like Gecko) Chrome/29.0.1512.0 Safari/537.36"
181.29.138.140 - - [22/May/2013:21:22:21 -0400] "GET / HTTP/1.1" 200 20975 "http://www.satenspr.com/wp-admin/post.php?post=32&action=edit" "Mozilla/5.0 (Windows NT 6.1; WOW64) AppleWebKit/537.36 (KHTML, like Gecko) Chrome/29.0.1512.0 Safari/537.36"
181.29.138.140 - - [22/May/2013:21:22:22 -0400] "POST /wp-admin/admin-ajax.php HTTP/1.1" 200 13 "http://www.satenspr.com/wp-admin/post.php?post=32&action=edit" "Mozilla/5.0 (Windows NT 6.1; WOW64) AppleWebKit/537.36 (KHTML, like Gecko) Chrome/29.0.1512.0 Safari/537.36"
181.29.138.140 - - [22/May/2013:21:22:23 -0400] "GET / HTTP/1.1" 200 20967 "http://www.satenspr.com/wp-admin/post.php?post=32&action=edit" "Mozilla/5.0 (Windows NT 6.1; WOW64) AppleWebKit/537.36 (KHTML, like Gecko) Chrome/29.0.1512.0 Safari/537.36"
181.29.138.140 - - [22/May/2013:21:22:24 -0400] "GET /wp-content/plugins/wp-ui/css/css.php?styles=wpui-light%7Cwpui-blue%7Cwpui-red%7Cwpui-green%7Cwpui-dark%7Cwpui-quark%7Cwpui-alma%7Cwpui-macish%7Cwpui-redmond%7Cwpui-sevin&ver=3.5.1 HTTP/1.1" 200 128491 "http://www.satenspr.com/" "Mozilla/5.0 (Windows NT 6.1; WOW64) AppleWebKit/537.36 (KHTML, like Gecko) Chrome/29.0.1512.0 Safari/537.36"
181.29.138.140 - - [22/May/2013:21:22:31 -0400] "GET /wp-content/plugins/gravityforms/css/formreset.css?ver=1.7.3 HTTP/1.1" 304 - "http://www.satenspr.com/?page_id=32" "Mozilla/5.0 (Windows NT 6.1; WOW64) AppleWebKit/537.36 (KHTML, like Gecko) Chrome/29.0.1512.0 Safari/537.36"
181.29.138.140 - - [22/May/2013:21:22:31 -0400] "GET /wp-content/plugins/gravityforms/css/datepicker.css?ver=1.7.3 HTTP/1.1" 304 - "http://www.satenspr.com/?page_id=32" "Mozilla/5.0 (Windows NT 6.1; WOW64) AppleWebKit/537.36 (KHTML, like Gecko) Chrome/29.0.1512.0 Safari/537.36"
181.29.138.140 - - [22/May/2013:21:22:31 -0400] "GET /wp-content/plugins/gravityforms/css/formsmain.css?ver=1.7.3 HTTP/1.1" 304 - "http://www.satenspr.com/?page_id=32" "Mozilla/5.0 (Windows NT 6.1; WOW64) AppleWebKit/537.36 (KHTML, like Gecko) Chrome/29.0.1512.0 Safari/537.36"
181.29.138.140 - - [22/May/2013:21:22:31 -0400] "GET /wp-content/plugins/gravityforms/css/browsers.css?ver=1.7.3 HTTP/1.1" 304 - "http://www.satenspr.com/?page_id=32" "Mozilla/5.0 (Windows NT 6.1; WOW64) AppleWebKit/537.36 (KHTML, like Gecko) Chrome/29.0.1512.0 Safari/537.36"
181.29.138.140 - - [22/May/2013:21:22:31 -0400] "GET /wp-content/plugins/gravityforms/css/readyclass.css?ver=1.7.3 HTTP/1.1" 304 - "http://www.satenspr.com/?page_id=32" "Mozilla/5.0 (Windows NT 6.1; WOW64) AppleWebKit/537.36 (KHTML, like Gecko) Chrome/29.0.1512.0 Safari/537.36"
181.29.138.140 - - [22/May/2013:21:22:31 -0400] "GET /?page_id=32 HTTP/1.1" 200 39218 "http://www.satenspr.com/" "Mozilla/5.0 (Windows NT 6.1; WOW64) AppleWebKit/537.36 (KHTML, like Gecko) Chrome/29.0.1512.0 Safari/537.36"
66.116.255.161 - - [22/May/2013:21:23:28 -0400] "POST /wp-cron.php?doing_wp_cron=1369272207.2039880752563476562500 HTTP/1.0" 503 6490 "-" "WordPress/3.5.1; http://www.satenspr.com"
181.29.138.140 - - [22/May/2013:21:23:29 -0400] "POST /wp-admin/admin-ajax.php HTTP/1.1" 200 329 "http://www.satenspr.com/wp-admin/post.php?post=32&action=edit" "Mozilla/5.0 (Windows NT 6.1; WOW64) AppleWebKit/537.36 (KHTML, like Gecko) Chrome/29.0.1512.0 Safari/537.36"
66.116.255.161 - - [22/May/2013:21:24:28 -0400] "POST /wp-cron.php?doing_wp_cron=1369272267.2241880893707275390625 HTTP/1.0" 503 6490 "-" "WordPress/3.5.1; http://www.satenspr.com"
181.29.138.140 - - [22/May/2013:21:24:28 -0400] "POST /wp-admin/admin-ajax.php HTTP/1.1" 200 303 "http://www.satenspr.com/wp-admin/post.php?post=32&action=edit" "Mozilla/5.0 (Windows NT 6.1; WOW64) AppleWebKit/537.36 (KHTML, like Gecko) Chrome/29.0.1512.0 Safari/537.36"
181.29.138.140 - - [22/May/2013:21:24:29 -0400] "GET /wp-admin/plugin-install.php HTTP/1.1" 200 39540 "http://www.satenspr.com/wp-admin/post.php?post=32&action=edit" "Mozilla/5.0 (Windows NT 6.1; WOW64) AppleWebKit/537.36 (KHTML, like Gecko) Chrome/29.0.1512.0 Safari/537.36"
181.29.138.140 - - [22/May/2013:21:24:30 -0400] "POST /wp-admin/admin-ajax.php HTTP/1.1" 200 13 "http://www.satenspr.com/wp-admin/post.php?post=32&action=edit" "Mozilla/5.0 (Windows NT 6.1; WOW64) AppleWebKit/537.36 (KHTML, like Gecko) Chrome/29.0.1512.0 Safari/537.36"
181.29.138.140 - - [22/May/2013:21:24:37 -0400] "GET /wp-admin/plugin-install.php?tab=search&s=Gravity+Forms+Directory+%26+Addons&plugin-search-input=Search+Plugins HTTP/1.1" 200 58761 "http://www.satenspr.com/wp-admin/plugin-install.php" "Mozilla/5.0 (Windows NT 6.1; WOW64) AppleWebKit/537.36 (KHTML, like Gecko) Chrome/29.0.1512.0 Safari/537.36"
181.29.138.140 - - [22/May/2013:21:24:37 -0400] "GET /wp-admin/images/stars.png?ver=20121108 HTTP/1.1" 200 924 "http://www.satenspr.com/wp-admin/plugin-install.php?tab=search&s=Gravity+Forms+Directory+%26+Addons&plugin-search-input=Search+Plugins" "Mozilla/5.0 (Windows NT 6.1; WOW64) AppleWebKit/537.36 (KHTML, like Gecko) Chrome/29.0.1512.0 Safari/537.36"
181.29.138.140 - - [22/May/2013:21:24:53 -0400] "GET /wp-admin/update.php?action=install-plugin&plugin=gravity-forms-addons&_wpnonce=c2f7b2000d HTTP/1.1" 200 26600 "http://www.satenspr.com/wp-admin/plugin-install.php?tab=search&s=Gravity+Forms+Directory+%26+Addons&plugin-search-input=Search+Plugins" "Mozilla/5.0 (Windows NT 6.1; WOW64) AppleWebKit/537.36 (KHTML, like Gecko) Chrome/29.0.1512.0 Safari/537.36"
181.29.138.140 - - [22/May/2013:21:24:57 -0400] "GET /wp-admin/plugins.php?action=activate&plugin=gravity-forms-addons%2Fgravity-forms-addons.php&_wpnonce=fb752a1159 HTTP/1.1" 302 5 "http://www.satenspr.com/wp-admin/update.php?action=install-plugin&plugin=gravity-forms-addons&_wpnonce=c2f7b2000d" "Mozilla/5.0 (Windows NT 6.1; WOW64) AppleWebKit/537.36 (KHTML, like Gecko) Chrome/29.0.1512.0 Safari/537.36"
181.29.138.140 - - [22/May/2013:21:24:59 -0400] "GET /wp-admin/plugins.php?activate=true&plugin_status=all&paged=1&s= HTTP/1.1" 200 47022 "http://www.satenspr.com/wp-admin/update.php?action=install-plugin&plugin=gravity-forms-addons&_wpnonce=c2f7b2000d" "Mozilla/5.0 (Windows NT 6.1; WOW64) AppleWebKit/537.36 (KHTML, like Gecko) Chrome/29.0.1512.0 Safari/537.36"
181.29.138.140 - - [22/May/2013:21:24:59 -0400] "GET /wp-content/plugins/gravityforms/js/jquery.simplemodal-1.3.min.js HTTP/1.1" 200 8669 "http://www.satenspr.com/wp-admin/plugins.php?activate=true&plugin_status=all&paged=1&s=" "Mozilla/5.0 (Windows NT 6.1; WOW64) AppleWebKit/537.36 (KHTML, like Gecko) Chrome/29.0.1512.0 Safari/537.36"
181.29.138.140 - - [22/May/2013:21:25:16 -0400] "GET /wp-admin/plugin-install.php HTTP/1.1" 200 39765 "http://www.satenspr.com/wp-admin/plugins.php?activate=true&plugin_status=all&paged=1&s=" "Mozilla/5.0 (Windows NT 6.1; WOW64) AppleWebKit/537.36 (KHTML, like Gecko) Chrome/29.0.1512.0 Safari/537.36"
181.29.138.140 - - [22/May/2013:21:25:22 -0400] "GET /wp-admin/plugin-install.php?tab=search&s=members&plugin-search-input=Search+Plugins HTTP/1.1" 200 74971 "http://www.satenspr.com/wp-admin/plugin-install.php" "Mozilla/5.0 (Windows NT 6.1; WOW64) AppleWebKit/537.36 (KHTML, like Gecko) Chrome/29.0.1512.0 Safari/537.36"
66.116.255.161 - - [22/May/2013:21:25:58 -0400] "POST /wp-cron.php?doing_wp_cron=1369272358.0208709239959716796875 HTTP/1.0" 503 6490 "-" "WordPress/3.5.1; http://www.satenspr.com"
181.29.138.140 - - [22/May/2013:21:26:00 -0400] "GET /wp-admin/update.php?action=install-plugin&plugin=members&_wpnonce=bc62ecd808 HTTP/1.1" 200 26719 "http://www.satenspr.com/wp-admin/plugin-install.php?tab=search&s=members&plugin-search-input=Search+Plugins" "Mozilla/5.0 (Windows NT 6.1; WOW64) AppleWebKit/537.36 (KHTML, like Gecko) Chrome/29.0.1512.0 Safari/537.36"
181.29.138.140 - - [22/May/2013:21:26:04 -0400] "GET /wp-admin/plugins.php?action=activate&plugin=members%2Fmembers.php&_wpnonce=0ced44df7a HTTP/1.1" 302 5 "http://www.satenspr.com/wp-admin/update.php?action=install-plugin&plugin=members&_wpnonce=bc62ecd808" "Mozilla/5.0 (Windows NT 6.1; WOW64) AppleWebKit/537.36 (KHTML, like Gecko) Chrome/29.0.1512.0 Safari/537.36"
181.29.138.140 - - [22/May/2013:21:26:06 -0400] "GET /wp-admin/plugins.php?activate=true&plugin_status=all&paged=1&s= HTTP/1.1" 200 48551 "http://www.satenspr.com/wp-admin/update.php?action=install-plugin&plugin=members&_wpnonce=bc62ecd808" "Mozilla/5.0 (Windows NT 6.1; WOW64) AppleWebKit/537.36 (KHTML, like Gecko) Chrome/29.0.1512.0 Safari/537.36"
181.29.138.140 - - [22/May/2013:21:26:18 -0400] "GET /wp-admin/plugins.php?plugin_status=active HTTP/1.1" 200 46521 "http://www.satenspr.com/wp-admin/plugins.php?activate=true&plugin_status=all&paged=1&s=" "Mozilla/5.0 (Windows NT 6.1; WOW64) AppleWebKit/537.36 (KHTML, like Gecko) Chrome/29.0.1512.0 Safari/537.36"
181.29.138.140 - - [22/May/2013:21:26:24 -0400] "GET /wp-admin/plugins.php?action=deactivate&plugin=bbpress%2Fbbpress.php&plugin_status=active&paged=1&s&_wpnonce=0b092e199d HTTP/1.1" 302 5 "http://www.satenspr.com/wp-admin/plugins.php?plugin_status=active" "Mozilla/5.0 (Windows NT 6.1; WOW64) AppleWebKit/537.36 (KHTML, like Gecko) Chrome/29.0.1512.0 Safari/537.36"
181.29.138.140 - - [22/May/2013:21:26:25 -0400] "GET /wp-admin/plugins.php?deactivate=true&plugin_status=active&paged=1&s= HTTP/1.1" 200 37204 "http://www.satenspr.com/wp-admin/plugins.php?plugin_status=active" "Mozilla/5.0 (Windows NT 6.1; WOW64) AppleWebKit/537.36 (KHTML, like Gecko) Chrome/29.0.1512.0 Safari/537.36"
181.29.138.140 - - [22/May/2013:21:26:26 -0400] "GET /wp-admin/load-scripts.php?c=1&load%5B%5D=admin-bar,hoverIntent,common,thickbox,plugin-install&ver=3.5.1 HTTP/1.1" 200 9681 "http://www.satenspr.com/wp-admin/plugins.php?deactivate=true&plugin_status=active&paged=1&s=" "Mozilla/5.0 (Windows NT 6.1; WOW64) AppleWebKit/537.36 (KHTML, like Gecko) Chrome/29.0.1512.0 Safari/537.36"
181.29.138.140 - - [22/May/2013:21:26:36 -0400] "GET /wp-admin/update.php?action=upgrade-plugin&plugin=gravityforms%2Fgravityforms.php&_wpnonce=27ee1de56d HTTP/1.1" 200 19418 "http://www.satenspr.com/wp-admin/plugins.php?deactivate=true&plugin_status=active&paged=1&s=" "Mozilla/5.0 (Windows NT 6.1; WOW64) AppleWebKit/537.36 (KHTML, like Gecko) Chrome/29.0.1512.0 Safari/537.36"
181.29.138.140 - - [22/May/2013:21:26:36 -0400] "GET /wp-admin/load-scripts.php?c=1&load%5B%5D=admin-bar,hoverIntent,common&ver=3.5.1 HTTP/1.1" 200 5298 "http://www.satenspr.com/wp-admin/update.php?action=upgrade-plugin&plugin=gravityforms%2Fgravityforms.php&_wpnonce=27ee1de56d" "Mozilla/5.0 (Windows NT 6.1; WOW64) AppleWebKit/537.36 (KHTML, like Gecko) Chrome/29.0.1512.0 Safari/537.36"
181.29.138.140 - - [22/May/2013:21:26:37 -0400] "GET /wp-admin/update.php?action=activate-plugin&networkwide&plugin=gravityforms%2Fgravityforms.php&_wpnonce=70f3e6f800 HTTP/1.1" 302 5 "http://www.satenspr.com/wp-admin/update.php?action=upgrade-plugin&plugin=gravityforms%2Fgravityforms.php&_wpnonce=27ee1de56d" "Mozilla/5.0 (Windows NT 6.1; WOW64) AppleWebKit/537.36 (KHTML, like Gecko) Chrome/29.0.1512.0 Safari/537.36"
181.29.138.140 - - [22/May/2013:21:26:39 -0400] "GET /wp-admin/update.php?action=activate-plugin&success=true&plugin=gravityforms/gravityforms.php&_wpnonce=70f3e6f800 HTTP/1.1" 200 2444 "http://www.satenspr.com/wp-admin/update.php?action=upgrade-plugin&plugin=gravityforms%2Fgravityforms.php&_wpnonce=27ee1de56d" "Mozilla/5.0 (Windows NT 6.1; WOW64) AppleWebKit/537.36 (KHTML, like Gecko) Chrome/29.0.1512.0 Safari/537.36"
181.29.138.140 - - [22/May/2013:21:26:39 -0400] "GET /wp-admin/load-scripts.php?c=1&load%5B%5D=hoverIntent,common&ver=3.5.1 HTTP/1.1" 200 3241 "http://www.satenspr.com/wp-admin/update.php?action=activate-plugin&success=true&plugin=gravityforms/gravityforms.php&_wpnonce=70f3e6f800" "Mozilla/5.0 (Windows NT 6.1; WOW64) AppleWebKit/537.36 (KHTML, like Gecko) Chrome/29.0.1512.0 Safari/537.36"
181.29.138.140 - - [22/May/2013:21:26:40 -0400] "GET /wp-admin/load-styles.php?c=1&dir=ltr&load=wp-admin,buttons&ver=3.5.1 HTTP/1.1" 200 29118 "http://www.satenspr.com/wp-admin/update.php?action=activate-plugin&success=true&plugin=gravityforms/gravityforms.php&_wpnonce=70f3e6f800" "Mozilla/5.0 (Windows NT 6.1; WOW64) AppleWebKit/537.36 (KHTML, like Gecko) Chrome/29.0.1512.0 Safari/537.36"
181.29.138.140 - - [22/May/2013:21:26:43 -0400] "GET /wp-admin/plugins.php HTTP/1.1" 200 39985 "http://www.satenspr.com/wp-admin/update.php?action=upgrade-plugin&plugin=gravityforms%2Fgravityforms.php&_wpnonce=27ee1de56d" "Mozilla/5.0 (Windows NT 6.1; WOW64) AppleWebKit/537.36 (KHTML, like Gecko) Chrome/29.0.1512.0 Safari/537.36"
181.29.138.140 - - [22/May/2013:21:26:48 -0400] "GET /wp-admin/plugins.php?plugin_status=active HTTP/1.1" 200 36231 "http://www.satenspr.com/wp-admin/plugins.php" "Mozilla/5.0 (Windows NT 6.1; WOW64) AppleWebKit/537.36 (KHTML, like Gecko) Chrome/29.0.1512.0 Safari/537.36"
66.116.255.161 - - [22/May/2013:21:27:44 -0400] "POST /wp-cron.php?doing_wp_cron=1369272463.9661500453948974609375 HTTP/1.0" 503 6490 "-" "WordPress/3.5.1; http://www.satenspr.com"
181.29.138.140 - - [22/May/2013:21:27:45 -0400] "GET /wp-content/plugins/gravityforms/css/formreset.css?ver=1.7.4 HTTP/1.1" 200 4902 "http://www.satenspr.com/?page_id=32" "Mozilla/5.0 (Windows NT 6.1; WOW64) AppleWebKit/537.36 (KHTML, like Gecko) Chrome/29.0.1512.0 Safari/537.36"
181.29.138.140 - - [22/May/2013:21:27:45 -0400] "GET /wp-content/plugins/gravityforms/css/datepicker.css?ver=1.7.4 HTTP/1.1" 200 6850 "http://www.satenspr.com/?page_id=32" "Mozilla/5.0 (Windows NT 6.1; WOW64) AppleWebKit/537.36 (KHTML, like Gecko) Chrome/29.0.1512.0 Safari/537.36"
181.29.138.140 - - [22/May/2013:21:27:45 -0400] "GET /wp-content/plugins/gravityforms/css/browsers.css?ver=1.7.4 HTTP/1.1" 200 6811 "http://www.satenspr.com/?page_id=32" "Mozilla/5.0 (Windows NT 6.1; WOW64) AppleWebKit/537.36 (KHTML, like Gecko) Chrome/29.0.1512.0 Safari/537.36"
181.29.138.140 - - [22/May/2013:21:27:45 -0400] "POST /?page_id=32 HTTP/1.1" 200 31937 "http://www.satenspr.com/?page_id=32" "Mozilla/5.0 (Windows NT 6.1; WOW64) AppleWebKit/537.36 (KHTML, like Gecko) Chrome/29.0.1512.0 Safari/537.36"
181.29.138.140 - - [22/May/2013:21:27:46 -0400] "GET /wp-content/plugins/gravityforms/css/readyclass.css?ver=1.7.4 HTTP/1.1" 200 20412 "http://www.satenspr.com/?page_id=32" "Mozilla/5.0 (Windows NT 6.1; WOW64) AppleWebKit/537.36 (KHTML, like Gecko) Chrome/29.0.1512.0 Safari/537.36"
181.29.138.140 - - [22/May/2013:21:27:46 -0400] "GET /wp-content/plugins/gravityforms/css/formsmain.css?ver=1.7.4 HTTP/1.1" 200 51685 "http://www.satenspr.com/?page_id=32" "Mozilla/5.0 (Windows NT 6.1; WOW64) AppleWebKit/537.36 (KHTML, like Gecko) Chrome/29.0.1512.0 Safari/537.36"
181.29.138.140 - - [22/May/2013:21:27:59 -0400] "GET /wp-admin/index.php HTTP/1.1" 200 71586 "http://www.satenspr.com/wp-admin/plugins.php?plugin_status=active" "Mozilla/5.0 (Windows NT 6.1; WOW64) AppleWebKit/537.36 (KHTML, like Gecko) Chrome/29.0.1512.0 Safari/537.36"
181.29.138.140 - - [22/May/2013:21:28:02 -0400] "GET /wp-admin/load-scripts.php?c=1&load%5B%5D=admin-bar,hoverIntent,common,wp-ajax-response,jquery-color,wp-lists,quicktags,jquery-query,admin-comments,jquery-ui-core,jquery-&load%5B%5D=ui-widget,jquery-ui-mouse,jquery-ui-sortable,postbox,dashboard,customize-base,customize-loader,thickbox,plugin-install,underscor&load%5B%5D=e,shortcode,media-upload,backbone,media-models,plupload,plupload-html5,plupload-flash,plupload-silverlight,plupload-html4,wp-plu&load%5B%5D=pload,media-views,media-editor,word-count,jquery-ui-resizable,jquery-ui-draggable,jquery-ui-button,jquery-ui-position,jquery-ui-&load%5B%5D=dialog,wpdialogs,wplink,wpdialogs-popup&ver=3.5.1 HTTP/1.1" 200 118948 "http://www.satenspr.com/wp-admin/index.php" "Mozilla/5.0 (Windows NT 6.1; WOW64) AppleWebKit/537.36 (KHTML, like Gecko) Chrome/29.0.1512.0 Safari/537.36"
181.29.138.140 - - [22/May/2013:21:28:10 -0400] "POST /wp-admin/admin-ajax.php HTTP/1.1" 200 13 "http://www.satenspr.com/wp-admin/index.php" "Mozilla/5.0 (Windows NT 6.1; WOW64) AppleWebKit/537.36 (KHTML, like Gecko) Chrome/29.0.1512.0 Safari/537.36"
181.29.138.140 - - [22/May/2013:21:28:12 -0400] "POST /wp-admin/admin-ajax.php HTTP/1.1" 200 13 "http://www.satenspr.com/wp-admin/index.php" "Mozilla/5.0 (Windows NT 6.1; WOW64) AppleWebKit/537.36 (KHTML, like Gecko) Chrome/29.0.1512.0 Safari/537.36"
181.29.138.140 - - [22/May/2013:21:28:12 -0400] "POST /wp-admin/admin-ajax.php HTTP/1.1" 200 13 "http://www.satenspr.com/wp-admin/index.php" "Mozilla/5.0 (Windows NT 6.1; WOW64) AppleWebKit/537.36 (KHTML, like Gecko) Chrome/29.0.1512.0 Safari/537.36"
181.29.138.140 - - [22/May/2013:21:28:17 -0400] "POST /wp-admin/admin-ajax.php HTTP/1.1" 200 13 "http://www.satenspr.com/wp-admin/index.php" "Mozilla/5.0 (Windows NT 6.1; WOW64) AppleWebKit/537.36 (KHTML, like Gecko) Chrome/29.0.1512.0 Safari/537.36"
181.29.138.140 - - [22/May/2013:21:28:30 -0400] "GET /wp-content/plugins/gravityforms/css/tooltip.css?ver=1.7.4 HTTP/1.1" 200 1210 "http://www.satenspr.com/wp-admin/admin.php?page=gf_entries&view=entries&id=3" "Mozilla/5.0 (Windows NT 6.1; WOW64) AppleWebKit/537.36 (KHTML, like Gecko) Chrome/29.0.1512.0 Safari/537.36"
181.29.138.140 - - [22/May/2013:21:28:30 -0400] "GET /wp-content/plugins/gravityforms/js/qtip_init.js?ver=1.7.4 HTTP/1.1" 200 2965 "http://www.satenspr.com/wp-admin/admin.php?page=gf_entries&view=entries&id=3" "Mozilla/5.0 (Windows NT 6.1; WOW64) AppleWebKit/537.36 (KHTML, like Gecko) Chrome/29.0.1512.0 Safari/537.36"
181.29.138.140 - - [22/May/2013:21:28:30 -0400] "GET /wp-admin/admin.php?page=gf_entries&view=entries&id=3 HTTP/1.1" 200 65291 "http://www.satenspr.com/wp-admin/index.php" "Mozilla/5.0 (Windows NT 6.1; WOW64) AppleWebKit/537.36 (KHTML, like Gecko) Chrome/29.0.1512.0 Safari/537.36"
181.29.138.140 - - [22/May/2013:21:28:30 -0400] "GET /wp-content/plugins/gravityforms/js/jquery.qtip-1.0.0-rc2.min.js?ver=1.7.4 HTTP/1.1" 200 36971 "http://www.satenspr.com/wp-admin/admin.php?page=gf_entries&view=entries&id=3" "Mozilla/5.0 (Windows NT 6.1; WOW64) AppleWebKit/537.36 (KHTML, like Gecko) Chrome/29.0.1512.0 Safari/537.36"
181.29.138.140 - - [22/May/2013:21:28:31 -0400] "GET /wp-includes/js/wp-ajax-response.min.js?ver=3.5.1 HTTP/1.1" 200 2152 "http://www.satenspr.com/wp-admin/admin.php?page=gf_entries&view=entries&id=3" "Mozilla/5.0 (Windows NT 6.1; WOW64) AppleWebKit/537.36 (KHTML, like Gecko) Chrome/29.0.1512.0 Safari/537.36"
181.29.138.140 - - [22/May/2013:21:28:31 -0400] "GET /wp-includes/js/jquery/jquery.color.min.js?ver=2.1.0 HTTP/1.1" 200 9311 "http://www.satenspr.com/wp-admin/admin.php?page=gf_entries&view=entries&id=3" "Mozilla/5.0 (Windows NT 6.1; WOW64) AppleWebKit/537.36 (KHTML, like Gecko) Chrome/29.0.1512.0 Safari/537.36"
181.29.138.140 - - [22/May/2013:21:28:31 -0400] "GET /wp-includes/js/wp-lists.min.js?ver=3.5.1 HTTP/1.1" 200 7724 "http://www.satenspr.com/wp-admin/admin.php?page=gf_entries&view=entries&id=3" "Mozilla/5.0 (Windows NT 6.1; WOW64) AppleWebKit/537.36 (KHTML, like Gecko) Chrome/29.0.1512.0 Safari/537.36"
181.29.138.140 - - [22/May/2013:21:28:31 -0400] "GET /wp-content/plugins/gravityforms/js/jquery.json-1.3.js?ver=1.7.4 HTTP/1.1" 200 4884 "http://www.satenspr.com/wp-admin/admin.php?page=gf_entries&view=entries&id=3" "Mozilla/5.0 (Windows NT 6.1; WOW64) AppleWebKit/537.36 (KHTML, like Gecko) Chrome/29.0.1512.0 Safari/537.36"
181.29.138.140 - - [22/May/2013:21:28:31 -0400] "GET /wp-content/plugins/gravityforms/images/loading.gif HTTP/1.1" 200 1849 "http://www.satenspr.com/wp-admin/admin.php?page=gf_entries&view=entries&id=3" "Mozilla/5.0 (Windows NT 6.1; WOW64) AppleWebKit/537.36 (KHTML, like Gecko) Chrome/29.0.1512.0 Safari/537.36"
181.29.138.140 - - [22/May/2013:21:28:31 -0400] "GET /wp-content/plugins/gravityforms/images/star0.png HTTP/1.1" 200 640 "http://www.satenspr.com/wp-admin/admin.php?page=gf_entries&view=entries&id=3" "Mozilla/5.0 (Windows NT 6.1; WOW64) AppleWebKit/537.36 (KHTML, like Gecko) Chrome/29.0.1512.0 Safari/537.36"
181.29.138.140 - - [22/May/2013:21:28:31 -0400] "GET /wp-content/plugins/gravityforms/images/gf-toolbar-bg.jpg HTTP/1.1" 200 187 "http://www.satenspr.com/wp-admin/admin.php?page=gf_entries&view=entries&id=3" "Mozilla/5.0 (Windows NT 6.1; WOW64) AppleWebKit/537.36 (KHTML, like Gecko) Chrome/29.0.1512.0 Safari/537.36"
181.29.138.140 - - [22/May/2013:21:28:31 -0400] "GET /wp-content/plugins/gravityforms/images/gf-toolbar-iconsprite.png HTTP/1.1" 200 3407 "http://www.satenspr.com/wp-admin/admin.php?page=gf_entries&view=entries&id=3" "Mozilla/5.0 (Windows NT 6.1; WOW64) AppleWebKit/537.36 (KHTML, like Gecko) Chrome/29.0.1512.0 Safari/537.36"
181.29.138.140 - - [22/May/2013:21:28:32 -0400] "GET /wp-content/plugins/gravity-forms-addons/editor-icon.gif HTTP/1.1" 200 1598 "http://www.satenspr.com/wp-admin/admin.php?page=gf_entries&view=entries&id=3" "Mozilla/5.0 (Windows NT 6.1; WOW64) AppleWebKit/537.36 (KHTML, like Gecko) Chrome/29.0.1512.0 Safari/537.36"
181.29.138.140 - - [22/May/2013:21:28:32 -0400] "GET /wp-content/plugins/gravityforms/images/icon-edit-gray.png HTTP/1.1" 200 1244 "http://www.satenspr.com/wp-admin/admin.php?page=gf_entries&view=entries&id=3" "Mozilla/5.0 (Windows NT 6.1; WOW64) AppleWebKit/537.36 (KHTML, like Gecko) Chrome/29.0.1512.0 Safari/537.36"
66.116.255.161 - - [22/May/2013:21:28:59 -0400] "POST /wp-cron.php?doing_wp_cron=1369272539.2177600860595703125000 HTTP/1.0" 503 6490 "-" "WordPress/3.5.1; http://www.satenspr.com"
181.29.138.140 - - [22/May/2013:21:29:00 -0400] "GET /?gf_page=select_columns&id=3& HTTP/1.1" 200 7507 "http://www.satenspr.com/wp-admin/admin.php?page=gf_entries&view=entries&id=3" "Mozilla/5.0 (Windows NT 6.1; WOW64) AppleWebKit/537.36 (KHTML, like Gecko) Chrome/29.0.1512.0 Safari/537.36"
181.29.138.140 - - [22/May/2013:21:29:00 -0400] "GET /wp-includes/js/jquery/ui/jquery.ui.mouse.min.js?ver=1.9.2 HTTP/1.1" 200 2864 "http://www.satenspr.com/?gf_page=select_columns&id=3&" "Mozilla/5.0 (Windows NT 6.1; WOW64) AppleWebKit/537.36 (KHTML, like Gecko) Chrome/29.0.1512.0 Safari/537.36"
181.29.138.140 - - [22/May/2013:21:29:01 -0400] "GET /wp-includes/js/jquery/ui/jquery.ui.sortable.min.js?ver=1.9.2 HTTP/1.1" 200 23582 "http://www.satenspr.com/?gf_page=select_columns&id=3&" "Mozilla/5.0 (Windows NT 6.1; WOW64) AppleWebKit/537.36 (KHTML, like Gecko) Chrome/29.0.1512.0 Safari/537.36"
181.29.138.140 - - [22/May/2013:21:29:02 -0400] "GET /images/arrow-rightleft.jpg HTTP/1.1" 404 540 "http://www.satenspr.com/?gf_page=select_columns&id=3&" "Mozilla/5.0 (Windows NT 6.1; WOW64) AppleWebKit/537.36 (KHTML, like Gecko) Chrome/29.0.1512.0 Safari/537.36"
66.116.255.161 - - [22/May/2013:22:49:25 -0400] "POST /wp-cron.php?doing_wp_cron=1369277364.1131949424743652343750 HTTP/1.0" 503 6490 "-" "WordPress/3.5.1; http://www.satenspr.com"
181.29.138.140 - - [22/May/2013:22:49:25 -0400] "GET /wp-admin/css/colors-fresh.min.css?ver=3.5.1 HTTP/1.1" 304 - "http://www.satenspr.com/wp-login.php?redirect_to=http%3A%2F%2Fsatenspr.com%2Fwp-admin%2F&reauth=1" "Mozilla/5.0 (Windows NT 6.1; WOW64) AppleWebKit/537.36 (KHTML, like Gecko) Chrome/29.0.1512.0 Safari/537.36"
181.29.138.140 - - [22/May/2013:22:49:25 -0400] "GET /wp-content/plugins/members/css/admin.css?ver=20110525 HTTP/1.1" 200 1910 "http://www.satenspr.com/wp-admin/users.php?page=roles" "Mozilla/5.0 (Windows NT 6.1; WOW64) AppleWebKit/537.36 (KHTML, like Gecko) Chrome/29.0.1512.0 Safari/537.36"
181.29.138.140 - - [22/May/2013:22:49:25 -0400] "GET /wp-admin/images/menu-shadow.png HTTP/1.1" 304 - "http://www.satenspr.com/wp-admin/" "Mozilla/5.0 (Windows NT 6.1; WOW64) AppleWebKit/537.36 (KHTML, like Gecko) Chrome/29.0.1512.0 Safari/537.36"
181.29.138.140 - - [22/May/2013:22:49:25 -0400] "GET /wp-admin/images/menu.png?ver=20121105 HTTP/1.1" 304 - "http://www.satenspr.com/wp-admin/" "Mozilla/5.0 (Windows NT 6.1; WOW64) AppleWebKit/537.36 (KHTML, like Gecko) Chrome/29.0.1512.0 Safari/537.36"
181.29.138.140 - - [22/May/2013:22:49:25 -0400] "GET /wp-admin/users.php?page=roles HTTP/1.1" 200 41075 "http://www.satenspr.com/wp-admin/admin.php?page=gf_entries&view=entries&id=3" "Mozilla/5.0 (Windows NT 6.1; WOW64) AppleWebKit/537.36 (KHTML, like Gecko) Chrome/29.0.1512.0 Safari/537.36"
181.29.138.140 - - [22/May/2013:22:49:26 -0400] "GET /wp-admin/images/icons32.png?ver=20121105 HTTP/1.1" 304 - "http://www.satenspr.com/wp-admin/" "Mozilla/5.0 (Windows NT 6.1; WOW64) AppleWebKit/537.36 (KHTML, like Gecko) Chrome/29.0.1512.0 Safari/537.36"
181.29.138.140 - - [22/May/2013:22:49:26 -0400] "GET /wp-content/plugins/dp-maintenance-mode-lite/images/dpMaintenance_icon.gif HTTP/1.1" 304 - "http://www.satenspr.com/wp-admin/" "Mozilla/5.0 (Windows NT 6.1; WOW64) AppleWebKit/537.36 (KHTML, like Gecko) Chrome/29.0.1512.0 Safari/537.36"
181.29.138.140 - - [22/May/2013:22:49:26 -0400] "GET /wp-content/plugins/members/js/admin.js?ver=20110525 HTTP/1.1" 200 575 "http://www.satenspr.com/wp-admin/users.php?page=roles" "Mozilla/5.0 (Windows NT 6.1; WOW64) AppleWebKit/537.36 (KHTML, like Gecko) Chrome/29.0.1512.0 Safari/537.36"
181.29.138.140 - - [22/May/2013:22:49:26 -0400] "GET /wp-admin/images/arrows.png HTTP/1.1" 304 - "http://www.satenspr.com/wp-admin/" "Mozilla/5.0 (Windows NT 6.1; WOW64) AppleWebKit/537.36 (KHTML, like Gecko) Chrome/29.0.1512.0 Safari/537.36"
66.116.255.161 - - [22/May/2013:22:51:16 -0400] "POST /wp-cron.php?doing_wp_cron=1369277475.3570489883422851562500 HTTP/1.0" 503 6490 "-" "WordPress/3.5.1; http://www.satenspr.com"
181.29.138.140 - - [22/May/2013:22:51:17 -0400] "POST /wp-admin/users.php?page=roles HTTP/1.1" 200 34248 "http://www.satenspr.com/wp-admin/users.php?page=roles" "Mozilla/5.0 (Windows NT 6.1; WOW64) AppleWebKit/537.36 (KHTML, like Gecko) Chrome/29.0.1512.0 Safari/537.36"
181.29.138.140 - - [22/May/2013:22:51:28 -0400] "GET /wp-admin/edit.php?post_type=page HTTP/1.1" 200 83735 "http://www.satenspr.com/wp-admin/users.php?page=roles" "Mozilla/5.0 (Windows NT 6.1; WOW64) AppleWebKit/537.36 (KHTML, like Gecko) Chrome/29.0.1512.0 Safari/537.36"
66.116.255.161 - - [22/May/2013:23:23:51 -0400] "POST /wp-cron.php?doing_wp_cron=1369279431.0934469699859619140625 HTTP/1.0" 503 6490 "-" "WordPress/3.5.1; http://www.satenspr.com"
181.29.138.140 - - [22/May/2013:23:23:52 -0400] "GET /wp-includes/js/thickbox/thickbox.css?ver=20121105 HTTP/1.1" 304 - "http://www.satenspr.com/wp-admin/" "Mozilla/5.0 (Windows NT 6.1; WOW64) AppleWebKit/537.36 (KHTML, like Gecko) Chrome/29.0.1512.0 Safari/537.36"
181.29.138.140 - - [22/May/2013:23:23:53 -0400] "GET /wp-admin/plugins.php HTTP/1.1" 200 39969 "http://www.satenspr.com/wp-admin/edit.php?post_type=page" "Mozilla/5.0 (Windows NT 6.1; WOW64) AppleWebKit/537.36 (KHTML, like Gecko) Chrome/29.0.1512.0 Safari/537.36"
181.29.138.140 - - [22/May/2013:23:23:53 -0400] "GET /wp-includes/js/thickbox/loadingAnimation.gif HTTP/1.1" 304 - "http://www.satenspr.com/wp-admin/" "Mozilla/5.0 (Windows NT 6.1; WOW64) AppleWebKit/537.36 (KHTML, like Gecko) Chrome/29.0.1512.0 Safari/537.36"
181.29.138.140 - - [22/May/2013:23:23:57 -0400] "GET /wp-admin/plugins.php?plugin_status=active HTTP/1.1" 200 36226 "http://www.satenspr.com/wp-admin/plugins.php" "Mozilla/5.0 (Windows NT 6.1; WOW64) AppleWebKit/537.36 (KHTML, like Gecko) Chrome/29.0.1512.0 Safari/537.36"
66.116.255.161 - - [22/May/2013:23:39:35 -0400] "POST /wp-cron.php?doing_wp_cron=1369280374.6202950477600097656250 HTTP/1.0" 503 6490 "-" "WordPress/3.5.1; http://www.satenspr.com"
181.29.138.140 - - [22/May/2013:23:39:35 -0400] "GET /?page_id=105 HTTP/1.1" 200 17994 "http://www.satenspr.com/?page_id=32" "Mozilla/5.0 (Windows NT 6.1; WOW64) AppleWebKit/537.36 (KHTML, like Gecko) Chrome/29.0.1512.0 Safari/537.36"
181.29.138.140 - - [22/May/2013:23:39:36 -0400] "GET /wp-includes/images/admin-bar-sprite.png?d=20120830 HTTP/1.1" 304 - "http://www.satenspr.com/" "Mozilla/5.0 (Windows NT 6.1; WOW64) AppleWebKit/537.36 (KHTML, like Gecko) Chrome/29.0.1512.0 Safari/537.36"
66.116.255.161 - - [22/May/2013:23:42:36 -0400] "POST /wp-cron.php?doing_wp_cron=1369280555.6098299026489257812500 HTTP/1.0" 503 6490 "-" "WordPress/3.5.1; http://www.satenspr.com"
181.29.138.140 - - [22/May/2013:23:42:36 -0400] "GET /?page_id=106 HTTP/1.1" 200 17985 "http://www.satenspr.com/?page_id=105" "Mozilla/5.0 (Windows NT 6.1; WOW64) AppleWebKit/537.36 (KHTML, like Gecko) Chrome/29.0.1512.0 Safari/537.36"
66.116.255.161 - - [22/May/2013:23:51:35 -0400] "POST /wp-cron.php?doing_wp_cron=1369281094.6950550079345703125000 HTTP/1.0" 503 6490 "-" "WordPress/3.5.1; http://www.satenspr.com"
181.29.138.140 - - [22/May/2013:23:51:36 -0400] "GET /wp-admin/edit.php?post_type=page HTTP/1.1" 200 83712 "http://www.satenspr.com/wp-admin/plugins.php?plugin_status=active" "Mozilla/5.0 (Windows NT 6.1; WOW64) AppleWebKit/537.36 (KHTML, like Gecko) Chrome/29.0.1512.0 Safari/537.36"
181.29.138.140 - - [22/May/2013:23:52:21 -0400] "GET /wp-admin/edit.php?s=&post_status=all&post_type=page&_wpnonce=130f462366&_wp_http_referer=%2Fwp-admin%2Fedit.php%3Fpost_type%3Dpage&action=trash&m=0&paged=1&post%5B%5D=75&post%5B%5D=114&post%5B%5D=87&post%5B%5D=91&post%5B%5D=129&post%5B%5D=130&post%5B%5D=131&post%5B%5D=32&post%5B%5D=118&post%5B%5D=119&post%5B%5D=121&post%5B%5D=122&post%5B%5D=123&post%5B%5D=124&post%5B%5D=125&post%5B%5D=128&post%5B%5D=64&action2=-1 HTTP/1.1" 302 5 "http://www.satenspr.com/wp-admin/edit.php?post_type=page" "Mozilla/5.0 (Windows NT 6.1; WOW64) AppleWebKit/537.36 (KHTML, like Gecko) Chrome/29.0.1512.0 Safari/537.36"
181.29.138.140 - - [22/May/2013:23:52:23 -0400] "GET /wp-admin/edit.php?post_type=page&paged=1&trashed=17&ids=75%2C114%2C87%2C91%2C129%2C130%2C131%2C32%2C118%2C119%2C121%2C122%2C123%2C124%2C125%2C128%2C64 HTTP/1.1" 200 70346 "http://www.satenspr.com/wp-admin/edit.php?post_type=page" "Mozilla/5.0 (Windows NT 6.1; WOW64) AppleWebKit/537.36 (KHTML, like Gecko) Chrome/29.0.1512.0 Safari/537.36"
181.29.138.140 - - [22/May/2013:23:52:30 -0400] "GET /wp-admin/edit.php?post_status=publish&post_type=page HTTP/1.1" 200 66628 "http://www.satenspr.com/wp-admin/edit.php?post_type=page&paged=1&trashed=17&ids=75%2C114%2C87%2C91%2C129%2C130%2C131%2C32%2C118%2C119%2C121%2C122%2C123%2C124%2C125%2C128%2C64" "Mozilla/5.0 (Windows NT 6.1; WOW64) AppleWebKit/537.36 (KHTML, like Gecko) Chrome/29.0.1512.0 Safari/537.36"
66.116.255.161 - - [22/May/2013:23:52:56 -0400] "POST /wp-cron.php?doing_wp_cron=1369281175.6938641071319580078125 HTTP/1.0" 503 6490 "-" "WordPress/3.5.1; http://www.satenspr.com"
181.29.138.140 - - [22/May/2013:23:52:56 -0400] "GET / HTTP/1.1" 200 19225 "-" "Mozilla/5.0 (Windows NT 6.1; WOW64) AppleWebKit/537.36 (KHTML, like Gecko) Chrome/29.0.1512.0 Safari/537.36"
181.29.138.140 - - [22/May/2013:23:53:03 -0400] "GET /wp-content/themes/satens-theme/style.css?ver=3.5.1 HTTP/1.1" 304 - "http://www.satenspr.com/" "Mozilla/5.0 (Windows NT 6.1; WOW64) AppleWebKit/537.36 (KHTML, like Gecko) Chrome/29.0.1512.0 Safari/537.36"
181.29.138.140 - - [22/May/2013:23:53:03 -0400] "GET /wp-includes/css/admin-bar.min.css?ver=3.5.1 HTTP/1.1" 304 - "http://www.satenspr.com/" "Mozilla/5.0 (Windows NT 6.1; WOW64) AppleWebKit/537.36 (KHTML, like Gecko) Chrome/29.0.1512.0 Safari/537.36"
181.29.138.140 - - [22/May/2013:23:53:03 -0400] "GET /wp-content/plugins/wp-ui/wp-ui.css?ver=3.5.1 HTTP/1.1" 304 - "http://www.satenspr.com/" "Mozilla/5.0 (Windows NT 6.1; WOW64) AppleWebKit/537.36 (KHTML, like Gecko) Chrome/29.0.1512.0 Safari/537.36"
181.29.138.140 - - [22/May/2013:23:53:03 -0400] "GET /wp-content/plugins/wp-ui/css/wpui-light.css?ver=3.5.1 HTTP/1.1" 304 - "http://www.satenspr.com/" "Mozilla/5.0 (Windows NT 6.1; WOW64) AppleWebKit/537.36 (KHTML, like Gecko) Chrome/29.0.1512.0 Safari/537.36"
181.29.138.140 - - [22/May/2013:23:53:03 -0400] "GET / HTTP/1.1" 200 19226 "-" "Mozilla/5.0 (Windows NT 6.1; WOW64) AppleWebKit/537.36 (KHTML, like Gecko) Chrome/29.0.1512.0 Safari/537.36"
