181.29.138.140 - - [23/May/2013:00:36:49 -0400] "GET /wp-login.php?redirect_to=http%3A%2F%2Fsatenspr.com%2Fwp-admin%2F&reauth=1 HTTP/1.1" 200 2250 "-" "Mozilla/5.0 (Windows NT 6.1; WOW64) AppleWebKit/537.36 (KHTML, like Gecko) Chrome/29.0.1512.0 Safari/537.36"
181.29.138.140 - - [23/May/2013:00:36:49 -0400] "GET /wp-admin/css/wp-admin.min.css?ver=3.5.1 HTTP/1.1" 304 - "http://www.satenspr.com/wp-login.php" "Mozilla/5.0 (Windows NT 6.1; WOW64) AppleWebKit/537.36 (KHTML, like Gecko) Chrome/29.0.1512.0 Safari/537.36"
181.29.138.140 - - [23/May/2013:00:36:49 -0400] "GET /wp-includes/css/buttons.min.css?ver=3.5.1 HTTP/1.1" 304 - "http://www.satenspr.com/wp-login.php" "Mozilla/5.0 (Windows NT 6.1; WOW64) AppleWebKit/537.36 (KHTML, like Gecko) Chrome/29.0.1512.0 Safari/537.36"
181.29.138.140 - - [23/May/2013:00:36:49 -0400] "GET /wp-admin/css/colors-fresh.min.css?ver=3.5.1 HTTP/1.1" 304 - "http://www.satenspr.com/wp-login.php" "Mozilla/5.0 (Windows NT 6.1; WOW64) AppleWebKit/537.36 (KHTML, like Gecko) Chrome/29.0.1512.0 Safari/537.36"
70.45.29.128 - - [23/May/2013:00:36:53 -0400] "POST /wp-admin/admin-ajax.php HTTP/1.1" 200 31 "http://www.satenspr.com/wp-admin/admin.php?page=gf_edit_forms&id=7" "Mozilla/5.0 (Macintosh; Intel Mac OS X 10_7_5) AppleWebKit/537.31 (KHTML, like Gecko) Chrome/26.0.1410.65 Safari/537.31"
181.29.138.140 - - [23/May/2013:00:36:55 -0400] "GET / HTTP/1.1" 200 7995 "-" "Mozilla/5.0 (Windows NT 6.1; WOW64) AppleWebKit/537.36 (KHTML, like Gecko) Chrome/29.0.1512.0 Safari/537.36"
70.45.29.128 - - [23/May/2013:00:36:56 -0400] "POST /wp-admin/admin-ajax.php HTTP/1.1" 200 31 "http://www.satenspr.com/wp-admin/admin.php?page=gf_edit_forms&id=7" "Mozilla/5.0 (Macintosh; Intel Mac OS X 10_7_5) AppleWebKit/537.31 (KHTML, like Gecko) Chrome/26.0.1410.65 Safari/537.31"
181.29.138.140 - - [23/May/2013:00:36:58 -0400] "GET / HTTP/1.1" 200 7995 "-" "Mozilla/5.0 (Windows NT 6.1; WOW64) AppleWebKit/537.36 (KHTML, like Gecko) Chrome/29.0.1512.0 Safari/537.36"
181.29.138.140 - - [23/May/2013:00:36:58 -0400] "GET / HTTP/1.1" 200 7995 "-" "Mozilla/5.0 (Windows NT 6.1; WOW64) AppleWebKit/537.36 (KHTML, like Gecko) Chrome/29.0.1512.0 Safari/537.36"
181.29.138.140 - - [23/May/2013:00:36:58 -0400] "GET / HTTP/1.1" 200 7984 "-" "Mozilla/5.0 (Windows NT 6.1; WOW64) AppleWebKit/537.36 (KHTML, like Gecko) Chrome/29.0.1512.0 Safari/537.36"
181.29.138.140 - - [23/May/2013:00:36:58 -0400] "GET / HTTP/1.1" 200 7995 "-" "Mozilla/5.0 (Windows NT 6.1; WOW64) AppleWebKit/537.36 (KHTML, like Gecko) Chrome/29.0.1512.0 Safari/537.36"
181.29.138.140 - - [23/May/2013:00:36:59 -0400] "GET /wp-content/themes/satens-theme/style.css?ver=3.5.1 HTTP/1.1" 304 - "http://www.satenspr.com/" "Mozilla/5.0 (Windows NT 6.1; WOW64) AppleWebKit/537.36 (KHTML, like Gecko) Chrome/29.0.1512.0 Safari/537.36"
181.29.138.140 - - [23/May/2013:00:36:59 -0400] "GET /wp-content/plugins/wp-ui/wp-ui.css?ver=3.5.1 HTTP/1.1" 304 - "http://www.satenspr.com/" "Mozilla/5.0 (Windows NT 6.1; WOW64) AppleWebKit/537.36 (KHTML, like Gecko) Chrome/29.0.1512.0 Safari/537.36"
181.29.138.140 - - [23/May/2013:00:36:59 -0400] "GET /wp-content/plugins/wp-ui/css/wpui-light.css?ver=3.5.1 HTTP/1.1" 304 - "http://www.satenspr.com/" "Mozilla/5.0 (Windows NT 6.1; WOW64) AppleWebKit/537.36 (KHTML, like Gecko) Chrome/29.0.1512.0 Safari/537.36"
181.29.138.140 - - [23/May/2013:00:36:59 -0400] "GET /wp-includes/js/jquery/jquery.js?ver=1.8.3 HTTP/1.1" 304 - "http://www.satenspr.com/" "Mozilla/5.0 (Windows NT 6.1; WOW64) AppleWebKit/537.36 (KHTML, like Gecko) Chrome/29.0.1512.0 Safari/537.36"
181.29.138.140 - - [23/May/2013:00:36:59 -0400] "GET /wp-content/plugins/wp-ui/js/wp-ui.js?ver=0.8.5 HTTP/1.1" 304 - "http://www.satenspr.com/" "Mozilla/5.0 (Windows NT 6.1; WOW64) AppleWebKit/537.36 (KHTML, like Gecko) Chrome/29.0.1512.0 Safari/537.36"
181.29.138.140 - - [23/May/2013:00:36:59 -0400] "GET /wp-content/themes/twentytwelve/js/navigation.js?ver=1.0 HTTP/1.1" 304 - "http://www.satenspr.com/" "Mozilla/5.0 (Windows NT 6.1; WOW64) AppleWebKit/537.36 (KHTML, like Gecko) Chrome/29.0.1512.0 Safari/537.36"
181.29.138.140 - - [23/May/2013:00:36:59 -0400] "GET /wp-content/themes/twentytwelve/style.css HTTP/1.1" 304 - "http://www.satenspr.com/" "Mozilla/5.0 (Windows NT 6.1; WOW64) AppleWebKit/537.36 (KHTML, like Gecko) Chrome/29.0.1512.0 Safari/537.36"
181.29.138.140 - - [23/May/2013:00:37:00 -0400] "GET /wp-content/plugins/wp-ui/css/css.php?styles=wpui-light%7Cwpui-blue%7Cwpui-red%7Cwpui-green%7Cwpui-dark%7Cwpui-quark%7Cwpui-alma%7Cwpui-macish%7Cwpui-redmond%7Cwpui-sevin&ver=3.5.1 HTTP/1.1" 200 128491 "http://www.satenspr.com/" "Mozilla/5.0 (Windows NT 6.1; WOW64) AppleWebKit/537.36 (KHTML, like Gecko) Chrome/29.0.1512.0 Safari/537.36"
70.45.29.128 - - [23/May/2013:00:37:01 -0400] "POST /wp-admin/admin-ajax.php HTTP/1.1" 200 31 "http://www.satenspr.com/wp-admin/admin.php?page=gf_edit_forms&id=7" "Mozilla/5.0 (Macintosh; Intel Mac OS X 10_7_5) AppleWebKit/537.31 (KHTML, like Gecko) Chrome/26.0.1410.65 Safari/537.31"
181.29.138.140 - - [23/May/2013:00:37:01 -0400] "GET /wp-content/uploads/2013/04/headerlogo.png HTTP/1.1" 304 - "http://www.satenspr.com/" "Mozilla/5.0 (Windows NT 6.1; WOW64) AppleWebKit/537.36 (KHTML, like Gecko) Chrome/29.0.1512.0 Safari/537.36"
181.29.138.140 - - [23/May/2013:00:37:03 -0400] "GET /wp-login.php HTTP/1.1" 200 2254 "http://www.satenspr.com/" "Mozilla/5.0 (Windows NT 6.1; WOW64) AppleWebKit/537.36 (KHTML, like Gecko) Chrome/29.0.1512.0 Safari/537.36"
70.45.29.128 - - [23/May/2013:00:37:04 -0400] "POST /wp-admin/admin-ajax.php HTTP/1.1" 200 30 "http://www.satenspr.com/wp-admin/admin.php?page=gf_edit_forms&id=7" "Mozilla/5.0 (Macintosh; Intel Mac OS X 10_7_5) AppleWebKit/537.31 (KHTML, like Gecko) Chrome/26.0.1410.65 Safari/537.31"
181.29.138.140 - - [23/May/2013:00:37:09 -0400] "POST /wp-login.php HTTP/1.1" 403 56 "http://www.satenspr.com/wp-login.php" "Mozilla/5.0 (Windows NT 6.1; WOW64) AppleWebKit/537.36 (KHTML, like Gecko) Chrome/29.0.1512.0 Safari/537.36"
70.45.29.128 - - [23/May/2013:00:37:09 -0400] "POST /wp-admin/admin-ajax.php HTTP/1.1" 200 31 "http://www.satenspr.com/wp-admin/admin.php?page=gf_edit_forms&id=7" "Mozilla/5.0 (Macintosh; Intel Mac OS X 10_7_5) AppleWebKit/537.31 (KHTML, like Gecko) Chrome/26.0.1410.65 Safari/537.31"
181.29.138.140 - - [23/May/2013:00:37:12 -0400] "POST /wp-login.php HTTP/1.1" 403 56 "http://www.satenspr.com/wp-login.php" "Mozilla/5.0 (Windows NT 6.1; WOW64) AppleWebKit/537.36 (KHTML, like Gecko) Chrome/29.0.1512.0 Safari/537.36"
70.45.29.128 - - [23/May/2013:00:37:14 -0400] "POST /wp-admin/admin-ajax.php HTTP/1.1" 200 31 "http://www.satenspr.com/wp-admin/admin.php?page=gf_edit_forms&id=7" "Mozilla/5.0 (Macintosh; Intel Mac OS X 10_7_5) AppleWebKit/537.31 (KHTML, like Gecko) Chrome/26.0.1410.65 Safari/537.31"
181.29.138.140 - - [23/May/2013:00:37:18 -0400] "GET / HTTP/1.1" 200 7995 "http://www.satenspr.com/wp-login.php" "Mozilla/5.0 (Windows NT 6.1; WOW64) AppleWebKit/537.36 (KHTML, like Gecko) Chrome/29.0.1512.0 Safari/537.36"
70.45.29.128 - - [23/May/2013:00:37:20 -0400] "POST /wp-admin/admin-ajax.php HTTP/1.1" 200 31 "http://www.satenspr.com/wp-admin/admin.php?page=gf_edit_forms&id=7" "Mozilla/5.0 (Macintosh; Intel Mac OS X 10_7_5) AppleWebKit/537.31 (KHTML, like Gecko) Chrome/26.0.1410.65 Safari/537.31"
181.29.138.140 - - [23/May/2013:00:37:21 -0400] "GET /registro-de-estudiantes/ HTTP/1.1" 200 13515 "http://www.satenspr.com/" "Mozilla/5.0 (Windows NT 6.1; WOW64) AppleWebKit/537.36 (KHTML, like Gecko) Chrome/29.0.1512.0 Safari/537.36"
181.29.138.140 - - [23/May/2013:00:37:21 -0400] "GET /wp-content/plugins/gravity-forms-addons/colorbox/example3/colorbox.css?ver=3.5.1 HTTP/1.1" 200 2195 "http://www.satenspr.com/registro-de-estudiantes/" "Mozilla/5.0 (Windows NT 6.1; WOW64) AppleWebKit/537.36 (KHTML, like Gecko) Chrome/29.0.1512.0 Safari/537.36"
181.29.138.140 - - [23/May/2013:00:37:21 -0400] "GET /wp-content/plugins/gravity-forms-addons/colorbox/js/jquery.colorbox-min.js?ver=3.5.1 HTTP/1.1" 200 9763 "http://www.satenspr.com/registro-de-estudiantes/" "Mozilla/5.0 (Windows NT 6.1; WOW64) AppleWebKit/537.36 (KHTML, like Gecko) Chrome/29.0.1512.0 Safari/537.36"
181.29.138.140 - - [23/May/2013:00:37:22 -0400] "GET /wp-content/plugins/gravity-forms-addons/colorbox/example3/images/loading.gif HTTP/1.1" 200 9427 "http://www.satenspr.com/registro-de-estudiantes/" "Mozilla/5.0 (Windows NT 6.1; WOW64) AppleWebKit/537.36 (KHTML, like Gecko) Chrome/29.0.1512.0 Safari/537.36"
181.29.138.140 - - [23/May/2013:00:37:22 -0400] "GET /wp-content/plugins/gravity-forms-addons/colorbox/example3/images/controls.png HTTP/1.1" 200 1633 "http://www.satenspr.com/registro-de-estudiantes/" "Mozilla/5.0 (Windows NT 6.1; WOW64) AppleWebKit/537.36 (KHTML, like Gecko) Chrome/29.0.1512.0 Safari/537.36"
70.45.29.128 - - [23/May/2013:00:37:24 -0400] "POST /wp-admin/admin-ajax.php HTTP/1.1" 200 31 "http://www.satenspr.com/wp-admin/admin.php?page=gf_edit_forms&id=7" "Mozilla/5.0 (Macintosh; Intel Mac OS X 10_7_5) AppleWebKit/537.31 (KHTML, like Gecko) Chrome/26.0.1410.65 Safari/537.31"
181.29.138.140 - - [23/May/2013:00:37:27 -0400] "GET /registro-de-estudiantes/entry/7/6/ HTTP/1.1" 404 6481 "http://www.satenspr.com/registro-de-estudiantes/" "Mozilla/5.0 (Windows NT 6.1; WOW64) AppleWebKit/537.36 (KHTML, like Gecko) Chrome/29.0.1512.0 Safari/537.36"
70.45.29.128 - - [23/May/2013:00:37:29 -0400] "POST /wp-admin/admin-ajax.php HTTP/1.1" 200 31 "http://www.satenspr.com/wp-admin/admin.php?page=gf_edit_forms&id=7" "Mozilla/5.0 (Macintosh; Intel Mac OS X 10_7_5) AppleWebKit/537.31 (KHTML, like Gecko) Chrome/26.0.1410.65 Safari/537.31"
70.45.29.128 - - [23/May/2013:00:37:34 -0400] "POST /wp-admin/admin-ajax.php HTTP/1.1" 200 31 "http://www.satenspr.com/wp-admin/admin.php?page=gf_edit_forms&id=7" "Mozilla/5.0 (Macintosh; Intel Mac OS X 10_7_5) AppleWebKit/537.31 (KHTML, like Gecko) Chrome/26.0.1410.65 Safari/537.31"
181.29.138.140 - - [23/May/2013:00:37:39 -0400] "GET /registro-de-estudiantes/entry/7/7/ HTTP/1.1" 404 13337 "http://www.satenspr.com/registro-de-estudiantes/" "Mozilla/5.0 (Windows NT 6.1; WOW64) AppleWebKit/537.36 (KHTML, like Gecko) Chrome/29.0.1512.0 Safari/537.36"
70.45.29.128 - - [23/May/2013:00:37:43 -0400] "POST /wp-admin/admin-ajax.php HTTP/1.1" 200 31 "http://www.satenspr.com/wp-admin/admin.php?page=gf_edit_forms&id=7" "Mozilla/5.0 (Macintosh; Intel Mac OS X 10_7_5) AppleWebKit/537.31 (KHTML, like Gecko) Chrome/26.0.1410.65 Safari/537.31"
181.29.138.140 - - [23/May/2013:00:37:54 -0400] "GET /wp-content/plugins/gravityforms/css/tooltip.css?ver=1.7.4 HTTP/1.1" 304 - "http://www.satenspr.com/wp-admin/admin.php?page=gf_settings&addon=Directory+%26+Addons" "Mozilla/5.0 (Windows NT 6.1; WOW64) AppleWebKit/537.36 (KHTML, like Gecko) Chrome/29.0.1512.0 Safari/537.36"
181.29.138.140 - - [23/May/2013:00:37:55 -0400] "GET /wp-content/plugins/gravityforms/js/jquery.qtip-1.0.0-rc2.min.js?ver=1.7.4 HTTP/1.1" 304 - "http://www.satenspr.com/wp-admin/admin.php?page=gf_settings&addon=Directory+%26+Addons" "Mozilla/5.0 (Windows NT 6.1; WOW64) AppleWebKit/537.36 (KHTML, like Gecko) Chrome/29.0.1512.0 Safari/537.36"
181.29.138.140 - - [23/May/2013:00:37:55 -0400] "GET /wp-content/plugins/gravityforms/js/qtip_init.js?ver=1.7.4 HTTP/1.1" 304 - "http://www.satenspr.com/wp-admin/admin.php?page=gf_settings&addon=Directory+%26+Addons" "Mozilla/5.0 (Windows NT 6.1; WOW64) AppleWebKit/537.36 (KHTML, like Gecko) Chrome/29.0.1512.0 Safari/537.36"
181.29.138.140 - - [23/May/2013:00:37:55 -0400] "GET /wp-admin/admin.php?page=gf_settings&addon=Directory+%26+Addons HTTP/1.1" 200 66403 "http://www.satenspr.com/wp-admin/users.php?page=roles&action=edit&role=consejero" "Mozilla/5.0 (Windows NT 6.1; WOW64) AppleWebKit/537.36 (KHTML, like Gecko) Chrome/29.0.1512.0 Safari/537.36"
181.29.138.140 - - [23/May/2013:00:37:55 -0400] "GET /wp-content/plugins/gravityforms/images/doctypes/icon_image.gif HTTP/1.1" 304 - "http://www.satenspr.com/wp-admin/post.php?post=105&action=edit" "Mozilla/5.0 (Windows NT 6.1; WOW64) AppleWebKit/537.36 (KHTML, like Gecko) Chrome/29.0.1512.0 Safari/537.36"
70.45.29.128 - - [23/May/2013:00:37:56 -0400] "POST /wp-admin/admin.php?page=gf_edit_forms&id=7 HTTP/1.1" 200 268858 "http://www.satenspr.com/wp-admin/admin.php?page=gf_edit_forms&id=7" "Mozilla/5.0 (Macintosh; Intel Mac OS X 10_7_5) AppleWebKit/537.31 (KHTML, like Gecko) Chrome/26.0.1410.65 Safari/537.31"
181.29.138.140 - - [23/May/2013:00:37:56 -0400] "GET /wp-content/plugins/gravityforms/css/admin.css?ver=3.5.1 HTTP/1.1" 200 89062 "http://www.satenspr.com/wp-admin/admin.php?page=gf_settings&addon=Directory+%26+Addons" "Mozilla/5.0 (Windows NT 6.1; WOW64) AppleWebKit/537.36 (KHTML, like Gecko) Chrome/29.0.1512.0 Safari/537.36"
181.29.138.140 - - [23/May/2013:00:37:57 -0400] "GET /wp-content/plugins/gravityforms/images/gf-tab-container-bg.png HTTP/1.1" 200 957 "http://www.satenspr.com/wp-admin/admin.php?page=gf_settings&addon=Directory+%26+Addons" "Mozilla/5.0 (Windows NT 6.1; WOW64) AppleWebKit/537.36 (KHTML, like Gecko) Chrome/29.0.1512.0 Safari/537.36"
181.29.138.140 - - [23/May/2013:00:37:57 -0400] "GET /wp-content/plugins/gravityforms/images/gravity-edit-icon-32.png HTTP/1.1" 200 2052 "http://www.satenspr.com/wp-admin/admin.php?page=gf_settings&addon=Directory+%26+Addons" "Mozilla/5.0 (Windows NT 6.1; WOW64) AppleWebKit/537.36 (KHTML, like Gecko) Chrome/29.0.1512.0 Safari/537.36"
181.29.138.140 - - [23/May/2013:00:37:57 -0400] "GET /wp-content/plugins/gravityforms/images/top-highlight.png HTTP/1.1" 200 110 "http://www.satenspr.com/wp-admin/admin.php?page=gf_settings&addon=Directory+%26+Addons" "Mozilla/5.0 (Windows NT 6.1; WOW64) AppleWebKit/537.36 (KHTML, like Gecko) Chrome/29.0.1512.0 Safari/537.36"
70.45.29.128 - - [23/May/2013:00:38:04 -0400] "GET /wp-admin/admin.php?page=gf_edit_forms HTTP/1.1" 200 58266 "http://www.satenspr.com/wp-admin/admin.php?page=gf_edit_forms&id=7" "Mozilla/5.0 (Macintosh; Intel Mac OS X 10_7_5) AppleWebKit/537.31 (KHTML, like Gecko) Chrome/26.0.1410.65 Safari/537.31"
70.45.29.128 - - [23/May/2013:00:38:09 -0400] "GET /wp-admin/admin.php?page=gf_edit_forms&id=8 HTTP/1.1" 200 340256 "http://www.satenspr.com/wp-admin/admin.php?page=gf_edit_forms" "Mozilla/5.0 (Macintosh; Intel Mac OS X 10_7_5) AppleWebKit/537.31 (KHTML, like Gecko) Chrome/26.0.1410.65 Safari/537.31"
70.45.29.128 - - [23/May/2013:00:38:19 -0400] "GET /wp-admin/admin.php?page=gf_edit_forms&id=8 HTTP/1.1" 200 340284 "http://www.satenspr.com/wp-admin/admin.php?page=gf_edit_forms" "Mozilla/5.0 (Macintosh; Intel Mac OS X 10_7_5) AppleWebKit/537.31 (KHTML, like Gecko) Chrome/26.0.1410.65 Safari/537.31"
70.45.29.128 - - [23/May/2013:00:38:24 -0400] "POST /wp-admin/admin-ajax.php HTTP/1.1" 200 31 "http://www.satenspr.com/wp-admin/admin.php?page=gf_edit_forms&id=8" "Mozilla/5.0 (Macintosh; Intel Mac OS X 10_7_5) AppleWebKit/537.31 (KHTML, like Gecko) Chrome/26.0.1410.65 Safari/537.31"
70.45.29.128 - - [23/May/2013:00:38:29 -0400] "POST /wp-admin/admin-ajax.php HTTP/1.1" 200 30 "http://www.satenspr.com/wp-admin/admin.php?page=gf_edit_forms&id=8" "Mozilla/5.0 (Macintosh; Intel Mac OS X 10_7_5) AppleWebKit/537.31 (KHTML, like Gecko) Chrome/26.0.1410.65 Safari/537.31"
70.45.29.128 - - [23/May/2013:00:38:33 -0400] "POST /wp-admin/admin-ajax.php HTTP/1.1" 200 30 "http://www.satenspr.com/wp-admin/admin.php?page=gf_edit_forms&id=8" "Mozilla/5.0 (Macintosh; Intel Mac OS X 10_7_5) AppleWebKit/537.31 (KHTML, like Gecko) Chrome/26.0.1410.65 Safari/537.31"
70.45.29.128 - - [23/May/2013:00:38:37 -0400] "POST /wp-admin/admin-ajax.php HTTP/1.1" 200 30 "http://www.satenspr.com/wp-admin/admin.php?page=gf_edit_forms&id=8" "Mozilla/5.0 (Macintosh; Intel Mac OS X 10_7_5) AppleWebKit/537.31 (KHTML, like Gecko) Chrome/26.0.1410.65 Safari/537.31"
70.45.29.128 - - [23/May/2013:00:38:42 -0400] "POST /wp-admin/admin-ajax.php HTTP/1.1" 200 30 "http://www.satenspr.com/wp-admin/admin.php?page=gf_edit_forms&id=8" "Mozilla/5.0 (Macintosh; Intel Mac OS X 10_7_5) AppleWebKit/537.31 (KHTML, like Gecko) Chrome/26.0.1410.65 Safari/537.31"
181.29.138.140 - - [23/May/2013:00:39:56 -0400] "POST /wp-admin/admin.php?page=gf_settings&addon=Directory+%26+Addons HTTP/1.1" 200 66546 "http://www.satenspr.com/wp-admin/admin.php?page=gf_settings&addon=Directory+%26+Addons" "Mozilla/5.0 (Windows NT 6.1; WOW64) AppleWebKit/537.36 (KHTML, like Gecko) Chrome/29.0.1512.0 Safari/537.36"
181.29.138.140 - - [23/May/2013:00:40:05 -0400] "GET /registro-de-estudiantes/entry/7/7/ HTTP/1.1" 404 13331 "http://www.satenspr.com/registro-de-estudiantes/" "Mozilla/5.0 (Windows NT 6.1; WOW64) AppleWebKit/537.36 (KHTML, like Gecko) Chrome/29.0.1512.0 Safari/537.36"
181.29.138.140 - - [23/May/2013:00:40:06 -0400] "GET /wp-includes/css/admin-bar.min.css?ver=3.5.1 HTTP/1.1" 304 - "http://www.satenspr.com/registro-de-estudiantes/" "Mozilla/5.0 (Windows NT 6.1; WOW64) AppleWebKit/537.36 (KHTML, like Gecko) Chrome/29.0.1512.0 Safari/537.36"
181.29.138.140 - - [23/May/2013:00:40:06 -0400] "GET /wp-content/themes/satens-theme/style.css?ver=3.5.1 HTTP/1.1" 304 - "http://www.satenspr.com/registro-de-estudiantes/" "Mozilla/5.0 (Windows NT 6.1; WOW64) AppleWebKit/537.36 (KHTML, like Gecko) Chrome/29.0.1512.0 Safari/537.36"
181.29.138.140 - - [23/May/2013:00:40:06 -0400] "GET /wp-content/plugins/wp-ui/wp-ui.css?ver=3.5.1 HTTP/1.1" 304 - "http://www.satenspr.com/registro-de-estudiantes/" "Mozilla/5.0 (Windows NT 6.1; WOW64) AppleWebKit/537.36 (KHTML, like Gecko) Chrome/29.0.1512.0 Safari/537.36"
181.29.138.140 - - [23/May/2013:00:40:06 -0400] "GET /wp-content/plugins/wp-ui/css/wpui-light.css?ver=3.5.1 HTTP/1.1" 304 - "http://www.satenspr.com/registro-de-estudiantes/" "Mozilla/5.0 (Windows NT 6.1; WOW64) AppleWebKit/537.36 (KHTML, like Gecko) Chrome/29.0.1512.0 Safari/537.36"
181.29.138.140 - - [23/May/2013:00:40:06 -0400] "GET /wp-includes/js/jquery/jquery.js?ver=1.8.3 HTTP/1.1" 304 - "http://www.satenspr.com/registro-de-estudiantes/" "Mozilla/5.0 (Windows NT 6.1; WOW64) AppleWebKit/537.36 (KHTML, like Gecko) Chrome/29.0.1512.0 Safari/537.36"
181.29.138.140 - - [23/May/2013:00:40:06 -0400] "GET /wp-content/themes/twentytwelve/style.css HTTP/1.1" 304 - "http://www.satenspr.com/registro-de-estudiantes/" "Mozilla/5.0 (Windows NT 6.1; WOW64) AppleWebKit/537.36 (KHTML, like Gecko) Chrome/29.0.1512.0 Safari/537.36"
181.29.138.140 - - [23/May/2013:00:40:06 -0400] "GET /wp-content/plugins/wp-ui/js/wp-ui.js?ver=0.8.5 HTTP/1.1" 304 - "http://www.satenspr.com/registro-de-estudiantes/" "Mozilla/5.0 (Windows NT 6.1; WOW64) AppleWebKit/537.36 (KHTML, like Gecko) Chrome/29.0.1512.0 Safari/537.36"
181.29.138.140 - - [23/May/2013:00:40:06 -0400] "GET /wp-includes/js/admin-bar.min.js?ver=3.5.1 HTTP/1.1" 304 - "http://www.satenspr.com/registro-de-estudiantes/" "Mozilla/5.0 (Windows NT 6.1; WOW64) AppleWebKit/537.36 (KHTML, like Gecko) Chrome/29.0.1512.0 Safari/537.36"
181.29.138.140 - - [23/May/2013:00:40:06 -0400] "GET /wp-content/themes/twentytwelve/js/navigation.js?ver=1.0 HTTP/1.1" 304 - "http://www.satenspr.com/registro-de-estudiantes/" "Mozilla/5.0 (Windows NT 6.1; WOW64) AppleWebKit/537.36 (KHTML, like Gecko) Chrome/29.0.1512.0 Safari/537.36"
181.29.138.140 - - [23/May/2013:00:40:07 -0400] "GET /wp-content/plugins/wp-ui/css/css.php?styles=wpui-light%7Cwpui-blue%7Cwpui-red%7Cwpui-green%7Cwpui-dark%7Cwpui-quark%7Cwpui-alma%7Cwpui-macish%7Cwpui-redmond%7Cwpui-sevin&ver=3.5.1 HTTP/1.1" 200 128491 "http://www.satenspr.com/registro-de-estudiantes/entry/7/7/" "Mozilla/5.0 (Windows NT 6.1; WOW64) AppleWebKit/537.36 (KHTML, like Gecko) Chrome/29.0.1512.0 Safari/537.36"
181.29.138.140 - - [23/May/2013:00:40:08 -0400] "GET /wp-content/uploads/2013/04/headerlogo.png HTTP/1.1" 304 - "http://www.satenspr.com/registro-de-estudiantes/" "Mozilla/5.0 (Windows NT 6.1; WOW64) AppleWebKit/537.36 (KHTML, like Gecko) Chrome/29.0.1512.0 Safari/537.36"
181.29.138.140 - - [23/May/2013:00:40:13 -0400] "GET /registro-de-estudiantes/ HTTP/1.1" 200 19769 "http://www.satenspr.com/registro-de-estudiantes/entry/7/7/" "Mozilla/5.0 (Windows NT 6.1; WOW64) AppleWebKit/537.36 (KHTML, like Gecko) Chrome/29.0.1512.0 Safari/537.36"
181.29.138.140 - - [23/May/2013:00:40:19 -0400] "GET /registro-de-estudiantes/entry/7/7/ HTTP/1.1" 404 13331 "http://www.satenspr.com/registro-de-estudiantes/" "Mozilla/5.0 (Windows NT 6.1; WOW64) AppleWebKit/537.36 (KHTML, like Gecko) Chrome/29.0.1512.0 Safari/537.36"
181.29.138.140 - - [23/May/2013:00:40:23 -0400] "GET /registro-de-estudiantes/entry/7/7/ HTTP/1.1" 404 13337 "http://www.satenspr.com/registro-de-estudiantes/" "Mozilla/5.0 (Windows NT 6.1; WOW64) AppleWebKit/537.36 (KHTML, like Gecko) Chrome/29.0.1512.0 Safari/537.36"
181.29.138.140 - - [23/May/2013:00:40:30 -0400] "GET /registro-de-estudiantes/entry/7/7/ HTTP/1.1" 404 13331 "http://www.satenspr.com/registro-de-estudiantes/" "Mozilla/5.0 (Windows NT 6.1; WOW64) AppleWebKit/537.36 (KHTML, like Gecko) Chrome/29.0.1512.0 Safari/537.36"
181.29.138.140 - - [23/May/2013:00:40:46 -0400] "GET /registro-de-estudiantes/entry/7/6/ HTTP/1.1" 404 13323 "http://www.satenspr.com/registro-de-estudiantes/" "Mozilla/5.0 (Windows NT 6.1; WOW64) AppleWebKit/537.36 (KHTML, like Gecko) Chrome/29.0.1512.0 Safari/537.36"
181.29.138.140 - - [23/May/2013:00:41:00 -0400] "GET /agregar-estudiante/ HTTP/1.1" 200 18930 "http://www.satenspr.com/registro-de-estudiantes/entry/7/6/" "Mozilla/5.0 (Windows NT 6.1; WOW64) AppleWebKit/537.36 (KHTML, like Gecko) Chrome/29.0.1512.0 Safari/537.36"
181.29.138.140 - - [23/May/2013:00:41:00 -0400] "GET /wp-content/plugins/gravityforms/css/formreset.css?ver=1.7.4 HTTP/1.1" 304 - "http://www.satenspr.com/agregar-estudiante/" "Mozilla/5.0 (Windows NT 6.1; WOW64) AppleWebKit/537.36 (KHTML, like Gecko) Chrome/29.0.1512.0 Safari/537.36"
181.29.138.140 - - [23/May/2013:00:41:00 -0400] "GET /wp-content/plugins/gravityforms/css/datepicker.css?ver=1.7.4 HTTP/1.1" 304 - "http://www.satenspr.com/agregar-estudiante/" "Mozilla/5.0 (Windows NT 6.1; WOW64) AppleWebKit/537.36 (KHTML, like Gecko) Chrome/29.0.1512.0 Safari/537.36"
181.29.138.140 - - [23/May/2013:00:41:00 -0400] "GET /wp-content/plugins/gravityforms/css/readyclass.css?ver=1.7.4 HTTP/1.1" 304 - "http://www.satenspr.com/agregar-estudiante/" "Mozilla/5.0 (Windows NT 6.1; WOW64) AppleWebKit/537.36 (KHTML, like Gecko) Chrome/29.0.1512.0 Safari/537.36"
181.29.138.140 - - [23/May/2013:00:41:00 -0400] "GET /wp-content/plugins/gravityforms/css/browsers.css?ver=1.7.4 HTTP/1.1" 304 - "http://www.satenspr.com/agregar-estudiante/" "Mozilla/5.0 (Windows NT 6.1; WOW64) AppleWebKit/537.36 (KHTML, like Gecko) Chrome/29.0.1512.0 Safari/537.36"
181.29.138.140 - - [23/May/2013:00:41:00 -0400] "GET /wp-content/plugins/gravityforms/css/formsmain.css?ver=1.7.4 HTTP/1.1" 304 - "http://www.satenspr.com/agregar-estudiante/" "Mozilla/5.0 (Windows NT 6.1; WOW64) AppleWebKit/537.36 (KHTML, like Gecko) Chrome/29.0.1512.0 Safari/537.36"
181.29.138.140 - - [23/May/2013:00:41:00 -0400] "GET /wp-content/plugins/gravityforms/js/datepicker.js?ver=1.7.4 HTTP/1.1" 304 - "http://www.satenspr.com/agregar-estudiante/" "Mozilla/5.0 (Windows NT 6.1; WOW64) AppleWebKit/537.36 (KHTML, like Gecko) Chrome/29.0.1512.0 Safari/537.36"
181.29.138.140 - - [23/May/2013:00:41:00 -0400] "GET /wp-content/plugins/gravityforms/images/calendar.png HTTP/1.1" 304 - "http://www.satenspr.com/agregar-estudiante/" "Mozilla/5.0 (Windows NT 6.1; WOW64) AppleWebKit/537.36 (KHTML, like Gecko) Chrome/29.0.1512.0 Safari/537.36"
181.29.138.140 - - [23/May/2013:00:42:36 -0400] "GET /wp-admin/edit.php?post_type=page HTTP/1.1" 200 49670 "http://www.satenspr.com/wp-admin/admin.php?page=gf_settings&addon=Directory+%26+Addons" "Mozilla/5.0 (Windows NT 6.1; WOW64) AppleWebKit/537.36 (KHTML, like Gecko) Chrome/29.0.1512.0 Safari/537.36"
181.29.138.140 - - [23/May/2013:00:42:57 -0400] "POST /wp-admin/admin-ajax.php HTTP/1.1" 200 2282 "http://www.satenspr.com/wp-admin/edit.php?post_type=page" "Mozilla/5.0 (Windows NT 6.1; WOW64) AppleWebKit/537.36 (KHTML, like Gecko) Chrome/29.0.1512.0 Safari/537.36"
181.29.138.140 - - [23/May/2013:00:43:10 -0400] "GET /wp-content/plugins/gravity-forms-addons/editor-icon.gif HTTP/1.1" 304 - "http://www.satenspr.com/wp-admin/post.php?post=105&action=edit" "Mozilla/5.0 (Windows NT 6.1; WOW64) AppleWebKit/537.36 (KHTML, like Gecko) Chrome/29.0.1512.0 Safari/537.36"
181.29.138.140 - - [23/May/2013:00:43:10 -0400] "GET /wp-admin/post.php?post=44&action=edit HTTP/1.1" 200 128721 "http://www.satenspr.com/wp-admin/edit.php?post_type=page" "Mozilla/5.0 (Windows NT 6.1; WOW64) AppleWebKit/537.36 (KHTML, like Gecko) Chrome/29.0.1512.0 Safari/537.36"
181.29.138.140 - - [23/May/2013:00:43:18 -0400] "POST /wp-admin/post.php HTTP/1.1" 302 5 "http://www.satenspr.com/wp-admin/post.php?post=44&action=edit" "Mozilla/5.0 (Windows NT 6.1; WOW64) AppleWebKit/537.36 (KHTML, like Gecko) Chrome/29.0.1512.0 Safari/537.36"
181.29.138.140 - - [23/May/2013:00:43:20 -0400] "GET /wp-admin/post.php?post=44&action=edit&message=1 HTTP/1.1" 200 129080 "http://www.satenspr.com/wp-admin/post.php?post=44&action=edit" "Mozilla/5.0 (Windows NT 6.1; WOW64) AppleWebKit/537.36 (KHTML, like Gecko) Chrome/29.0.1512.0 Safari/537.36"
181.29.138.140 - - [23/May/2013:00:43:25 -0400] "GET /wp-admin/widgets.php HTTP/1.1" 200 79905 "http://www.satenspr.com/wp-admin/post.php?post=44&action=edit&message=1" "Mozilla/5.0 (Windows NT 6.1; WOW64) AppleWebKit/537.36 (KHTML, like Gecko) Chrome/29.0.1512.0 Safari/537.36"
181.29.138.140 - - [23/May/2013:00:43:26 -0400] "POST /wp-admin/admin-ajax.php HTTP/1.1" 200 13 "http://www.satenspr.com/wp-admin/post.php?post=44&action=edit&message=1" "Mozilla/5.0 (Windows NT 6.1; WOW64) AppleWebKit/537.36 (KHTML, like Gecko) Chrome/29.0.1512.0 Safari/537.36"
181.29.138.140 - - [23/May/2013:00:43:26 -0400] "GET /wp-admin/load-scripts.php?c=1&load%5B%5D=admin-bar,hoverIntent,common,jquery-ui-core,jquery-ui-widget,jquery-ui-mouse,jquery-ui-sortable,jquery-ui-draggable,jquery-ui-dr&load%5B%5D=oppable,admin-widgets,jquery-ui-tabs&ver=3.5.1 HTTP/1.1" 200 29415 "http://www.satenspr.com/wp-admin/widgets.php" "Mozilla/5.0 (Windows NT 6.1; WOW64) AppleWebKit/537.36 (KHTML, like Gecko) Chrome/29.0.1512.0 Safari/537.36"
181.29.138.140 - - [23/May/2013:00:43:46 -0400] "POST /wp-admin/admin-ajax.php HTTP/1.1" 200 5 "http://www.satenspr.com/wp-admin/widgets.php" "Mozilla/5.0 (Windows NT 6.1; WOW64) AppleWebKit/537.36 (KHTML, like Gecko) Chrome/29.0.1512.0 Safari/537.36"
181.29.138.140 - - [23/May/2013:00:43:47 -0400] "POST /wp-admin/admin-ajax.php HTTP/1.1" 200 13 "http://www.satenspr.com/wp-admin/widgets.php" "Mozilla/5.0 (Windows NT 6.1; WOW64) AppleWebKit/537.36 (KHTML, like Gecko) Chrome/29.0.1512.0 Safari/537.36"
181.29.138.140 - - [23/May/2013:00:43:51 -0400] "POST /wp-admin/admin-ajax.php HTTP/1.1" 200 171 "http://www.satenspr.com/wp-admin/widgets.php" "Mozilla/5.0 (Windows NT 6.1; WOW64) AppleWebKit/537.36 (KHTML, like Gecko) Chrome/29.0.1512.0 Safari/537.36"
181.29.138.140 - - [23/May/2013:00:43:58 -0400] "POST /wp-admin/admin-ajax.php HTTP/1.1" 200 171 "http://www.satenspr.com/wp-admin/widgets.php" "Mozilla/5.0 (Windows NT 6.1; WOW64) AppleWebKit/537.36 (KHTML, like Gecko) Chrome/29.0.1512.0 Safari/537.36"
181.29.138.140 - - [23/May/2013:00:44:03 -0400] "GET / HTTP/1.1" 200 15927 "http://www.satenspr.com/agregar-estudiante/" "Mozilla/5.0 (Windows NT 6.1; WOW64) AppleWebKit/537.36 (KHTML, like Gecko) Chrome/29.0.1512.0 Safari/537.36"
181.29.138.140 - - [23/May/2013:00:44:12 -0400] "GET / HTTP/1.1" 200 8714 "http://www.satenspr.com/registro-de-estudiantes/entry/7/6/" "Mozilla/5.0 (Windows NT 6.1; WOW64) AppleWebKit/537.36 (KHTML, like Gecko) Chrome/29.0.1512.0 Safari/537.36"
181.29.138.140 - - [23/May/2013:00:44:14 -0400] "GET /wp-login.php HTTP/1.1" 200 2254 "http://www.satenspr.com/" "Mozilla/5.0 (Windows NT 6.1; WOW64) AppleWebKit/537.36 (KHTML, like Gecko) Chrome/29.0.1512.0 Safari/537.36"
181.29.138.140 - - [23/May/2013:00:44:23 -0400] "POST /wp-login.php HTTP/1.1" 403 56 "http://www.satenspr.com/wp-login.php" "Mozilla/5.0 (Windows NT 6.1; WOW64) AppleWebKit/537.36 (KHTML, like Gecko) Chrome/29.0.1512.0 Safari/537.36"
181.29.138.140 - - [23/May/2013:00:44:50 -0400] "GET /wp-admin/users.php?page=roles HTTP/1.1" 200 35749 "http://www.satenspr.com/wp-admin/widgets.php" "Mozilla/5.0 (Windows NT 6.1; WOW64) AppleWebKit/537.36 (KHTML, like Gecko) Chrome/29.0.1512.0 Safari/537.36"
181.29.138.140 - - [23/May/2013:00:44:56 -0400] "GET /wp-admin/users.php?page=roles&action=edit&role=consejero&_wpnonce=5b646bc37e HTTP/1.1" 200 47338 "http://www.satenspr.com/wp-admin/users.php?page=roles" "Mozilla/5.0 (Windows NT 6.1; WOW64) AppleWebKit/537.36 (KHTML, like Gecko) Chrome/29.0.1512.0 Safari/537.36"
70.45.29.128 - - [23/May/2013:00:44:56 -0400] "POST /wp-admin/admin.php?page=gf_edit_forms&id=8 HTTP/1.1" 200 321606 "http://www.satenspr.com/wp-admin/admin.php?page=gf_edit_forms&id=8" "Mozilla/5.0 (Macintosh; Intel Mac OS X 10_7_5) AppleWebKit/537.31 (KHTML, like Gecko) Chrome/26.0.1410.65 Safari/537.31"
70.45.29.128 - - [23/May/2013:00:45:33 -0400] "POST /wp-admin/admin.php?page=gf_edit_forms&id=8 HTTP/1.1" 200 320788 "http://www.satenspr.com/wp-admin/admin.php?page=gf_edit_forms&id=8" "Mozilla/5.0 (Macintosh; Intel Mac OS X 10_7_5) AppleWebKit/537.31 (KHTML, like Gecko) Chrome/26.0.1410.65 Safari/537.31"
181.29.138.140 - - [23/May/2013:00:47:38 -0400] "POST /wp-admin/users.php?page=roles&action=edit&role=consejero HTTP/1.1" 200 47418 "http://www.satenspr.com/wp-admin/users.php?page=roles&action=edit&role=consejero&_wpnonce=5b646bc37e" "Mozilla/5.0 (Windows NT 6.1; WOW64) AppleWebKit/537.36 (KHTML, like Gecko) Chrome/29.0.1512.0 Safari/537.36"
181.29.138.140 - - [23/May/2013:00:47:47 -0400] "GET / HTTP/1.1" 200 15927 "-" "Mozilla/5.0 (Windows NT 6.1; WOW64) AppleWebKit/537.36 (KHTML, like Gecko) Chrome/29.0.1512.0 Safari/537.36"
181.29.138.140 - - [23/May/2013:00:47:56 -0400] "GET / HTTP/1.1" 200 8714 "-" "Mozilla/5.0 (Windows NT 6.1; WOW64) AppleWebKit/537.36 (KHTML, like Gecko) Chrome/29.0.1512.0 Safari/537.36"
181.29.138.140 - - [23/May/2013:00:47:56 -0400] "GET /wp-content/themes/satens-theme/style.css?ver=3.5.1 HTTP/1.1" 200 533 "http://www.satenspr.com/" "Mozilla/5.0 (Windows NT 6.1; WOW64) AppleWebKit/537.36 (KHTML, like Gecko) Chrome/29.0.1512.0 Safari/537.36"
181.29.138.140 - - [23/May/2013:00:47:56 -0400] "GET /wp-content/plugins/wp-ui/css/wpui-light.css?ver=3.5.1 HTTP/1.1" 200 14354 "http://www.satenspr.com/" "Mozilla/5.0 (Windows NT 6.1; WOW64) AppleWebKit/537.36 (KHTML, like Gecko) Chrome/29.0.1512.0 Safari/537.36"
181.29.138.140 - - [23/May/2013:00:47:56 -0400] "GET /wp-content/themes/twentytwelve/js/navigation.js?ver=1.0 HTTP/1.1" 200 863 "http://www.satenspr.com/" "Mozilla/5.0 (Windows NT 6.1; WOW64) AppleWebKit/537.36 (KHTML, like Gecko) Chrome/29.0.1512.0 Safari/537.36"
181.29.138.140 - - [23/May/2013:00:47:56 -0400] "GET /wp-content/plugins/wp-ui/js/wp-ui.js?ver=0.8.5 HTTP/1.1" 200 19172 "http://www.satenspr.com/" "Mozilla/5.0 (Windows NT 6.1; WOW64) AppleWebKit/537.36 (KHTML, like Gecko) Chrome/29.0.1512.0 Safari/537.36"
181.29.138.140 - - [23/May/2013:00:47:57 -0400] "GET /wp-content/plugins/wp-ui/wp-ui.css?ver=3.5.1 HTTP/1.1" 200 33521 "http://www.satenspr.com/" "Mozilla/5.0 (Windows NT 6.1; WOW64) AppleWebKit/537.36 (KHTML, like Gecko) Chrome/29.0.1512.0 Safari/537.36"
181.29.138.140 - - [23/May/2013:00:47:57 -0400] "GET /wp-content/themes/twentytwelve/style.css HTTP/1.1" 200 35292 "http://www.satenspr.com/" "Mozilla/5.0 (Windows NT 6.1; WOW64) AppleWebKit/537.36 (KHTML, like Gecko) Chrome/29.0.1512.0 Safari/537.36"
181.29.138.140 - - [23/May/2013:00:47:57 -0400] "GET /wp-includes/js/jquery/jquery.js?ver=1.8.3 HTTP/1.1" 200 93658 "http://www.satenspr.com/" "Mozilla/5.0 (Windows NT 6.1; WOW64) AppleWebKit/537.36 (KHTML, like Gecko) Chrome/29.0.1512.0 Safari/537.36"
181.29.138.140 - - [23/May/2013:00:47:57 -0400] "GET /wp-content/plugins/wp-ui/css/css.php?styles=wpui-light%7Cwpui-blue%7Cwpui-red%7Cwpui-green%7Cwpui-dark%7Cwpui-quark%7Cwpui-alma%7Cwpui-macish%7Cwpui-redmond%7Cwpui-sevin&ver=3.5.1 HTTP/1.1" 200 128491 "http://www.satenspr.com/" "Mozilla/5.0 (Windows NT 6.1; WOW64) AppleWebKit/537.36 (KHTML, like Gecko) Chrome/29.0.1512.0 Safari/537.36"
181.29.138.140 - - [23/May/2013:00:47:58 -0400] "GET /wp-content/uploads/2013/04/headerlogo.png HTTP/1.1" 200 2033 "http://www.satenspr.com/" "Mozilla/5.0 (Windows NT 6.1; WOW64) AppleWebKit/537.36 (KHTML, like Gecko) Chrome/29.0.1512.0 Safari/537.36"
181.29.138.140 - - [23/May/2013:00:48:01 -0400] "GET /wp-login.php HTTP/1.1" 200 2254 "http://www.satenspr.com/" "Mozilla/5.0 (Windows NT 6.1; WOW64) AppleWebKit/537.36 (KHTML, like Gecko) Chrome/29.0.1512.0 Safari/537.36"
181.29.138.140 - - [23/May/2013:00:48:01 -0400] "GET /wp-includes/css/buttons.min.css?ver=3.5.1 HTTP/1.1" 200 7007 "http://www.satenspr.com/wp-login.php" "Mozilla/5.0 (Windows NT 6.1; WOW64) AppleWebKit/537.36 (KHTML, like Gecko) Chrome/29.0.1512.0 Safari/537.36"
181.29.138.140 - - [23/May/2013:00:48:02 -0400] "GET /wp-admin/css/colors-fresh.min.css?ver=3.5.1 HTTP/1.1" 200 36190 "http://www.satenspr.com/wp-login.php" "Mozilla/5.0 (Windows NT 6.1; WOW64) AppleWebKit/537.36 (KHTML, like Gecko) Chrome/29.0.1512.0 Safari/537.36"
181.29.138.140 - - [23/May/2013:00:48:02 -0400] "GET /wp-admin/css/wp-admin.min.css?ver=3.5.1 HTTP/1.1" 200 114483 "http://www.satenspr.com/wp-login.php" "Mozilla/5.0 (Windows NT 6.1; WOW64) AppleWebKit/537.36 (KHTML, like Gecko) Chrome/29.0.1512.0 Safari/537.36"
181.29.138.140 - - [23/May/2013:00:48:03 -0400] "GET /wp-admin/images/wordpress-logo.png?ver=20120216 HTTP/1.1" 200 2480 "http://www.satenspr.com/wp-login.php" "Mozilla/5.0 (Windows NT 6.1; WOW64) AppleWebKit/537.36 (KHTML, like Gecko) Chrome/29.0.1512.0 Safari/537.36"
181.29.138.140 - - [23/May/2013:00:48:13 -0400] "POST /wp-login.php HTTP/1.1" 403 56 "http://www.satenspr.com/wp-login.php" "Mozilla/5.0 (Windows NT 6.1; WOW64) AppleWebKit/537.36 (KHTML, like Gecko) Chrome/29.0.1512.0 Safari/537.36"
181.29.138.140 - - [23/May/2013:00:48:22 -0400] "GET /wp-admin/user-new.php HTTP/1.1" 200 23812 "http://www.satenspr.com/wp-admin/users.php?page=roles&action=edit&role=consejero" "Mozilla/5.0 (Windows NT 6.1; WOW64) AppleWebKit/537.36 (KHTML, like Gecko) Chrome/29.0.1512.0 Safari/537.36"
70.45.29.128 - - [23/May/2013:00:48:52 -0400] "POST /wp-admin/admin.php?page=gf_edit_forms&id=8 HTTP/1.1" 200 321736 "http://www.satenspr.com/wp-admin/admin.php?page=gf_edit_forms&id=8" "Mozilla/5.0 (Macintosh; Intel Mac OS X 10_7_5) AppleWebKit/537.31 (KHTML, like Gecko) Chrome/26.0.1410.65 Safari/537.31"
181.29.138.140 - - [23/May/2013:00:48:56 -0400] "POST /wp-admin/user-new.php HTTP/1.1" 302 5 "http://www.satenspr.com/wp-admin/user-new.php" "Mozilla/5.0 (Windows NT 6.1; WOW64) AppleWebKit/537.36 (KHTML, like Gecko) Chrome/29.0.1512.0 Safari/537.36"
181.29.138.140 - - [23/May/2013:00:48:57 -0400] "GET /wp-admin/users.php?update=add&id=5 HTTP/1.1" 200 36090 "http://www.satenspr.com/wp-admin/user-new.php" "Mozilla/5.0 (Windows NT 6.1; WOW64) AppleWebKit/537.36 (KHTML, like Gecko) Chrome/29.0.1512.0 Safari/537.36"
181.29.138.140 - - [23/May/2013:00:49:04 -0400] "GET / HTTP/1.1" 200 8701 "-" "Mozilla/5.0 (Windows NT 6.1; WOW64) AppleWebKit/537.36 (KHTML, like Gecko) Chrome/29.0.1512.0 Safari/537.36"
181.29.138.140 - - [23/May/2013:00:49:07 -0400] "GET /wp-login.php HTTP/1.1" 200 2254 "http://www.satenspr.com/" "Mozilla/5.0 (Windows NT 6.1; WOW64) AppleWebKit/537.36 (KHTML, like Gecko) Chrome/29.0.1512.0 Safari/537.36"
181.29.138.140 - - [23/May/2013:00:49:14 -0400] "POST /wp-login.php HTTP/1.1" 403 56 "http://www.satenspr.com/wp-login.php" "Mozilla/5.0 (Windows NT 6.1; WOW64) AppleWebKit/537.36 (KHTML, like Gecko) Chrome/29.0.1512.0 Safari/537.36"
181.29.138.140 - - [23/May/2013:00:49:21 -0400] "POST /wp-login.php HTTP/1.1" 403 56 "http://www.satenspr.com/wp-login.php" "Mozilla/5.0 (Windows NT 6.1; WOW64) AppleWebKit/537.36 (KHTML, like Gecko) Chrome/29.0.1512.0 Safari/537.36"
181.29.138.140 - - [23/May/2013:00:49:24 -0400] "POST /wp-login.php HTTP/1.1" 403 56 "http://www.satenspr.com/wp-login.php" "Mozilla/5.0 (Windows NT 6.1; WOW64) AppleWebKit/537.36 (KHTML, like Gecko) Chrome/29.0.1512.0 Safari/537.36"
70.45.29.128 - - [23/May/2013:00:49:29 -0400] "POST /wp-admin/admin.php?page=gf_edit_forms&id=8 HTTP/1.1" 200 322926 "http://www.satenspr.com/wp-admin/admin.php?page=gf_edit_forms&id=8" "Mozilla/5.0 (Macintosh; Intel Mac OS X 10_7_5) AppleWebKit/537.31 (KHTML, like Gecko) Chrome/26.0.1410.65 Safari/537.31"
181.29.138.140 - - [23/May/2013:00:49:38 -0400] "GET /wp-admin/plugins.php HTTP/1.1" 200 39795 "http://www.satenspr.com/wp-admin/users.php?update=add&id=5" "Mozilla/5.0 (Windows NT 6.1; WOW64) AppleWebKit/537.36 (KHTML, like Gecko) Chrome/29.0.1512.0 Safari/537.36"
181.29.138.140 - - [23/May/2013:00:49:42 -0400] "GET /wp-admin/plugins.php?plugin_status=active HTTP/1.1" 200 36058 "http://www.satenspr.com/wp-admin/plugins.php" "Mozilla/5.0 (Windows NT 6.1; WOW64) AppleWebKit/537.36 (KHTML, like Gecko) Chrome/29.0.1512.0 Safari/537.36"
181.29.138.140 - - [23/May/2013:00:49:51 -0400] "GET /wp-admin/plugins.php?action=deactivate&plugin=members%2Fmembers.php&plugin_status=active&paged=1&s&_wpnonce=36b9023986 HTTP/1.1" 302 5 "http://www.satenspr.com/wp-admin/plugins.php?plugin_status=active" "Mozilla/5.0 (Windows NT 6.1; WOW64) AppleWebKit/537.36 (KHTML, like Gecko) Chrome/29.0.1512.0 Safari/537.36"
181.29.138.140 - - [23/May/2013:00:49:52 -0400] "GET /wp-admin/plugins.php?deactivate=true&plugin_status=active&paged=1&s= HTTP/1.1" 200 34560 "http://www.satenspr.com/wp-admin/plugins.php?plugin_status=active" "Mozilla/5.0 (Windows NT 6.1; WOW64) AppleWebKit/537.36 (KHTML, like Gecko) Chrome/29.0.1512.0 Safari/537.36"
181.29.138.140 - - [23/May/2013:00:49:59 -0400] "GET /registro-de-estudiantes/ HTTP/1.1" 200 19628 "http://www.satenspr.com/" "Mozilla/5.0 (Windows NT 6.1; WOW64) AppleWebKit/537.36 (KHTML, like Gecko) Chrome/29.0.1512.0 Safari/537.36"
181.29.138.140 - - [23/May/2013:00:50:03 -0400] "GET /registro-de-estudiantes/entry/7/7/ HTTP/1.1" 404 13185 "http://www.satenspr.com/registro-de-estudiantes/" "Mozilla/5.0 (Windows NT 6.1; WOW64) AppleWebKit/537.36 (KHTML, like Gecko) Chrome/29.0.1512.0 Safari/537.36"
181.29.138.140 - - [23/May/2013:00:50:15 -0400] "GET / HTTP/1.1" 200 8714 "-" "Mozilla/5.0 (Windows NT 6.1; WOW64) AppleWebKit/537.36 (KHTML, like Gecko) Chrome/29.0.1512.0 Safari/537.36"
181.29.138.140 - - [23/May/2013:00:50:29 -0400] "GET / HTTP/1.1" 200 8707 "-" "Mozilla/5.0 (Windows NT 6.1; WOW64) AppleWebKit/537.36 (KHTML, like Gecko) Chrome/29.0.1512.0 Safari/537.36"
181.29.138.140 - - [23/May/2013:00:50:31 -0400] "GET /wp-login.php HTTP/1.1" 200 2254 "http://www.satenspr.com/" "Mozilla/5.0 (Windows NT 6.1; WOW64) AppleWebKit/537.36 (KHTML, like Gecko) Chrome/29.0.1512.0 Safari/537.36"
181.29.138.140 - - [23/May/2013:00:50:37 -0400] "POST /wp-login.php HTTP/1.1" 200 3022 "http://www.satenspr.com/wp-login.php" "Mozilla/5.0 (Windows NT 6.1; WOW64) AppleWebKit/537.36 (KHTML, like Gecko) Chrome/29.0.1512.0 Safari/537.36"
70.45.29.128 - - [23/May/2013:00:50:44 -0400] "POST /wp-admin/admin.php?page=gf_edit_forms&id=8 HTTP/1.1" 200 322448 "http://www.satenspr.com/wp-admin/admin.php?page=gf_edit_forms&id=8" "Mozilla/5.0 (Macintosh; Intel Mac OS X 10_7_5) AppleWebKit/537.31 (KHTML, like Gecko) Chrome/26.0.1410.65 Safari/537.31"
181.29.138.140 - - [23/May/2013:00:50:47 -0400] "POST /wp-login.php HTTP/1.1" 403 56 "http://www.satenspr.com/wp-login.php" "Mozilla/5.0 (Windows NT 6.1; WOW64) AppleWebKit/537.36 (KHTML, like Gecko) Chrome/29.0.1512.0 Safari/537.36"
70.45.29.128 - - [23/May/2013:00:51:00 -0400] "POST /wp-admin/admin.php?page=gf_edit_forms&id=8 HTTP/1.1" 200 324173 "http://www.satenspr.com/wp-admin/admin.php?page=gf_edit_forms&id=8" "Mozilla/5.0 (Macintosh; Intel Mac OS X 10_7_5) AppleWebKit/537.31 (KHTML, like Gecko) Chrome/26.0.1410.65 Safari/537.31"
70.45.29.128 - - [23/May/2013:00:53:13 -0400] "GET /wp-content/plugins/gravityforms/js/jquery.qtip-1.0.0-rc2.min.js?ver=1.7.4 HTTP/1.1" 304 - "http://www.satenspr.com/wp-admin/admin.php?page=gf_edit_forms" "Mozilla/5.0 (Macintosh; Intel Mac OS X 10_7_5) AppleWebKit/537.31 (KHTML, like Gecko) Chrome/26.0.1410.65 Safari/537.31"
70.45.29.128 - - [23/May/2013:00:53:14 -0400] "GET /wp-content/plugins/gravityforms/css/admin.css?ver=1.7.4 HTTP/1.1" 304 - "http://www.satenspr.com/wp-admin/admin.php?page=gf_edit_forms&id=7" "Mozilla/5.0 (Macintosh; Intel Mac OS X 10_7_5) AppleWebKit/537.31 (KHTML, like Gecko) Chrome/26.0.1410.65 Safari/537.31"
70.45.29.128 - - [23/May/2013:00:53:14 -0400] "GET /wp-content/plugins/gravityforms/css/tooltip.css?ver=1.7.4 HTTP/1.1" 304 - "http://www.satenspr.com/wp-admin/admin.php?page=gf_edit_forms" "Mozilla/5.0 (Macintosh; Intel Mac OS X 10_7_5) AppleWebKit/537.31 (KHTML, like Gecko) Chrome/26.0.1410.65 Safari/537.31"
70.45.29.128 - - [23/May/2013:00:53:14 -0400] "GET /wp-content/plugins/gravityforms/js/gravityforms.js?ver=1.7.4 HTTP/1.1" 304 - "http://www.satenspr.com/wp-admin/admin.php?page=gf_edit_forms&id=7" "Mozilla/5.0 (Macintosh; Intel Mac OS X 10_7_5) AppleWebKit/537.31 (KHTML, like Gecko) Chrome/26.0.1410.65 Safari/537.31"
70.45.29.128 - - [23/May/2013:00:53:14 -0400] "GET /wp-content/plugins/gravityforms/js/qtip_init.js?ver=1.7.4 HTTP/1.1" 304 - "http://www.satenspr.com/wp-admin/admin.php?page=gf_edit_forms" "Mozilla/5.0 (Macintosh; Intel Mac OS X 10_7_5) AppleWebKit/537.31 (KHTML, like Gecko) Chrome/26.0.1410.65 Safari/537.31"
70.45.29.128 - - [23/May/2013:00:53:14 -0400] "GET /wp-content/plugins/gravityforms/js/forms.js?ver=1.7.4 HTTP/1.1" 304 - "http://www.satenspr.com/wp-admin/admin.php?page=gf_edit_forms&id=7" "Mozilla/5.0 (Macintosh; Intel Mac OS X 10_7_5) AppleWebKit/537.31 (KHTML, like Gecko) Chrome/26.0.1410.65 Safari/537.31"
70.45.29.128 - - [23/May/2013:00:53:14 -0400] "POST /wp-admin/admin.php?page=gf_edit_forms&id=8 HTTP/1.1" 200 322788 "http://www.satenspr.com/wp-admin/admin.php?page=gf_edit_forms&id=8" "Mozilla/5.0 (Macintosh; Intel Mac OS X 10_7_5) AppleWebKit/537.31 (KHTML, like Gecko) Chrome/26.0.1410.65 Safari/537.31"
70.45.29.128 - - [23/May/2013:00:53:14 -0400] "GET /wp-content/plugins/gravityforms/js/jquery.json-1.3.js?ver=1.7.4 HTTP/1.1" 304 - "http://www.satenspr.com/wp-admin/admin.php?page=gf_edit_forms" "Mozilla/5.0 (Macintosh; Intel Mac OS X 10_7_5) AppleWebKit/537.31 (KHTML, like Gecko) Chrome/26.0.1410.65 Safari/537.31"
70.45.29.128 - - [23/May/2013:00:53:14 -0400] "GET /wp-content/plugins/gravityforms/js/form_admin.js?ver=1.7.4 HTTP/1.1" 304 - "http://www.satenspr.com/wp-admin/admin.php?page=gf_edit_forms" "Mozilla/5.0 (Macintosh; Intel Mac OS X 10_7_5) AppleWebKit/537.31 (KHTML, like Gecko) Chrome/26.0.1410.65 Safari/537.31"
70.45.29.128 - - [23/May/2013:00:53:14 -0400] "GET /wp-content/plugins/gravityforms/js/floatmenu_init.js?ver=1.7.4 HTTP/1.1" 304 - "http://www.satenspr.com/wp-admin/admin.php?page=gf_edit_forms&id=7" "Mozilla/5.0 (Macintosh; Intel Mac OS X 10_7_5) AppleWebKit/537.31 (KHTML, like Gecko) Chrome/26.0.1410.65 Safari/537.31"
70.45.29.128 - - [23/May/2013:00:53:14 -0400] "GET /wp-content/plugins/gravityforms/js/menu.js?ver=1.7.4 HTTP/1.1" 304 - "http://www.satenspr.com/wp-admin/admin.php?page=gf_edit_forms&id=7" "Mozilla/5.0 (Macintosh; Intel Mac OS X 10_7_5) AppleWebKit/537.31 (KHTML, like Gecko) Chrome/26.0.1410.65 Safari/537.31"
70.45.29.128 - - [23/May/2013:00:53:14 -0400] "GET /wp-content/plugins/gravityforms/js/jquery.placeholder.1.2.min.js?ver=1.7.4 HTTP/1.1" 304 - "http://www.satenspr.com/wp-admin/admin.php?page=gf_edit_forms&id=7" "Mozilla/5.0 (Macintosh; Intel Mac OS X 10_7_5) AppleWebKit/537.31 (KHTML, like Gecko) Chrome/26.0.1410.65 Safari/537.31"
70.45.29.128 - - [23/May/2013:00:53:14 -0400] "GET /wp-content/plugins/gravityforms/js/form_editor.js?ver=1.7.4 HTTP/1.1" 304 - "http://www.satenspr.com/wp-admin/admin.php?page=gf_edit_forms&id=7" "Mozilla/5.0 (Macintosh; Intel Mac OS X 10_7_5) AppleWebKit/537.31 (KHTML, like Gecko) Chrome/26.0.1410.65 Safari/537.31"
70.45.29.128 - - [23/May/2013:00:53:15 -0400] "GET /wp-content/plugins/gravityforms/css/datepicker.css HTTP/1.1" 304 - "http://www.satenspr.com/wp-admin/admin.php?page=gf_edit_forms" "Mozilla/5.0 (Macintosh; Intel Mac OS X 10_7_5) AppleWebKit/537.31 (KHTML, like Gecko) Chrome/26.0.1410.65 Safari/537.31"
70.45.29.128 - - [23/May/2013:00:53:15 -0400] "GET /wp-content/plugins/gravityforms/css/jquery-ui.custom.css HTTP/1.1" 304 - "http://www.satenspr.com/wp-admin/admin.php?page=gf_edit_forms" "Mozilla/5.0 (Macintosh; Intel Mac OS X 10_7_5) AppleWebKit/537.31 (KHTML, like Gecko) Chrome/26.0.1410.65 Safari/537.31"
70.45.29.128 - - [23/May/2013:00:53:15 -0400] "GET /wp-content/plugins/gravityforms/css/rtl.css HTTP/1.1" 304 - "http://www.satenspr.com/wp-admin/admin.php?page=gf_edit_forms" "Mozilla/5.0 (Macintosh; Intel Mac OS X 10_7_5) AppleWebKit/537.31 (KHTML, like Gecko) Chrome/26.0.1410.65 Safari/537.31"
70.45.29.128 - - [23/May/2013:00:53:15 -0400] "GET /wp-content/plugins/gravityforms/images/gf-pagebreak-first.png HTTP/1.1" 304 - "http://www.satenspr.com/wp-admin/admin.php?page=gf_edit_forms&id=7" "Mozilla/5.0 (Macintosh; Intel Mac OS X 10_7_5) AppleWebKit/537.31 (KHTML, like Gecko) Chrome/26.0.1410.65 Safari/537.31"
70.45.29.128 - - [23/May/2013:00:53:15 -0400] "GET /wp-content/plugins/gravityforms/images/blank.gif HTTP/1.1" 304 - "http://www.satenspr.com/wp-admin/admin.php?page=gf_edit_forms&id=7" "Mozilla/5.0 (Macintosh; Intel Mac OS X 10_7_5) AppleWebKit/537.31 (KHTML, like Gecko) Chrome/26.0.1410.65 Safari/537.31"
70.45.29.128 - - [23/May/2013:00:53:15 -0400] "GET /wp-content/plugins/gravityforms/images/color.png HTTP/1.1" 304 - "http://www.satenspr.com/wp-admin/admin.php?page=gf_edit_forms&id=7" "Mozilla/5.0 (Macintosh; Intel Mac OS X 10_7_5) AppleWebKit/537.31 (KHTML, like Gecko) Chrome/26.0.1410.65 Safari/537.31"
70.45.29.128 - - [23/May/2013:00:53:15 -0400] "GET /wp-content/plugins/gravityforms/images/gf-pagebreak-end.png HTTP/1.1" 304 - "http://www.satenspr.com/wp-admin/admin.php?page=gf_edit_forms&id=7" "Mozilla/5.0 (Macintosh; Intel Mac OS X 10_7_5) AppleWebKit/537.31 (KHTML, like Gecko) Chrome/26.0.1410.65 Safari/537.31"
70.45.29.128 - - [23/May/2013:00:53:15 -0400] "GET /wp-content/plugins/gravityforms/images/loading.gif HTTP/1.1" 304 - "http://www.satenspr.com/wp-admin/admin.php?page=gf_edit_forms&id=7" "Mozilla/5.0 (Macintosh; Intel Mac OS X 10_7_5) AppleWebKit/537.31 (KHTML, like Gecko) Chrome/26.0.1410.65 Safari/537.31"
70.45.29.128 - - [23/May/2013:00:53:16 -0400] "GET /wp-content/plugins/gravityforms/images/gf-32-iconsprite.png HTTP/1.1" 304 - "http://www.satenspr.com/wp-admin/admin.php?page=gf_edit_forms" "Mozilla/5.0 (Macintosh; Intel Mac OS X 10_7_5) AppleWebKit/537.31 (KHTML, like Gecko) Chrome/26.0.1410.65 Safari/537.31"
70.45.29.128 - - [23/May/2013:00:53:16 -0400] "GET /wp-content/plugins/gravityforms/images/gf-toolbar-bg.jpg HTTP/1.1" 304 - "http://www.satenspr.com/wp-admin/admin.php?page=gf_edit_forms&id=7" "Mozilla/5.0 (Macintosh; Intel Mac OS X 10_7_5) AppleWebKit/537.31 (KHTML, like Gecko) Chrome/26.0.1410.65 Safari/537.31"
70.45.29.128 - - [23/May/2013:00:53:16 -0400] "GET /wp-content/plugins/gravityforms/images/gf-toolbar-iconsprite.png HTTP/1.1" 304 - "http://www.satenspr.com/wp-admin/admin.php?page=gf_edit_forms&id=7" "Mozilla/5.0 (Macintosh; Intel Mac OS X 10_7_5) AppleWebKit/537.31 (KHTML, like Gecko) Chrome/26.0.1410.65 Safari/537.31"
70.45.29.128 - - [23/May/2013:00:53:16 -0400] "GET /wp-content/plugins/gravityforms/images/icon-delete.png HTTP/1.1" 304 - "http://www.satenspr.com/wp-admin/admin.php?page=gf_edit_forms&id=7" "Mozilla/5.0 (Macintosh; Intel Mac OS X 10_7_5) AppleWebKit/537.31 (KHTML, like Gecko) Chrome/26.0.1410.65 Safari/537.31"
70.45.29.128 - - [23/May/2013:00:53:16 -0400] "GET /wp-content/plugins/gravityforms/images/icon-edit.png HTTP/1.1" 304 - "http://www.satenspr.com/wp-admin/admin.php?page=gf_edit_forms&id=7" "Mozilla/5.0 (Macintosh; Intel Mac OS X 10_7_5) AppleWebKit/537.31 (KHTML, like Gecko) Chrome/26.0.1410.65 Safari/537.31"
70.45.29.128 - - [23/May/2013:00:53:16 -0400] "GET /wp-content/plugins/gravityforms/images/gf-expand-title-bg.png HTTP/1.1" 304 - "http://www.satenspr.com/wp-admin/admin.php?page=gf_edit_forms&id=7" "Mozilla/5.0 (Macintosh; Intel Mac OS X 10_7_5) AppleWebKit/537.31 (KHTML, like Gecko) Chrome/26.0.1410.65 Safari/537.31"
70.45.29.128 - - [23/May/2013:00:53:16 -0400] "GET /wp-content/plugins/gravityforms/images/gf-fieldsettings-header.jpg HTTP/1.1" 304 - "http://www.satenspr.com/wp-admin/admin.php?page=gf_edit_forms&id=7" "Mozilla/5.0 (Macintosh; Intel Mac OS X 10_7_5) AppleWebKit/537.31 (KHTML, like Gecko) Chrome/26.0.1410.65 Safari/537.31"
70.45.29.128 - - [23/May/2013:00:53:17 -0400] "GET /wp-content/plugins/gravityforms/images/icon-duplicate.png HTTP/1.1" 304 - "http://www.satenspr.com/wp-admin/admin.php?page=gf_edit_forms&id=7" "Mozilla/5.0 (Macintosh; Intel Mac OS X 10_7_5) AppleWebKit/537.31 (KHTML, like Gecko) Chrome/26.0.1410.65 Safari/537.31"
181.29.138.140 - - [23/May/2013:00:53:23 -0400] "GET /wp-includes/js/thickbox/thickbox.css?ver=20121105 HTTP/1.1" 200 4114 "http://www.satenspr.com/wp-admin/themes.php" "Mozilla/5.0 (Windows NT 6.1; WOW64) AppleWebKit/537.36 (KHTML, like Gecko) Chrome/29.0.1512.0 Safari/537.36"
181.29.138.140 - - [23/May/2013:00:53:23 -0400] "GET /wp-content/plugins/gravityforms/js/jquery.simplemodal-1.3.min.js HTTP/1.1" 200 8669 "http://www.satenspr.com/wp-admin/themes.php" "Mozilla/5.0 (Windows NT 6.1; WOW64) AppleWebKit/537.36 (KHTML, like Gecko) Chrome/29.0.1512.0 Safari/537.36"
