70.45.29.128 - - [23/May/2013:00:24:11 -0400] "GET /wp-includes/js/hoverIntent.min.js?ver=r6 HTTP/1.1" 200 996 "http://www.satenspr.com/wp-admin/admin.php?page=gf_edit_forms" "Mozilla/5.0 (Macintosh; Intel Mac OS X 10_7_5) AppleWebKit/537.31 (KHTML, like Gecko) Chrome/26.0.1410.65 Safari/537.31"
70.45.29.128 - - [23/May/2013:00:24:11 -0400] "GET /wp-content/plugins/gravityforms/js/qtip_init.js?ver=1.7.4 HTTP/1.1" 200 2965 "http://www.satenspr.com/wp-admin/admin.php?page=gf_edit_forms" "Mozilla/5.0 (Macintosh; Intel Mac OS X 10_7_5) AppleWebKit/537.31 (KHTML, like Gecko) Chrome/26.0.1410.65 Safari/537.31"
70.45.29.128 - - [23/May/2013:00:24:11 -0400] "GET /wp-includes/js/jquery/ui/jquery.ui.menu.min.js?ver=1.9.2 HTTP/1.1" 200 9225 "http://www.satenspr.com/wp-admin/admin.php?page=gf_edit_forms" "Mozilla/5.0 (Macintosh; Intel Mac OS X 10_7_5) AppleWebKit/537.31 (KHTML, like Gecko) Chrome/26.0.1410.65 Safari/537.31"
70.45.29.128 - - [23/May/2013:00:24:11 -0400] "GET /wp-includes/js/jquery/ui/jquery.ui.autocomplete.min.js?ver=1.9.2 HTTP/1.1" 200 7723 "http://www.satenspr.com/wp-admin/admin.php?page=gf_edit_forms" "Mozilla/5.0 (Macintosh; Intel Mac OS X 10_7_5) AppleWebKit/537.31 (KHTML, like Gecko) Chrome/26.0.1410.65 Safari/537.31"
70.45.29.128 - - [23/May/2013:00:24:11 -0400] "GET /wp-includes/js/thickbox/thickbox.js?ver=3.1-20121105 HTTP/1.1" 200 12417 "http://www.satenspr.com/wp-admin/admin.php?page=gf_edit_forms" "Mozilla/5.0 (Macintosh; Intel Mac OS X 10_7_5) AppleWebKit/537.31 (KHTML, like Gecko) Chrome/26.0.1410.65 Safari/537.31"
70.45.29.128 - - [23/May/2013:00:24:11 -0400] "GET /wp-includes/js/tw-sack.min.js?ver=1.6.1 HTTP/1.1" 200 3619 "http://www.satenspr.com/wp-admin/admin.php?page=gf_edit_forms" "Mozilla/5.0 (Macintosh; Intel Mac OS X 10_7_5) AppleWebKit/537.31 (KHTML, like Gecko) Chrome/26.0.1410.65 Safari/537.31"
70.45.29.128 - - [23/May/2013:00:24:11 -0400] "GET /wp-content/plugins/gravityforms/js/form_admin.js HTTP/1.1" 200 39945 "http://www.satenspr.com/wp-admin/admin.php?page=gf_edit_forms" "Mozilla/5.0 (Macintosh; Intel Mac OS X 10_7_5) AppleWebKit/537.31 (KHTML, like Gecko) Chrome/26.0.1410.65 Safari/537.31"
70.45.29.128 - - [23/May/2013:00:24:12 -0400] "GET /wp-content/plugins/gravityforms/js/form_admin.js?ver=1.7.4 HTTP/1.1" 200 39945 "http://www.satenspr.com/wp-admin/admin.php?page=gf_edit_forms" "Mozilla/5.0 (Macintosh; Intel Mac OS X 10_7_5) AppleWebKit/537.31 (KHTML, like Gecko) Chrome/26.0.1410.65 Safari/537.31"
70.45.29.128 - - [23/May/2013:00:24:12 -0400] "GET /wp-content/plugins/gravityforms/css/admin.css HTTP/1.1" 200 89062 "http://www.satenspr.com/wp-admin/admin.php?page=gf_edit_forms" "Mozilla/5.0 (Macintosh; Intel Mac OS X 10_7_5) AppleWebKit/537.31 (KHTML, like Gecko) Chrome/26.0.1410.65 Safari/537.31"
70.45.29.128 - - [23/May/2013:00:24:12 -0400] "GET /wp-content/plugins/gravityforms/images/active1.png HTTP/1.1" 200 727 "http://www.satenspr.com/wp-admin/admin.php?page=gf_edit_forms" "Mozilla/5.0 (Macintosh; Intel Mac OS X 10_7_5) AppleWebKit/537.31 (KHTML, like Gecko) Chrome/26.0.1410.65 Safari/537.31"
70.45.29.128 - - [23/May/2013:00:24:12 -0400] "GET /wp-content/plugins/gravityforms/css/datepicker.css HTTP/1.1" 200 6850 "http://www.satenspr.com/wp-admin/admin.php?page=gf_edit_forms" "Mozilla/5.0 (Macintosh; Intel Mac OS X 10_7_5) AppleWebKit/537.31 (KHTML, like Gecko) Chrome/26.0.1410.65 Safari/537.31"
70.45.29.128 - - [23/May/2013:00:24:12 -0400] "GET /wp-content/plugins/gravityforms/css/jquery-ui.custom.css HTTP/1.1" 200 2466 "http://www.satenspr.com/wp-admin/admin.php?page=gf_edit_forms" "Mozilla/5.0 (Macintosh; Intel Mac OS X 10_7_5) AppleWebKit/537.31 (KHTML, like Gecko) Chrome/26.0.1410.65 Safari/537.31"
70.45.29.128 - - [23/May/2013:00:24:12 -0400] "GET /wp-content/plugins/gravityforms/css/rtl.css HTTP/1.1" 200 19440 "http://www.satenspr.com/wp-admin/admin.php?page=gf_edit_forms" "Mozilla/5.0 (Macintosh; Intel Mac OS X 10_7_5) AppleWebKit/537.31 (KHTML, like Gecko) Chrome/26.0.1410.65 Safari/537.31"
70.45.29.128 - - [23/May/2013:00:24:12 -0400] "GET /wp-content/plugins/gravityforms/images/gf-32-iconsprite.png HTTP/1.1" 200 5750 "http://www.satenspr.com/wp-admin/admin.php?page=gf_edit_forms" "Mozilla/5.0 (Macintosh; Intel Mac OS X 10_7_5) AppleWebKit/537.31 (KHTML, like Gecko) Chrome/26.0.1410.65 Safari/537.31"
70.45.29.128 - - [23/May/2013:00:24:12 -0400] "GET /wp-content/plugins/gravityforms/images/icon-question.png HTTP/1.1" 200 1282 "http://www.satenspr.com/wp-admin/admin.php?page=gf_edit_forms" "Mozilla/5.0 (Macintosh; Intel Mac OS X 10_7_5) AppleWebKit/537.31 (KHTML, like Gecko) Chrome/26.0.1410.65 Safari/537.31"
70.45.29.128 - - [23/May/2013:00:24:16 -0400] "GET /wp-includes/js/jquery/ui/jquery.ui.mouse.min.js?ver=1.9.2 HTTP/1.1" 200 2864 "http://www.satenspr.com/wp-admin/admin.php?page=gf_edit_forms&id=7" "Mozilla/5.0 (Macintosh; Intel Mac OS X 10_7_5) AppleWebKit/537.31 (KHTML, like Gecko) Chrome/26.0.1410.65 Safari/537.31"
70.45.29.128 - - [23/May/2013:00:24:16 -0400] "GET /wp-includes/js/jquery/ui/jquery.ui.sortable.min.js?ver=1.9.2 HTTP/1.1" 200 23582 "http://www.satenspr.com/wp-admin/admin.php?page=gf_edit_forms&id=7" "Mozilla/5.0 (Macintosh; Intel Mac OS X 10_7_5) AppleWebKit/537.31 (KHTML, like Gecko) Chrome/26.0.1410.65 Safari/537.31"
70.45.29.128 - - [23/May/2013:00:24:16 -0400] "GET /wp-includes/js/jquery/ui/jquery.ui.tabs.min.js?ver=1.9.2 HTTP/1.1" 200 18572 "http://www.satenspr.com/wp-admin/admin.php?page=gf_edit_forms&id=7" "Mozilla/5.0 (Macintosh; Intel Mac OS X 10_7_5) AppleWebKit/537.31 (KHTML, like Gecko) Chrome/26.0.1410.65 Safari/537.31"
70.45.29.128 - - [23/May/2013:00:24:17 -0400] "GET /wp-content/plugins/gravityforms/js/gravityforms.js?ver=1.7.4 HTTP/1.1" 200 32866 "http://www.satenspr.com/wp-admin/admin.php?page=gf_edit_forms&id=7" "Mozilla/5.0 (Macintosh; Intel Mac OS X 10_7_5) AppleWebKit/537.31 (KHTML, like Gecko) Chrome/26.0.1410.65 Safari/537.31"
70.45.29.128 - - [23/May/2013:00:24:17 -0400] "GET /wp-content/plugins/gravityforms/js/forms.js?ver=1.7.4 HTTP/1.1" 200 11537 "http://www.satenspr.com/wp-admin/admin.php?page=gf_edit_forms&id=7" "Mozilla/5.0 (Macintosh; Intel Mac OS X 10_7_5) AppleWebKit/537.31 (KHTML, like Gecko) Chrome/26.0.1410.65 Safari/537.31"
70.45.29.128 - - [23/May/2013:00:24:17 -0400] "GET /wp-content/plugins/gravityforms/js/floatmenu_init.js?ver=1.7.4 HTTP/1.1" 200 529 "http://www.satenspr.com/wp-admin/admin.php?page=gf_edit_forms&id=7" "Mozilla/5.0 (Macintosh; Intel Mac OS X 10_7_5) AppleWebKit/537.31 (KHTML, like Gecko) Chrome/26.0.1410.65 Safari/537.31"
70.45.29.128 - - [23/May/2013:00:24:17 -0400] "GET /wp-content/plugins/gravityforms/js/menu.js?ver=1.7.4 HTTP/1.1" 200 1229 "http://www.satenspr.com/wp-admin/admin.php?page=gf_edit_forms&id=7" "Mozilla/5.0 (Macintosh; Intel Mac OS X 10_7_5) AppleWebKit/537.31 (KHTML, like Gecko) Chrome/26.0.1410.65 Safari/537.31"
70.45.29.128 - - [23/May/2013:00:24:17 -0400] "GET /wp-content/plugins/gravityforms/js/jquery.placeholder.1.2.min.js?ver=1.7.4 HTTP/1.1" 200 1705 "http://www.satenspr.com/wp-admin/admin.php?page=gf_edit_forms&id=7" "Mozilla/5.0 (Macintosh; Intel Mac OS X 10_7_5) AppleWebKit/537.31 (KHTML, like Gecko) Chrome/26.0.1410.65 Safari/537.31"
70.45.29.128 - - [23/May/2013:00:24:17 -0400] "GET /wp-content/plugins/gravityforms/css/admin.css?ver=1.7.4 HTTP/1.1" 200 89062 "http://www.satenspr.com/wp-admin/admin.php?page=gf_edit_forms&id=7" "Mozilla/5.0 (Macintosh; Intel Mac OS X 10_7_5) AppleWebKit/537.31 (KHTML, like Gecko) Chrome/26.0.1410.65 Safari/537.31"
70.45.29.128 - - [23/May/2013:00:24:17 -0400] "GET /wp-content/plugins/gravityforms/images/gf-pagebreak-first.png HTTP/1.1" 200 6718 "http://www.satenspr.com/wp-admin/admin.php?page=gf_edit_forms&id=7" "Mozilla/5.0 (Macintosh; Intel Mac OS X 10_7_5) AppleWebKit/537.31 (KHTML, like Gecko) Chrome/26.0.1410.65 Safari/537.31"
70.45.29.128 - - [23/May/2013:00:24:17 -0400] "GET /wp-content/plugins/gravityforms/images/blank.gif HTTP/1.1" 200 43 "http://www.satenspr.com/wp-admin/admin.php?page=gf_edit_forms&id=7" "Mozilla/5.0 (Macintosh; Intel Mac OS X 10_7_5) AppleWebKit/537.31 (KHTML, like Gecko) Chrome/26.0.1410.65 Safari/537.31"
70.45.29.128 - - [23/May/2013:00:24:17 -0400] "GET /wp-content/plugins/gravityforms/images/color.png HTTP/1.1" 200 892 "http://www.satenspr.com/wp-admin/admin.php?page=gf_edit_forms&id=7" "Mozilla/5.0 (Macintosh; Intel Mac OS X 10_7_5) AppleWebKit/537.31 (KHTML, like Gecko) Chrome/26.0.1410.65 Safari/537.31"
70.45.29.128 - - [23/May/2013:00:24:17 -0400] "GET /wp-content/plugins/gravityforms/images/gf-pagebreak-end.png HTTP/1.1" 200 6531 "http://www.satenspr.com/wp-admin/admin.php?page=gf_edit_forms&id=7" "Mozilla/5.0 (Macintosh; Intel Mac OS X 10_7_5) AppleWebKit/537.31 (KHTML, like Gecko) Chrome/26.0.1410.65 Safari/537.31"
70.45.29.128 - - [23/May/2013:00:24:18 -0400] "GET /wp-admin/admin.php?page=gf_edit_forms&id=7 HTTP/1.1" 200 341880 "http://www.satenspr.com/wp-admin/admin.php?page=gf_edit_forms" "Mozilla/5.0 (Macintosh; Intel Mac OS X 10_7_5) AppleWebKit/537.31 (KHTML, like Gecko) Chrome/26.0.1410.65 Safari/537.31"
70.45.29.128 - - [23/May/2013:00:24:18 -0400] "GET /wp-content/plugins/gravityforms/images/gf-toolbar-bg.jpg HTTP/1.1" 200 187 "http://www.satenspr.com/wp-admin/admin.php?page=gf_edit_forms&id=7" "Mozilla/5.0 (Macintosh; Intel Mac OS X 10_7_5) AppleWebKit/537.31 (KHTML, like Gecko) Chrome/26.0.1410.65 Safari/537.31"
70.45.29.128 - - [23/May/2013:00:24:18 -0400] "GET /wp-content/plugins/gravityforms/images/gf-toolbar-iconsprite.png HTTP/1.1" 200 3407 "http://www.satenspr.com/wp-admin/admin.php?page=gf_edit_forms&id=7" "Mozilla/5.0 (Macintosh; Intel Mac OS X 10_7_5) AppleWebKit/537.31 (KHTML, like Gecko) Chrome/26.0.1410.65 Safari/537.31"
70.45.29.128 - - [23/May/2013:00:24:18 -0400] "GET /wp-content/plugins/gravityforms/images/icon-delete.png HTTP/1.1" 200 1261 "http://www.satenspr.com/wp-admin/admin.php?page=gf_edit_forms&id=7" "Mozilla/5.0 (Macintosh; Intel Mac OS X 10_7_5) AppleWebKit/537.31 (KHTML, like Gecko) Chrome/26.0.1410.65 Safari/537.31"
70.45.29.128 - - [23/May/2013:00:24:18 -0400] "GET /wp-content/plugins/gravityforms/images/icon-duplicate.png HTTP/1.1" 200 1285 "http://www.satenspr.com/wp-admin/admin.php?page=gf_edit_forms&id=7" "Mozilla/5.0 (Macintosh; Intel Mac OS X 10_7_5) AppleWebKit/537.31 (KHTML, like Gecko) Chrome/26.0.1410.65 Safari/537.31"
70.45.29.128 - - [23/May/2013:00:24:18 -0400] "GET /wp-content/plugins/gravityforms/images/icon-edit.png HTTP/1.1" 200 1348 "http://www.satenspr.com/wp-admin/admin.php?page=gf_edit_forms&id=7" "Mozilla/5.0 (Macintosh; Intel Mac OS X 10_7_5) AppleWebKit/537.31 (KHTML, like Gecko) Chrome/26.0.1410.65 Safari/537.31"
70.45.29.128 - - [23/May/2013:00:24:18 -0400] "GET /wp-content/plugins/gravityforms/js/form_editor.js?ver=1.7.4 HTTP/1.1" 200 88927 "http://www.satenspr.com/wp-admin/admin.php?page=gf_edit_forms&id=7" "Mozilla/5.0 (Macintosh; Intel Mac OS X 10_7_5) AppleWebKit/537.31 (KHTML, like Gecko) Chrome/26.0.1410.65 Safari/537.31"
70.45.29.128 - - [23/May/2013:00:24:18 -0400] "GET /wp-content/plugins/gravityforms/images/gf-expand-title-bg.png HTTP/1.1" 200 822 "http://www.satenspr.com/wp-admin/admin.php?page=gf_edit_forms&id=7" "Mozilla/5.0 (Macintosh; Intel Mac OS X 10_7_5) AppleWebKit/537.31 (KHTML, like Gecko) Chrome/26.0.1410.65 Safari/537.31"
70.45.29.128 - - [23/May/2013:00:24:18 -0400] "GET /wp-content/plugins/gravityforms/images/loading.gif HTTP/1.1" 200 1849 "http://www.satenspr.com/wp-admin/admin.php?page=gf_edit_forms&id=7" "Mozilla/5.0 (Macintosh; Intel Mac OS X 10_7_5) AppleWebKit/537.31 (KHTML, like Gecko) Chrome/26.0.1410.65 Safari/537.31"
70.45.29.128 - - [23/May/2013:00:24:19 -0400] "GET /wp-content/plugins/gravityforms/images/gf-fieldsettings-header.jpg HTTP/1.1" 200 559 "http://www.satenspr.com/wp-admin/admin.php?page=gf_edit_forms&id=7" "Mozilla/5.0 (Macintosh; Intel Mac OS X 10_7_5) AppleWebKit/537.31 (KHTML, like Gecko) Chrome/26.0.1410.65 Safari/537.31"
70.45.29.128 - - [23/May/2013:00:24:24 -0400] "GET /wp-content/plugins/gravityforms/images/arrow-handle.png HTTP/1.1" 200 1110 "http://www.satenspr.com/wp-admin/admin.php?page=gf_edit_forms&id=7" "Mozilla/5.0 (Macintosh; Intel Mac OS X 10_7_5) AppleWebKit/537.31 (KHTML, like Gecko) Chrome/26.0.1410.65 Safari/537.31"
70.45.29.128 - - [23/May/2013:00:24:24 -0400] "GET /wp-content/plugins/gravityforms/images/add.png HTTP/1.1" 200 3448 "http://www.satenspr.com/wp-admin/admin.php?page=gf_edit_forms&id=7" "Mozilla/5.0 (Macintosh; Intel Mac OS X 10_7_5) AppleWebKit/537.31 (KHTML, like Gecko) Chrome/26.0.1410.65 Safari/537.31"
70.45.29.128 - - [23/May/2013:00:24:24 -0400] "GET /wp-content/plugins/gravityforms/images/remove.png HTTP/1.1" 200 3401 "http://www.satenspr.com/wp-admin/admin.php?page=gf_edit_forms&id=7" "Mozilla/5.0 (Macintosh; Intel Mac OS X 10_7_5) AppleWebKit/537.31 (KHTML, like Gecko) Chrome/26.0.1410.65 Safari/537.31"
70.45.29.128 - - [23/May/2013:00:24:24 -0400] "GET /wp-content/plugins/gravityforms/images/icon-close.png HTTP/1.1" 200 1216 "http://www.satenspr.com/wp-admin/admin.php?page=gf_edit_forms&id=7" "Mozilla/5.0 (Macintosh; Intel Mac OS X 10_7_5) AppleWebKit/537.31 (KHTML, like Gecko) Chrome/26.0.1410.65 Safari/537.31"
70.45.29.128 - - [23/May/2013:00:24:24 -0400] "GET /wp-content/plugins/gravityforms/images/gf-taboff-bg.png HTTP/1.1" 200 187 "http://www.satenspr.com/wp-admin/admin.php?page=gf_edit_forms&id=7" "Mozilla/5.0 (Macintosh; Intel Mac OS X 10_7_5) AppleWebKit/537.31 (KHTML, like Gecko) Chrome/26.0.1410.65 Safari/537.31"
181.29.138.140 - - [23/May/2013:00:24:31 -0400] "GET /registro-de-estudiantes/ HTTP/1.1" 200 18350 "http://www.satenspr.com/agregar-estudiante/" "Mozilla/5.0 (Windows NT 6.1; WOW64) AppleWebKit/537.36 (KHTML, like Gecko) Chrome/29.0.1512.0 Safari/537.36"
70.45.29.128 - - [23/May/2013:00:25:11 -0400] "GET /wp-content/plugins/gravityforms/images/gf-hovergrad-bg.png HTTP/1.1" 200 208 "http://www.satenspr.com/wp-admin/admin.php?page=gf_edit_forms&id=7" "Mozilla/5.0 (Macintosh; Intel Mac OS X 10_7_5) AppleWebKit/537.31 (KHTML, like Gecko) Chrome/26.0.1410.65 Safari/537.31"
70.45.29.128 - - [23/May/2013:00:25:16 -0400] "POST /wp-admin/admin-ajax.php?id=7 HTTP/1.1" 200 1937 "http://www.satenspr.com/wp-admin/admin.php?page=gf_edit_forms&id=7" "Mozilla/5.0 (Macintosh; Intel Mac OS X 10_7_5) AppleWebKit/537.31 (KHTML, like Gecko) Chrome/26.0.1410.65 Safari/537.31"
70.45.29.128 - - [23/May/2013:00:27:56 -0400] "POST /wp-admin/admin-ajax.php HTTP/1.1" 200 30 "http://www.satenspr.com/wp-admin/admin.php?page=gf_edit_forms&id=7" "Mozilla/5.0 (Macintosh; Intel Mac OS X 10_7_5) AppleWebKit/537.31 (KHTML, like Gecko) Chrome/26.0.1410.65 Safari/537.31"
70.45.29.128 - - [23/May/2013:00:29:13 -0400] "POST /wp-admin/admin.php?page=gf_edit_forms&id=7 HTTP/1.1" 200 338714 "http://www.satenspr.com/wp-admin/admin.php?page=gf_edit_forms&id=7" "Mozilla/5.0 (Macintosh; Intel Mac OS X 10_7_5) AppleWebKit/537.31 (KHTML, like Gecko) Chrome/26.0.1410.65 Safari/537.31"
70.45.29.128 - - [23/May/2013:00:29:46 -0400] "POST /wp-admin/admin.php?page=gf_edit_forms&id=7 HTTP/1.1" 200 346867 "http://www.satenspr.com/wp-admin/admin.php?page=gf_edit_forms&id=7" "Mozilla/5.0 (Macintosh; Intel Mac OS X 10_7_5) AppleWebKit/537.31 (KHTML, like Gecko) Chrome/26.0.1410.65 Safari/537.31"
181.29.138.140 - - [23/May/2013:00:29:53 -0400] "GET /agregar-estudiante/ HTTP/1.1" 200 33272 "http://www.satenspr.com/registro-de-estudiantes/" "Mozilla/5.0 (Windows NT 6.1; WOW64) AppleWebKit/537.36 (KHTML, like Gecko) Chrome/29.0.1512.0 Safari/537.36"
181.29.138.140 - - [23/May/2013:00:30:12 -0400] "GET /wp-content/plugins/gravityforms/images/datepicker/arrow.png HTTP/1.1" 200 451 "http://www.satenspr.com/agregar-estudiante/" "Mozilla/5.0 (Windows NT 6.1; WOW64) AppleWebKit/537.36 (KHTML, like Gecko) Chrome/29.0.1512.0 Safari/537.36"
181.29.138.140 - - [23/May/2013:00:30:54 -0400] "POST /agregar-estudiante/ HTTP/1.1" 200 15173 "http://www.satenspr.com/agregar-estudiante/" "Mozilla/5.0 (Windows NT 6.1; WOW64) AppleWebKit/537.36 (KHTML, like Gecko) Chrome/29.0.1512.0 Safari/537.36"
181.29.138.140 - - [23/May/2013:00:31:11 -0400] "GET /agregar-estudiante/ HTTP/1.1" 200 33272 "http://www.satenspr.com/agregar-estudiante/" "Mozilla/5.0 (Windows NT 6.1; WOW64) AppleWebKit/537.36 (KHTML, like Gecko) Chrome/29.0.1512.0 Safari/537.36"
181.29.138.140 - - [23/May/2013:00:32:00 -0400] "POST /agregar-estudiante/ HTTP/1.1" 200 15166 "http://www.satenspr.com/agregar-estudiante/" "Mozilla/5.0 (Windows NT 6.1; WOW64) AppleWebKit/537.36 (KHTML, like Gecko) Chrome/29.0.1512.0 Safari/537.36"
181.29.138.140 - - [23/May/2013:00:32:05 -0400] "GET /registro-de-estudiantes/ HTTP/1.1" 200 20623 "http://www.satenspr.com/agregar-estudiante/" "Mozilla/5.0 (Windows NT 6.1; WOW64) AppleWebKit/537.36 (KHTML, like Gecko) Chrome/29.0.1512.0 Safari/537.36"
181.29.138.140 - - [23/May/2013:00:32:05 -0400] "GET /wp-content/plugins/gravity-forms-addons/colorbox/example3/colorbox.css?ver=3.5.1 HTTP/1.1" 304 - "http://www.satenspr.com/registro-de-estudiantes/" "Mozilla/5.0 (Windows NT 6.1; WOW64) AppleWebKit/537.36 (KHTML, like Gecko) Chrome/29.0.1512.0 Safari/537.36"
181.29.138.140 - - [23/May/2013:00:32:05 -0400] "GET /wp-content/plugins/gravity-forms-addons/colorbox/js/jquery.colorbox-min.js?ver=3.5.1 HTTP/1.1" 304 - "http://www.satenspr.com/registro-de-estudiantes/" "Mozilla/5.0 (Windows NT 6.1; WOW64) AppleWebKit/537.36 (KHTML, like Gecko) Chrome/29.0.1512.0 Safari/537.36"
181.29.138.140 - - [23/May/2013:00:32:25 -0400] "GET /registro-de-estudiantes/entry/7/7/ HTTP/1.1" 404 13311 "http://www.satenspr.com/registro-de-estudiantes/" "Mozilla/5.0 (Windows NT 6.1; WOW64) AppleWebKit/537.36 (KHTML, like Gecko) Chrome/29.0.1512.0 Safari/537.36"
70.45.29.128 - - [23/May/2013:00:32:37 -0400] "POST /wp-admin/admin.php?page=gf_edit_forms&id=7 HTTP/1.1" 200 339338 "http://www.satenspr.com/wp-admin/admin.php?page=gf_edit_forms&id=7" "Mozilla/5.0 (Macintosh; Intel Mac OS X 10_7_5) AppleWebKit/537.31 (KHTML, like Gecko) Chrome/26.0.1410.65 Safari/537.31"
181.29.138.140 - - [23/May/2013:00:32:44 -0400] "GET /wp-admin/edit.php?post_type=page HTTP/1.1" 200 19857 "http://www.satenspr.com/wp-admin/nav-menus.php" "Mozilla/5.0 (Windows NT 6.1; WOW64) AppleWebKit/537.36 (KHTML, like Gecko) Chrome/29.0.1512.0 Safari/537.36"
181.29.138.140 - - [23/May/2013:00:32:46 -0400] "GET /wp-admin/edit.php?post_type=page HTTP/1.1" 200 49715 "http://www.satenspr.com/wp-admin/nav-menus.php" "Mozilla/5.0 (Windows NT 6.1; WOW64) AppleWebKit/537.36 (KHTML, like Gecko) Chrome/29.0.1512.0 Safari/537.36"
181.29.138.140 - - [23/May/2013:00:32:58 -0400] "POST /wp-admin/admin-ajax.php HTTP/1.1" 200 2282 "http://www.satenspr.com/wp-admin/edit.php?post_type=page" "Mozilla/5.0 (Windows NT 6.1; WOW64) AppleWebKit/537.36 (KHTML, like Gecko) Chrome/29.0.1512.0 Safari/537.36"
181.29.138.140 - - [23/May/2013:00:33:02 -0400] "GET /registro-de-estudiantes/entry/7/7/ HTTP/1.1" 404 13311 "http://www.satenspr.com/registro-de-estudiantes/" "Mozilla/5.0 (Windows NT 6.1; WOW64) AppleWebKit/537.36 (KHTML, like Gecko) Chrome/29.0.1512.0 Safari/537.36"
181.29.138.140 - - [23/May/2013:00:33:02 -0400] "GET /wp-includes/css/admin-bar.min.css?ver=3.5.1 HTTP/1.1" 304 - "http://www.satenspr.com/registro-de-estudiantes/" "Mozilla/5.0 (Windows NT 6.1; WOW64) AppleWebKit/537.36 (KHTML, like Gecko) Chrome/29.0.1512.0 Safari/537.36"
181.29.138.140 - - [23/May/2013:00:33:02 -0400] "GET /wp-content/themes/satens-theme/style.css?ver=3.5.1 HTTP/1.1" 304 - "http://www.satenspr.com/registro-de-estudiantes/" "Mozilla/5.0 (Windows NT 6.1; WOW64) AppleWebKit/537.36 (KHTML, like Gecko) Chrome/29.0.1512.0 Safari/537.36"
181.29.138.140 - - [23/May/2013:00:33:02 -0400] "GET /wp-content/plugins/wp-ui/wp-ui.css?ver=3.5.1 HTTP/1.1" 304 - "http://www.satenspr.com/registro-de-estudiantes/" "Mozilla/5.0 (Windows NT 6.1; WOW64) AppleWebKit/537.36 (KHTML, like Gecko) Chrome/29.0.1512.0 Safari/537.36"
181.29.138.140 - - [23/May/2013:00:33:02 -0400] "GET /wp-content/plugins/wp-ui/css/wpui-light.css?ver=3.5.1 HTTP/1.1" 304 - "http://www.satenspr.com/registro-de-estudiantes/" "Mozilla/5.0 (Windows NT 6.1; WOW64) AppleWebKit/537.36 (KHTML, like Gecko) Chrome/29.0.1512.0 Safari/537.36"
181.29.138.140 - - [23/May/2013:00:33:02 -0400] "GET /wp-includes/js/jquery/jquery.js?ver=1.8.3 HTTP/1.1" 304 - "http://www.satenspr.com/registro-de-estudiantes/" "Mozilla/5.0 (Windows NT 6.1; WOW64) AppleWebKit/537.36 (KHTML, like Gecko) Chrome/29.0.1512.0 Safari/537.36"
181.29.138.140 - - [23/May/2013:00:33:02 -0400] "GET /wp-content/plugins/wp-ui/js/wp-ui.js?ver=0.8.5 HTTP/1.1" 304 - "http://www.satenspr.com/registro-de-estudiantes/" "Mozilla/5.0 (Windows NT 6.1; WOW64) AppleWebKit/537.36 (KHTML, like Gecko) Chrome/29.0.1512.0 Safari/537.36"
181.29.138.140 - - [23/May/2013:00:33:02 -0400] "GET /wp-content/themes/twentytwelve/style.css HTTP/1.1" 304 - "http://www.satenspr.com/registro-de-estudiantes/" "Mozilla/5.0 (Windows NT 6.1; WOW64) AppleWebKit/537.36 (KHTML, like Gecko) Chrome/29.0.1512.0 Safari/537.36"
181.29.138.140 - - [23/May/2013:00:33:02 -0400] "GET /wp-includes/js/admin-bar.min.js?ver=3.5.1 HTTP/1.1" 304 - "http://www.satenspr.com/registro-de-estudiantes/" "Mozilla/5.0 (Windows NT 6.1; WOW64) AppleWebKit/537.36 (KHTML, like Gecko) Chrome/29.0.1512.0 Safari/537.36"
181.29.138.140 - - [23/May/2013:00:33:02 -0400] "GET /wp-content/themes/twentytwelve/js/navigation.js?ver=1.0 HTTP/1.1" 304 - "http://www.satenspr.com/registro-de-estudiantes/" "Mozilla/5.0 (Windows NT 6.1; WOW64) AppleWebKit/537.36 (KHTML, like Gecko) Chrome/29.0.1512.0 Safari/537.36"
181.29.138.140 - - [23/May/2013:00:33:04 -0400] "GET /wp-content/plugins/wp-ui/css/css.php?styles=wpui-light%7Cwpui-blue%7Cwpui-red%7Cwpui-green%7Cwpui-dark%7Cwpui-quark%7Cwpui-alma%7Cwpui-macish%7Cwpui-redmond%7Cwpui-sevin&ver=3.5.1 HTTP/1.1" 200 128485 "http://www.satenspr.com/registro-de-estudiantes/entry/7/7/" "Mozilla/5.0 (Windows NT 6.1; WOW64) AppleWebKit/537.36 (KHTML, like Gecko) Chrome/29.0.1512.0 Safari/537.36"
181.29.138.140 - - [23/May/2013:00:33:04 -0400] "GET /wp-content/uploads/2013/04/headerlogo.png HTTP/1.1" 304 - "http://www.satenspr.com/registro-de-estudiantes/" "Mozilla/5.0 (Windows NT 6.1; WOW64) AppleWebKit/537.36 (KHTML, like Gecko) Chrome/29.0.1512.0 Safari/537.36"
181.29.138.140 - - [23/May/2013:00:33:11 -0400] "GET /registro-de-estudiantes/entry/7/6/ HTTP/1.1" 404 13311 "http://www.satenspr.com/registro-de-estudiantes/" "Mozilla/5.0 (Windows NT 6.1; WOW64) AppleWebKit/537.36 (KHTML, like Gecko) Chrome/29.0.1512.0 Safari/537.36"
70.45.29.128 - - [23/May/2013:00:33:22 -0400] "POST /wp-admin/admin.php?page=gf_edit_forms&id=7 HTTP/1.1" 200 348445 "http://www.satenspr.com/wp-admin/admin.php?page=gf_edit_forms&id=7" "Mozilla/5.0 (Macintosh; Intel Mac OS X 10_7_5) AppleWebKit/537.31 (KHTML, like Gecko) Chrome/26.0.1410.65 Safari/537.31"
181.29.138.140 - - [23/May/2013:00:33:24 -0400] "POST /wp-login.php HTTP/1.1" 403 56 "http://www.satenspr.com/wp-login.php?redirect_to=http%3A%2F%2Fwww.satenspr.com%2Fwp-admin%2F&reauth=1" "Mozilla/5.0 (Windows NT 6.1; WOW64) AppleWebKit/537.36 (KHTML, like Gecko) Chrome/29.0.1512.0 Safari/537.36"
181.29.138.140 - - [23/May/2013:00:33:27 -0400] "GET / HTTP/1.1" 200 7969 "-" "Mozilla/5.0 (Windows NT 6.1; WOW64) AppleWebKit/537.36 (KHTML, like Gecko) Chrome/29.0.1512.0 Safari/537.36"
181.29.138.140 - - [23/May/2013:00:33:31 -0400] "GET /registro-de-estudiantes/ HTTP/1.1" 200 13489 "http://www.satenspr.com/" "Mozilla/5.0 (Windows NT 6.1; WOW64) AppleWebKit/537.36 (KHTML, like Gecko) Chrome/29.0.1512.0 Safari/537.36"
181.29.138.140 - - [23/May/2013:00:33:31 -0400] "GET /wp-content/plugins/gravity-forms-addons/colorbox/example3/colorbox.css?ver=3.5.1 HTTP/1.1" 200 2195 "http://www.satenspr.com/registro-de-estudiantes/" "Mozilla/5.0 (Windows NT 6.1; WOW64) AppleWebKit/537.36 (KHTML, like Gecko) Chrome/29.0.1512.0 Safari/537.36"
181.29.138.140 - - [23/May/2013:00:33:31 -0400] "GET /wp-content/plugins/gravity-forms-addons/colorbox/js/jquery.colorbox-min.js?ver=3.5.1 HTTP/1.1" 200 9763 "http://www.satenspr.com/registro-de-estudiantes/" "Mozilla/5.0 (Windows NT 6.1; WOW64) AppleWebKit/537.36 (KHTML, like Gecko) Chrome/29.0.1512.0 Safari/537.36"
181.29.138.140 - - [23/May/2013:00:33:32 -0400] "GET /wp-content/plugins/gravity-forms-addons/colorbox/example3/images/loading.gif HTTP/1.1" 200 9427 "http://www.satenspr.com/registro-de-estudiantes/" "Mozilla/5.0 (Windows NT 6.1; WOW64) AppleWebKit/537.36 (KHTML, like Gecko) Chrome/29.0.1512.0 Safari/537.36"
181.29.138.140 - - [23/May/2013:00:33:32 -0400] "GET /wp-content/plugins/gravity-forms-addons/colorbox/example3/images/controls.png HTTP/1.1" 200 1633 "http://www.satenspr.com/registro-de-estudiantes/" "Mozilla/5.0 (Windows NT 6.1; WOW64) AppleWebKit/537.36 (KHTML, like Gecko) Chrome/29.0.1512.0 Safari/537.36"
181.29.138.140 - - [23/May/2013:00:33:35 -0400] "GET /registro-de-estudiantes/entry/7/7/ HTTP/1.1" 404 6455 "http://www.satenspr.com/registro-de-estudiantes/" "Mozilla/5.0 (Windows NT 6.1; WOW64) AppleWebKit/537.36 (KHTML, like Gecko) Chrome/29.0.1512.0 Safari/537.36"
181.29.138.140 - - [23/May/2013:00:33:48 -0400] "GET /agregar-estudiante/ HTTP/1.1" 200 7831 "http://www.satenspr.com/registro-de-estudiantes/" "Mozilla/5.0 (Windows NT 6.1; WOW64) AppleWebKit/537.36 (KHTML, like Gecko) Chrome/29.0.1512.0 Safari/537.36"
181.29.138.140 - - [23/May/2013:00:33:48 -0400] "GET /wp-content/plugins/gravityforms/css/formreset.css?ver=1.7.4 HTTP/1.1" 200 4902 "http://www.satenspr.com/agregar-estudiante/" "Mozilla/5.0 (Windows NT 6.1; WOW64) AppleWebKit/537.36 (KHTML, like Gecko) Chrome/29.0.1512.0 Safari/537.36"
70.45.29.128 - - [23/May/2013:00:33:48 -0400] "GET /agregar-estudiante/ HTTP/1.1" 200 33089 "-" "Mozilla/5.0 (Macintosh; Intel Mac OS X 10_7_5) AppleWebKit/537.31 (KHTML, like Gecko) Chrome/26.0.1410.65 Safari/537.31"
181.29.138.140 - - [23/May/2013:00:33:48 -0400] "GET /wp-content/plugins/gravityforms/css/datepicker.css?ver=1.7.4 HTTP/1.1" 200 6850 "http://www.satenspr.com/agregar-estudiante/" "Mozilla/5.0 (Windows NT 6.1; WOW64) AppleWebKit/537.36 (KHTML, like Gecko) Chrome/29.0.1512.0 Safari/537.36"
181.29.138.140 - - [23/May/2013:00:33:48 -0400] "GET /wp-content/plugins/gravityforms/css/browsers.css?ver=1.7.4 HTTP/1.1" 200 6811 "http://www.satenspr.com/agregar-estudiante/" "Mozilla/5.0 (Windows NT 6.1; WOW64) AppleWebKit/537.36 (KHTML, like Gecko) Chrome/29.0.1512.0 Safari/537.36"
181.29.138.140 - - [23/May/2013:00:33:48 -0400] "GET /wp-includes/js/jquery/ui/jquery.ui.core.min.js?ver=1.9.2 HTTP/1.1" 200 4693 "http://www.satenspr.com/agregar-estudiante/" "Mozilla/5.0 (Windows NT 6.1; WOW64) AppleWebKit/537.36 (KHTML, like Gecko) Chrome/29.0.1512.0 Safari/537.36"
181.29.138.140 - - [23/May/2013:00:33:48 -0400] "GET /wp-content/plugins/gravityforms/js/datepicker.js?ver=1.7.4 HTTP/1.1" 200 1240 "http://www.satenspr.com/agregar-estudiante/" "Mozilla/5.0 (Windows NT 6.1; WOW64) AppleWebKit/537.36 (KHTML, like Gecko) Chrome/29.0.1512.0 Safari/537.36"
181.29.138.140 - - [23/May/2013:00:33:48 -0400] "GET /wp-includes/js/jquery/ui/jquery.ui.datepicker.min.js?ver=1.9.2 HTTP/1.1" 200 37629 "http://www.satenspr.com/agregar-estudiante/" "Mozilla/5.0 (Windows NT 6.1; WOW64) AppleWebKit/537.36 (KHTML, like Gecko) Chrome/29.0.1512.0 Safari/537.36"
181.29.138.140 - - [23/May/2013:00:33:48 -0400] "GET /wp-content/plugins/gravityforms/css/readyclass.css?ver=1.7.4 HTTP/1.1" 200 20412 "http://www.satenspr.com/agregar-estudiante/" "Mozilla/5.0 (Windows NT 6.1; WOW64) AppleWebKit/537.36 (KHTML, like Gecko) Chrome/29.0.1512.0 Safari/537.36"
181.29.138.140 - - [23/May/2013:00:33:49 -0400] "GET /wp-content/plugins/gravityforms/css/formsmain.css?ver=1.7.4 HTTP/1.1" 200 51685 "http://www.satenspr.com/agregar-estudiante/" "Mozilla/5.0 (Windows NT 6.1; WOW64) AppleWebKit/537.36 (KHTML, like Gecko) Chrome/29.0.1512.0 Safari/537.36"
181.29.138.140 - - [23/May/2013:00:33:59 -0400] "GET /wp-admin/ HTTP/1.1" 302 5 "http://www.satenspr.com/agregar-estudiante/" "Mozilla/5.0 (Windows NT 6.1; WOW64) AppleWebKit/537.36 (KHTML, like Gecko) Chrome/29.0.1512.0 Safari/537.36"
181.29.138.140 - - [23/May/2013:00:33:59 -0400] "GET /wp-login.php?redirect_to=http%3A%2F%2Fwww.satenspr.com%2Fwp-admin%2F&reauth=1 HTTP/1.1" 200 2254 "http://www.satenspr.com/agregar-estudiante/" "Mozilla/5.0 (Windows NT 6.1; WOW64) AppleWebKit/537.36 (KHTML, like Gecko) Chrome/29.0.1512.0 Safari/537.36"
181.29.138.140 - - [23/May/2013:00:34:06 -0400] "POST /wp-login.php HTTP/1.1" 403 56 "http://www.satenspr.com/wp-login.php?redirect_to=http%3A%2F%2Fwww.satenspr.com%2Fwp-admin%2F&reauth=1" "Mozilla/5.0 (Windows NT 6.1; WOW64) AppleWebKit/537.36 (KHTML, like Gecko) Chrome/29.0.1512.0 Safari/537.36"
181.29.138.140 - - [23/May/2013:00:34:13 -0400] "GET / HTTP/1.1" 200 7963 "-" "Mozilla/5.0 (Windows NT 6.1; WOW64) AppleWebKit/537.36 (KHTML, like Gecko) Chrome/29.0.1512.0 Safari/537.36"
181.29.138.140 - - [23/May/2013:00:34:24 -0400] "GET /wp-login.php HTTP/1.1" 200 2254 "-" "Mozilla/5.0 (Windows NT 6.1; WOW64) AppleWebKit/537.36 (KHTML, like Gecko) Chrome/29.0.1512.0 Safari/537.36"
70.45.29.128 - - [23/May/2013:00:34:42 -0400] "GET /wp-admin/admin.php?page=gf_edit_forms HTTP/1.1" 200 55146 "http://www.satenspr.com/wp-admin/" "Mozilla/5.0 (Macintosh; Intel Mac OS X 10_7_5) AppleWebKit/537.31 (KHTML, like Gecko) Chrome/26.0.1410.65 Safari/537.31"
70.45.29.128 - - [23/May/2013:00:34:42 -0400] "GET /wp-content/plugins/gravityforms/js/jquery.simplemodal-1.3.min.js HTTP/1.1" 304 - "http://www.satenspr.com/wp-admin/" "Mozilla/5.0 (Macintosh; Intel Mac OS X 10_7_5) AppleWebKit/537.31 (KHTML, like Gecko) Chrome/26.0.1410.65 Safari/537.31"
70.45.29.128 - - [23/May/2013:00:34:42 -0400] "GET /wp-content/plugins/gravityforms/images/gravity-admin-icon.png HTTP/1.1" 304 - "http://www.satenspr.com/wp-admin/" "Mozilla/5.0 (Macintosh; Intel Mac OS X 10_7_5) AppleWebKit/537.31 (KHTML, like Gecko) Chrome/26.0.1410.65 Safari/537.31"
70.45.29.128 - - [23/May/2013:00:34:48 -0400] "GET /wp-admin/admin.php?page=gf_edit_forms&id=7 HTTP/1.1" 200 339829 "http://www.satenspr.com/wp-admin/admin.php?page=gf_edit_forms" "Mozilla/5.0 (Macintosh; Intel Mac OS X 10_7_5) AppleWebKit/537.31 (KHTML, like Gecko) Chrome/26.0.1410.65 Safari/537.31"
70.45.29.128 - - [23/May/2013:00:34:48 -0400] "GET /wp-content/plugins/gravity-forms-addons/editor-icon.gif HTTP/1.1" 304 - "http://www.satenspr.com/wp-admin/" "Mozilla/5.0 (Macintosh; Intel Mac OS X 10_7_5) AppleWebKit/537.31 (KHTML, like Gecko) Chrome/26.0.1410.65 Safari/537.31"
181.29.138.140 - - [23/May/2013:00:34:51 -0400] "GET /wp-admin/nav-menus.php HTTP/1.1" 200 79103 "http://www.satenspr.com/wp-admin/edit.php?post_type=page" "Mozilla/5.0 (Windows NT 6.1; WOW64) AppleWebKit/537.36 (KHTML, like Gecko) Chrome/29.0.1512.0 Safari/537.36"
181.29.138.140 - - [23/May/2013:00:35:02 -0400] "POST /wp-admin/nav-menus.php HTTP/1.1" 200 79269 "http://www.satenspr.com/wp-admin/nav-menus.php" "Mozilla/5.0 (Windows NT 6.1; WOW64) AppleWebKit/537.36 (KHTML, like Gecko) Chrome/29.0.1512.0 Safari/537.36"
181.29.138.140 - - [23/May/2013:00:35:06 -0400] "GET / HTTP/1.1" 200 7995 "-" "Mozilla/5.0 (Windows NT 6.1; WOW64) AppleWebKit/537.36 (KHTML, like Gecko) Chrome/29.0.1512.0 Safari/537.36"
70.45.29.128 - - [23/May/2013:00:35:07 -0400] "GET /wp-admin/admin.php?page=gf_edit_forms HTTP/1.1" 200 55151 "http://www.satenspr.com/wp-admin/admin.php?page=gf_edit_forms&id=7" "Mozilla/5.0 (Macintosh; Intel Mac OS X 10_7_5) AppleWebKit/537.31 (KHTML, like Gecko) Chrome/26.0.1410.65 Safari/537.31"
181.29.138.140 - - [23/May/2013:00:35:08 -0400] "GET / HTTP/1.1" 200 7995 "-" "Mozilla/5.0 (Windows NT 6.1; WOW64) AppleWebKit/537.36 (KHTML, like Gecko) Chrome/29.0.1512.0 Safari/537.36"
181.29.138.140 - - [23/May/2013:00:35:09 -0400] "GET / HTTP/1.1" 200 7995 "-" "Mozilla/5.0 (Windows NT 6.1; WOW64) AppleWebKit/537.36 (KHTML, like Gecko) Chrome/29.0.1512.0 Safari/537.36"
181.29.138.140 - - [23/May/2013:00:35:09 -0400] "GET /wp-content/themes/satens-theme/style.css?ver=3.5.1 HTTP/1.1" 304 - "http://www.satenspr.com/agregar-estudiante/" "Mozilla/5.0 (Windows NT 6.1; WOW64) AppleWebKit/537.36 (KHTML, like Gecko) Chrome/29.0.1512.0 Safari/537.36"
181.29.138.140 - - [23/May/2013:00:35:09 -0400] "GET /wp-content/plugins/wp-ui/wp-ui.css?ver=3.5.1 HTTP/1.1" 304 - "http://www.satenspr.com/agregar-estudiante/" "Mozilla/5.0 (Windows NT 6.1; WOW64) AppleWebKit/537.36 (KHTML, like Gecko) Chrome/29.0.1512.0 Safari/537.36"
181.29.138.140 - - [23/May/2013:00:35:09 -0400] "GET /wp-content/plugins/wp-ui/css/wpui-light.css?ver=3.5.1 HTTP/1.1" 304 - "http://www.satenspr.com/agregar-estudiante/" "Mozilla/5.0 (Windows NT 6.1; WOW64) AppleWebKit/537.36 (KHTML, like Gecko) Chrome/29.0.1512.0 Safari/537.36"
181.29.138.140 - - [23/May/2013:00:35:09 -0400] "GET /wp-content/themes/twentytwelve/style.css HTTP/1.1" 304 - "http://www.satenspr.com/agregar-estudiante/" "Mozilla/5.0 (Windows NT 6.1; WOW64) AppleWebKit/537.36 (KHTML, like Gecko) Chrome/29.0.1512.0 Safari/537.36"
181.29.138.140 - - [23/May/2013:00:35:09 -0400] "GET /wp-includes/js/jquery/jquery.js?ver=1.8.3 HTTP/1.1" 304 - "http://www.satenspr.com/agregar-estudiante/" "Mozilla/5.0 (Windows NT 6.1; WOW64) AppleWebKit/537.36 (KHTML, like Gecko) Chrome/29.0.1512.0 Safari/537.36"
181.29.138.140 - - [23/May/2013:00:35:09 -0400] "GET /wp-content/plugins/wp-ui/js/wp-ui.js?ver=0.8.5 HTTP/1.1" 304 - "http://www.satenspr.com/agregar-estudiante/" "Mozilla/5.0 (Windows NT 6.1; WOW64) AppleWebKit/537.36 (KHTML, like Gecko) Chrome/29.0.1512.0 Safari/537.36"
181.29.138.140 - - [23/May/2013:00:35:09 -0400] "GET /wp-content/themes/twentytwelve/js/navigation.js?ver=1.0 HTTP/1.1" 304 - "http://www.satenspr.com/agregar-estudiante/" "Mozilla/5.0 (Windows NT 6.1; WOW64) AppleWebKit/537.36 (KHTML, like Gecko) Chrome/29.0.1512.0 Safari/537.36"
181.29.138.140 - - [23/May/2013:00:35:10 -0400] "GET /wp-content/plugins/wp-ui/css/css.php?styles=wpui-light%7Cwpui-blue%7Cwpui-red%7Cwpui-green%7Cwpui-dark%7Cwpui-quark%7Cwpui-alma%7Cwpui-macish%7Cwpui-redmond%7Cwpui-sevin&ver=3.5.1 HTTP/1.1" 200 128491 "http://www.satenspr.com/" "Mozilla/5.0 (Windows NT 6.1; WOW64) AppleWebKit/537.36 (KHTML, like Gecko) Chrome/29.0.1512.0 Safari/537.36"
70.45.29.128 - - [23/May/2013:00:35:11 -0400] "POST /wp-admin/admin.php?page=gf_edit_forms HTTP/1.1" 200 58387 "http://www.satenspr.com/wp-admin/admin.php?page=gf_edit_forms" "Mozilla/5.0 (Macintosh; Intel Mac OS X 10_7_5) AppleWebKit/537.31 (KHTML, like Gecko) Chrome/26.0.1410.65 Safari/537.31"
181.29.138.140 - - [23/May/2013:00:35:11 -0400] "GET / HTTP/1.1" 200 7995 "-" "Mozilla/5.0 (Windows NT 6.1; WOW64) AppleWebKit/537.36 (KHTML, like Gecko) Chrome/29.0.1512.0 Safari/537.36"
181.29.138.140 - - [23/May/2013:00:35:12 -0400] "GET /wp-content/themes/satens-theme/style.css?ver=3.5.1 HTTP/1.1" 200 533 "http://www.satenspr.com/" "Mozilla/5.0 (Windows NT 6.1; WOW64) AppleWebKit/537.36 (KHTML, like Gecko) Chrome/29.0.1512.0 Safari/537.36"
181.29.138.140 - - [23/May/2013:00:35:12 -0400] "GET /wp-content/plugins/wp-ui/css/wpui-light.css?ver=3.5.1 HTTP/1.1" 200 14354 "http://www.satenspr.com/" "Mozilla/5.0 (Windows NT 6.1; WOW64) AppleWebKit/537.36 (KHTML, like Gecko) Chrome/29.0.1512.0 Safari/537.36"
181.29.138.140 - - [23/May/2013:00:35:12 -0400] "GET /wp-content/plugins/wp-ui/js/wp-ui.js?ver=0.8.5 HTTP/1.1" 200 19172 "http://www.satenspr.com/" "Mozilla/5.0 (Windows NT 6.1; WOW64) AppleWebKit/537.36 (KHTML, like Gecko) Chrome/29.0.1512.0 Safari/537.36"
181.29.138.140 - - [23/May/2013:00:35:12 -0400] "GET /wp-content/plugins/wp-ui/wp-ui.css?ver=3.5.1 HTTP/1.1" 200 33521 "http://www.satenspr.com/" "Mozilla/5.0 (Windows NT 6.1; WOW64) AppleWebKit/537.36 (KHTML, like Gecko) Chrome/29.0.1512.0 Safari/537.36"
181.29.138.140 - - [23/May/2013:00:35:12 -0400] "GET /wp-content/themes/twentytwelve/js/navigation.js?ver=1.0 HTTP/1.1" 200 863 "http://www.satenspr.com/" "Mozilla/5.0 (Windows NT 6.1; WOW64) AppleWebKit/537.36 (KHTML, like Gecko) Chrome/29.0.1512.0 Safari/537.36"
181.29.138.140 - - [23/May/2013:00:35:13 -0400] "GET /wp-includes/js/jquery/jquery.js?ver=1.8.3 HTTP/1.1" 200 93658 "http://www.satenspr.com/" "Mozilla/5.0 (Windows NT 6.1; WOW64) AppleWebKit/537.36 (KHTML, like Gecko) Chrome/29.0.1512.0 Safari/537.36"
181.29.138.140 - - [23/May/2013:00:35:13 -0400] "GET /wp-content/themes/twentytwelve/style.css HTTP/1.1" 200 35292 "http://www.satenspr.com/" "Mozilla/5.0 (Windows NT 6.1; WOW64) AppleWebKit/537.36 (KHTML, like Gecko) Chrome/29.0.1512.0 Safari/537.36"
181.29.138.140 - - [23/May/2013:00:35:13 -0400] "GET /wp-content/plugins/wp-ui/css/css.php?styles=wpui-light%7Cwpui-blue%7Cwpui-red%7Cwpui-green%7Cwpui-dark%7Cwpui-quark%7Cwpui-alma%7Cwpui-macish%7Cwpui-redmond%7Cwpui-sevin&ver=3.5.1 HTTP/1.1" 200 128491 "http://www.satenspr.com/" "Mozilla/5.0 (Windows NT 6.1; WOW64) AppleWebKit/537.36 (KHTML, like Gecko) Chrome/29.0.1512.0 Safari/537.36"
181.29.138.140 - - [23/May/2013:00:35:14 -0400] "GET /wp-content/uploads/2013/04/headerlogo.png HTTP/1.1" 200 2033 "http://www.satenspr.com/" "Mozilla/5.0 (Windows NT 6.1; WOW64) AppleWebKit/537.36 (KHTML, like Gecko) Chrome/29.0.1512.0 Safari/537.36"
181.29.138.140 - - [23/May/2013:00:35:16 -0400] "GET /wp-login.php HTTP/1.1" 200 2254 "http://www.satenspr.com/" "Mozilla/5.0 (Windows NT 6.1; WOW64) AppleWebKit/537.36 (KHTML, like Gecko) Chrome/29.0.1512.0 Safari/537.36"
70.45.29.128 - - [23/May/2013:00:35:20 -0400] "GET /wp-admin/admin.php?page=gf_edit_forms&id=8 HTTP/1.1" 200 339869 "http://www.satenspr.com/wp-admin/admin.php?page=gf_edit_forms" "Mozilla/5.0 (Macintosh; Intel Mac OS X 10_7_5) AppleWebKit/537.31 (KHTML, like Gecko) Chrome/26.0.1410.65 Safari/537.31"
181.29.138.140 - - [23/May/2013:00:35:22 -0400] "POST /wp-login.php HTTP/1.1" 403 56 "http://www.satenspr.com/wp-login.php" "Mozilla/5.0 (Windows NT 6.1; WOW64) AppleWebKit/537.36 (KHTML, like Gecko) Chrome/29.0.1512.0 Safari/537.36"
181.29.138.140 - - [23/May/2013:00:35:25 -0400] "POST /wp-login.php HTTP/1.1" 403 56 "http://www.satenspr.com/wp-login.php" "Mozilla/5.0 (Windows NT 6.1; WOW64) AppleWebKit/537.36 (KHTML, like Gecko) Chrome/29.0.1512.0 Safari/537.36"
70.45.29.128 - - [23/May/2013:00:35:28 -0400] "GET /wp-admin/admin.php?page=gf_edit_forms&view=settings&id=8 HTTP/1.1" 200 94504 "http://www.satenspr.com/wp-admin/admin.php?page=gf_edit_forms&id=8" "Mozilla/5.0 (Macintosh; Intel Mac OS X 10_7_5) AppleWebKit/537.31 (KHTML, like Gecko) Chrome/26.0.1410.65 Safari/537.31"
70.45.29.128 - - [23/May/2013:00:35:28 -0400] "GET /wp-content/plugins/gravityforms/js/jquery.maskedinput-1.3.min.js?ver=1.7.4 HTTP/1.1" 200 3343 "http://www.satenspr.com/wp-admin/admin.php?page=gf_edit_forms&view=settings&id=8" "Mozilla/5.0 (Macintosh; Intel Mac OS X 10_7_5) AppleWebKit/537.31 (KHTML, like Gecko) Chrome/26.0.1410.65 Safari/537.31"
70.45.29.128 - - [23/May/2013:00:35:29 -0400] "GET /wp-content/plugins/gravityforms/css/admin.css?ver=3.5.1 HTTP/1.1" 200 89062 "http://www.satenspr.com/wp-admin/admin.php?page=gf_edit_forms&view=settings&id=8" "Mozilla/5.0 (Macintosh; Intel Mac OS X 10_7_5) AppleWebKit/537.31 (KHTML, like Gecko) Chrome/26.0.1410.65 Safari/537.31"
70.45.29.128 - - [23/May/2013:00:35:29 -0400] "GET /wp-content/plugins/gravityforms/images/gf-tab-container-bg.png HTTP/1.1" 200 957 "http://www.satenspr.com/wp-admin/admin.php?page=gf_edit_forms&view=settings&id=8" "Mozilla/5.0 (Macintosh; Intel Mac OS X 10_7_5) AppleWebKit/537.31 (KHTML, like Gecko) Chrome/26.0.1410.65 Safari/537.31"
181.29.138.140 - - [23/May/2013:00:35:43 -0400] "GET / HTTP/1.1" 200 7995 "-" "Mozilla/5.0 (Windows NT 6.1; WOW64) AppleWebKit/537.36 (KHTML, like Gecko) Chrome/29.0.1512.0 Safari/537.36"
181.29.138.140 - - [23/May/2013:00:35:43 -0400] "GET /wp-content/themes/satens-theme/style.css?ver=3.5.1 HTTP/1.1" 200 533 "http://www.satenspr.com/" "Mozilla/5.0 (Windows NT 6.1; WOW64) AppleWebKit/537.36 (KHTML, like Gecko) Chrome/29.0.1512.0 Safari/537.36"
181.29.138.140 - - [23/May/2013:00:35:43 -0400] "GET /wp-content/plugins/wp-ui/css/wpui-light.css?ver=3.5.1 HTTP/1.1" 200 14354 "http://www.satenspr.com/" "Mozilla/5.0 (Windows NT 6.1; WOW64) AppleWebKit/537.36 (KHTML, like Gecko) Chrome/29.0.1512.0 Safari/537.36"
181.29.138.140 - - [23/May/2013:00:35:43 -0400] "GET /wp-content/plugins/wp-ui/js/wp-ui.js?ver=0.8.5 HTTP/1.1" 200 19172 "http://www.satenspr.com/" "Mozilla/5.0 (Windows NT 6.1; WOW64) AppleWebKit/537.36 (KHTML, like Gecko) Chrome/29.0.1512.0 Safari/537.36"
181.29.138.140 - - [23/May/2013:00:35:43 -0400] "GET /wp-content/themes/twentytwelve/js/navigation.js?ver=1.0 HTTP/1.1" 200 863 "http://www.satenspr.com/" "Mozilla/5.0 (Windows NT 6.1; WOW64) AppleWebKit/537.36 (KHTML, like Gecko) Chrome/29.0.1512.0 Safari/537.36"
181.29.138.140 - - [23/May/2013:00:35:44 -0400] "GET /wp-content/plugins/wp-ui/wp-ui.css?ver=3.5.1 HTTP/1.1" 200 33521 "http://www.satenspr.com/" "Mozilla/5.0 (Windows NT 6.1; WOW64) AppleWebKit/537.36 (KHTML, like Gecko) Chrome/29.0.1512.0 Safari/537.36"
181.29.138.140 - - [23/May/2013:00:35:44 -0400] "GET /wp-content/themes/twentytwelve/style.css HTTP/1.1" 200 35292 "http://www.satenspr.com/" "Mozilla/5.0 (Windows NT 6.1; WOW64) AppleWebKit/537.36 (KHTML, like Gecko) Chrome/29.0.1512.0 Safari/537.36"
181.29.138.140 - - [23/May/2013:00:35:44 -0400] "GET /wp-includes/js/jquery/jquery.js?ver=1.8.3 HTTP/1.1" 200 93658 "http://www.satenspr.com/" "Mozilla/5.0 (Windows NT 6.1; WOW64) AppleWebKit/537.36 (KHTML, like Gecko) Chrome/29.0.1512.0 Safari/537.36"
181.29.138.140 - - [23/May/2013:00:35:44 -0400] "GET /wp-content/plugins/wp-ui/css/css.php?styles=wpui-light%7Cwpui-blue%7Cwpui-red%7Cwpui-green%7Cwpui-dark%7Cwpui-quark%7Cwpui-alma%7Cwpui-macish%7Cwpui-redmond%7Cwpui-sevin&ver=3.5.1 HTTP/1.1" 200 128491 "http://www.satenspr.com/" "Mozilla/5.0 (Windows NT 6.1; WOW64) AppleWebKit/537.36 (KHTML, like Gecko) Chrome/29.0.1512.0 Safari/537.36"
181.29.138.140 - - [23/May/2013:00:35:45 -0400] "GET /wp-content/uploads/2013/04/headerlogo.png HTTP/1.1" 200 2033 "http://www.satenspr.com/" "Mozilla/5.0 (Windows NT 6.1; WOW64) AppleWebKit/537.36 (KHTML, like Gecko) Chrome/29.0.1512.0 Safari/537.36"
181.29.138.140 - - [23/May/2013:00:35:49 -0400] "GET /wp-login.php HTTP/1.1" 200 2254 "http://www.satenspr.com/" "Mozilla/5.0 (Windows NT 6.1; WOW64) AppleWebKit/537.36 (KHTML, like Gecko) Chrome/29.0.1512.0 Safari/537.36"
181.29.138.140 - - [23/May/2013:00:35:49 -0400] "GET /wp-includes/css/buttons.min.css?ver=3.5.1 HTTP/1.1" 200 7007 "http://www.satenspr.com/wp-login.php" "Mozilla/5.0 (Windows NT 6.1; WOW64) AppleWebKit/537.36 (KHTML, like Gecko) Chrome/29.0.1512.0 Safari/537.36"
181.29.138.140 - - [23/May/2013:00:35:50 -0400] "GET /wp-admin/css/colors-fresh.min.css?ver=3.5.1 HTTP/1.1" 200 36190 "http://www.satenspr.com/wp-login.php" "Mozilla/5.0 (Windows NT 6.1; WOW64) AppleWebKit/537.36 (KHTML, like Gecko) Chrome/29.0.1512.0 Safari/537.36"
181.29.138.140 - - [23/May/2013:00:35:50 -0400] "GET /wp-admin/css/wp-admin.min.css?ver=3.5.1 HTTP/1.1" 200 114483 "http://www.satenspr.com/wp-login.php" "Mozilla/5.0 (Windows NT 6.1; WOW64) AppleWebKit/537.36 (KHTML, like Gecko) Chrome/29.0.1512.0 Safari/537.36"
181.29.138.140 - - [23/May/2013:00:35:50 -0400] "GET /wp-admin/images/wordpress-logo.png?ver=20120216 HTTP/1.1" 200 2480 "http://www.satenspr.com/wp-login.php" "Mozilla/5.0 (Windows NT 6.1; WOW64) AppleWebKit/537.36 (KHTML, like Gecko) Chrome/29.0.1512.0 Safari/537.36"
181.29.138.140 - - [23/May/2013:00:35:55 -0400] "GET /wp-admin HTTP/1.1" 301 245 "-" "Mozilla/5.0 (Windows NT 6.1; WOW64) AppleWebKit/537.36 (KHTML, like Gecko) Chrome/29.0.1512.0 Safari/537.36"
181.29.138.140 - - [23/May/2013:00:35:57 -0400] "GET /wp-admin/ HTTP/1.1" 302 5 "-" "Mozilla/5.0 (Windows NT 6.1; WOW64) AppleWebKit/537.36 (KHTML, like Gecko) Chrome/29.0.1512.0 Safari/537.36"
181.29.138.140 - - [23/May/2013:00:35:57 -0400] "GET /wp-login.php?redirect_to=http%3A%2F%2Fsatenspr.com%2Fwp-admin%2F&reauth=1 HTTP/1.1" 200 2250 "-" "Mozilla/5.0 (Windows NT 6.1; WOW64) AppleWebKit/537.36 (KHTML, like Gecko) Chrome/29.0.1512.0 Safari/537.36"
70.45.29.128 - - [23/May/2013:00:36:00 -0400] "POST /wp-admin/admin.php?page=gf_edit_forms&view=settings&id=8 HTTP/1.1" 200 94961 "http://www.satenspr.com/wp-admin/admin.php?page=gf_edit_forms&view=settings&id=8" "Mozilla/5.0 (Macintosh; Intel Mac OS X 10_7_5) AppleWebKit/537.31 (KHTML, like Gecko) Chrome/26.0.1410.65 Safari/537.31"
70.45.29.128 - - [23/May/2013:00:36:05 -0400] "GET /wp-admin/admin.php?page=gf_edit_forms HTTP/1.1" 200 58281 "http://www.satenspr.com/wp-admin/admin.php?page=gf_edit_forms&view=settings&id=8" "Mozilla/5.0 (Macintosh; Intel Mac OS X 10_7_5) AppleWebKit/537.31 (KHTML, like Gecko) Chrome/26.0.1410.65 Safari/537.31"
181.29.138.140 - - [23/May/2013:00:36:06 -0400] "POST /wp-login.php HTTP/1.1" 403 56 "http://www.satenspr.com/wp-login.php?redirect_to=http%3A%2F%2Fsatenspr.com%2Fwp-admin%2F&reauth=1" "Mozilla/5.0 (Windows NT 6.1; WOW64) AppleWebKit/537.36 (KHTML, like Gecko) Chrome/29.0.1512.0 Safari/537.36"
70.45.29.128 - - [23/May/2013:00:36:12 -0400] "GET /wp-admin/admin.php?page=gf_edit_forms&id=7 HTTP/1.1" 200 339942 "http://www.satenspr.com/wp-admin/admin.php?page=gf_edit_forms" "Mozilla/5.0 (Macintosh; Intel Mac OS X 10_7_5) AppleWebKit/537.31 (KHTML, like Gecko) Chrome/26.0.1410.65 Safari/537.31"
181.29.138.140 - - [23/May/2013:00:36:18 -0400] "GET /wp-content/plugins/members/css/admin.css?ver=20110525 HTTP/1.1" 304 - "http://www.satenspr.com/wp-admin/users.php?page=roles" "Mozilla/5.0 (Windows NT 6.1; WOW64) AppleWebKit/537.36 (KHTML, like Gecko) Chrome/29.0.1512.0 Safari/537.36"
181.29.138.140 - - [23/May/2013:00:36:19 -0400] "GET /wp-admin/users.php?page=roles HTTP/1.1" 200 35743 "http://www.satenspr.com/wp-admin/nav-menus.php" "Mozilla/5.0 (Windows NT 6.1; WOW64) AppleWebKit/537.36 (KHTML, like Gecko) Chrome/29.0.1512.0 Safari/537.36"
181.29.138.140 - - [23/May/2013:00:36:19 -0400] "GET /wp-content/plugins/members/js/admin.js?ver=20110525 HTTP/1.1" 304 - "http://www.satenspr.com/wp-admin/users.php?page=roles" "Mozilla/5.0 (Windows NT 6.1; WOW64) AppleWebKit/537.36 (KHTML, like Gecko) Chrome/29.0.1512.0 Safari/537.36"
181.29.138.140 - - [23/May/2013:00:36:23 -0400] "GET /wp-admin/users.php?page=roles&action=edit&role=consejero&_wpnonce=5b646bc37e HTTP/1.1" 200 47342 "http://www.satenspr.com/wp-admin/users.php?page=roles" "Mozilla/5.0 (Windows NT 6.1; WOW64) AppleWebKit/537.36 (KHTML, like Gecko) Chrome/29.0.1512.0 Safari/537.36"
70.45.29.128 - - [23/May/2013:00:36:25 -0400] "POST /wp-admin/admin-ajax.php HTTP/1.1" 200 30 "http://www.satenspr.com/wp-admin/admin.php?page=gf_edit_forms&id=7" "Mozilla/5.0 (Macintosh; Intel Mac OS X 10_7_5) AppleWebKit/537.31 (KHTML, like Gecko) Chrome/26.0.1410.65 Safari/537.31"
70.45.29.128 - - [23/May/2013:00:36:28 -0400] "POST /wp-admin/admin-ajax.php HTTP/1.1" 200 30 "http://www.satenspr.com/wp-admin/admin.php?page=gf_edit_forms&id=7" "Mozilla/5.0 (Macintosh; Intel Mac OS X 10_7_5) AppleWebKit/537.31 (KHTML, like Gecko) Chrome/26.0.1410.65 Safari/537.31"
70.45.29.128 - - [23/May/2013:00:36:30 -0400] "POST /wp-admin/admin-ajax.php HTTP/1.1" 200 31 "http://www.satenspr.com/wp-admin/admin.php?page=gf_edit_forms&id=7" "Mozilla/5.0 (Macintosh; Intel Mac OS X 10_7_5) AppleWebKit/537.31 (KHTML, like Gecko) Chrome/26.0.1410.65 Safari/537.31"
70.45.29.128 - - [23/May/2013:00:36:33 -0400] "POST /wp-admin/admin-ajax.php HTTP/1.1" 200 31 "http://www.satenspr.com/wp-admin/admin.php?page=gf_edit_forms&id=7" "Mozilla/5.0 (Macintosh; Intel Mac OS X 10_7_5) AppleWebKit/537.31 (KHTML, like Gecko) Chrome/26.0.1410.65 Safari/537.31"
70.45.29.128 - - [23/May/2013:00:36:35 -0400] "POST /wp-admin/admin-ajax.php HTTP/1.1" 200 31 "http://www.satenspr.com/wp-admin/admin.php?page=gf_edit_forms&id=7" "Mozilla/5.0 (Macintosh; Intel Mac OS X 10_7_5) AppleWebKit/537.31 (KHTML, like Gecko) Chrome/26.0.1410.65 Safari/537.31"
70.45.29.128 - - [23/May/2013:00:36:38 -0400] "POST /wp-admin/admin-ajax.php HTTP/1.1" 200 31 "http://www.satenspr.com/wp-admin/admin.php?page=gf_edit_forms&id=7" "Mozilla/5.0 (Macintosh; Intel Mac OS X 10_7_5) AppleWebKit/537.31 (KHTML, like Gecko) Chrome/26.0.1410.65 Safari/537.31"
70.45.29.128 - - [23/May/2013:00:36:40 -0400] "POST /wp-admin/admin-ajax.php HTTP/1.1" 200 31 "http://www.satenspr.com/wp-admin/admin.php?page=gf_edit_forms&id=7" "Mozilla/5.0 (Macintosh; Intel Mac OS X 10_7_5) AppleWebKit/537.31 (KHTML, like Gecko) Chrome/26.0.1410.65 Safari/537.31"
181.29.138.140 - - [23/May/2013:00:36:44 -0400] "POST /wp-admin/users.php?page=roles&action=edit&role=consejero HTTP/1.1" 200 47473 "http://www.satenspr.com/wp-admin/users.php?page=roles&action=edit&role=consejero&_wpnonce=5b646bc37e" "Mozilla/5.0 (Windows NT 6.1; WOW64) AppleWebKit/537.36 (KHTML, like Gecko) Chrome/29.0.1512.0 Safari/537.36"
70.45.29.128 - - [23/May/2013:00:36:44 -0400] "POST /wp-admin/admin-ajax.php HTTP/1.1" 200 31 "http://www.satenspr.com/wp-admin/admin.php?page=gf_edit_forms&id=7" "Mozilla/5.0 (Macintosh; Intel Mac OS X 10_7_5) AppleWebKit/537.31 (KHTML, like Gecko) Chrome/26.0.1410.65 Safari/537.31"
70.45.29.128 - - [23/May/2013:00:36:46 -0400] "POST /wp-admin/admin-ajax.php HTTP/1.1" 200 31 "http://www.satenspr.com/wp-admin/admin.php?page=gf_edit_forms&id=7" "Mozilla/5.0 (Macintosh; Intel Mac OS X 10_7_5) AppleWebKit/537.31 (KHTML, like Gecko) Chrome/26.0.1410.65 Safari/537.31"
70.45.29.128 - - [23/May/2013:00:36:49 -0400] "POST /wp-admin/admin-ajax.php HTTP/1.1" 200 31 "http://www.satenspr.com/wp-admin/admin.php?page=gf_edit_forms&id=7" "Mozilla/5.0 (Macintosh; Intel Mac OS X 10_7_5) AppleWebKit/537.31 (KHTML, like Gecko) Chrome/26.0.1410.65 Safari/537.31"
