181.29.138.140 - - [22/May/2013:23:53:03 -0400] "GET /wp-includes/js/jquery/jquery.js?ver=1.8.3 HTTP/1.1" 304 - "http://www.satenspr.com/" "Mozilla/5.0 (Windows NT 6.1; WOW64) AppleWebKit/537.36 (KHTML, like Gecko) Chrome/29.0.1512.0 Safari/537.36"
181.29.138.140 - - [22/May/2013:23:53:03 -0400] "GET /wp-content/themes/twentytwelve/style.css HTTP/1.1" 304 - "http://www.satenspr.com/" "Mozilla/5.0 (Windows NT 6.1; WOW64) AppleWebKit/537.36 (KHTML, like Gecko) Chrome/29.0.1512.0 Safari/537.36"
181.29.138.140 - - [22/May/2013:23:53:03 -0400] "GET /wp-content/plugins/wp-ui/js/wp-ui.js?ver=0.8.5 HTTP/1.1" 304 - "http://www.satenspr.com/" "Mozilla/5.0 (Windows NT 6.1; WOW64) AppleWebKit/537.36 (KHTML, like Gecko) Chrome/29.0.1512.0 Safari/537.36"
181.29.138.140 - - [22/May/2013:23:53:03 -0400] "GET /wp-includes/js/admin-bar.min.js?ver=3.5.1 HTTP/1.1" 304 - "http://www.satenspr.com/" "Mozilla/5.0 (Windows NT 6.1; WOW64) AppleWebKit/537.36 (KHTML, like Gecko) Chrome/29.0.1512.0 Safari/537.36"
181.29.138.140 - - [22/May/2013:23:53:03 -0400] "GET /wp-content/themes/twentytwelve/js/navigation.js?ver=1.0 HTTP/1.1" 304 - "http://www.satenspr.com/" "Mozilla/5.0 (Windows NT 6.1; WOW64) AppleWebKit/537.36 (KHTML, like Gecko) Chrome/29.0.1512.0 Safari/537.36"
181.29.138.140 - - [22/May/2013:23:53:04 -0400] "GET /wp-content/plugins/wp-ui/css/css.php?styles=wpui-light%7Cwpui-blue%7Cwpui-red%7Cwpui-green%7Cwpui-dark%7Cwpui-quark%7Cwpui-alma%7Cwpui-macish%7Cwpui-redmond%7Cwpui-sevin&ver=3.5.1 HTTP/1.1" 200 128491 "http://www.satenspr.com/" "Mozilla/5.0 (Windows NT 6.1; WOW64) AppleWebKit/537.36 (KHTML, like Gecko) Chrome/29.0.1512.0 Safari/537.36"
181.29.138.140 - - [22/May/2013:23:53:05 -0400] "GET /wp-content/uploads/2013/04/headerlogo.png HTTP/1.1" 304 - "http://www.satenspr.com/" "Mozilla/5.0 (Windows NT 6.1; WOW64) AppleWebKit/537.36 (KHTML, like Gecko) Chrome/29.0.1512.0 Safari/537.36"
181.29.138.140 - - [22/May/2013:23:53:05 -0400] "GET /favicon.ico HTTP/1.1" 304 - "-" "Mozilla/5.0 (Windows NT 6.1; WOW64) AppleWebKit/537.36 (KHTML, like Gecko) Chrome/29.0.1512.0 Safari/537.36"
181.29.138.140 - - [22/May/2013:23:53:11 -0400] "GET / HTTP/1.1" 200 19220 "-" "Mozilla/5.0 (Windows NT 6.1; WOW64) AppleWebKit/537.36 (KHTML, like Gecko) Chrome/29.0.1512.0 Safari/537.36"
181.29.138.140 - - [22/May/2013:23:53:11 -0400] "GET /wp-includes/css/admin-bar.min.css?ver=3.5.1 HTTP/1.1" 304 - "http://www.satenspr.com/" "Mozilla/5.0 (Windows NT 6.1; WOW64) AppleWebKit/537.36 (KHTML, like Gecko) Chrome/29.0.1512.0 Safari/537.36"
181.29.138.140 - - [22/May/2013:23:53:11 -0400] "GET /wp-content/themes/satens-theme/style.css?ver=3.5.1 HTTP/1.1" 304 - "http://www.satenspr.com/" "Mozilla/5.0 (Windows NT 6.1; WOW64) AppleWebKit/537.36 (KHTML, like Gecko) Chrome/29.0.1512.0 Safari/537.36"
181.29.138.140 - - [22/May/2013:23:53:11 -0400] "GET /wp-content/plugins/wp-ui/wp-ui.css?ver=3.5.1 HTTP/1.1" 304 - "http://www.satenspr.com/" "Mozilla/5.0 (Windows NT 6.1; WOW64) AppleWebKit/537.36 (KHTML, like Gecko) Chrome/29.0.1512.0 Safari/537.36"
181.29.138.140 - - [22/May/2013:23:53:11 -0400] "GET /wp-content/plugins/wp-ui/css/wpui-light.css?ver=3.5.1 HTTP/1.1" 304 - "http://www.satenspr.com/" "Mozilla/5.0 (Windows NT 6.1; WOW64) AppleWebKit/537.36 (KHTML, like Gecko) Chrome/29.0.1512.0 Safari/537.36"
181.29.138.140 - - [22/May/2013:23:53:12 -0400] "GET /wp-includes/js/jquery/jquery.js?ver=1.8.3 HTTP/1.1" 304 - "http://www.satenspr.com/" "Mozilla/5.0 (Windows NT 6.1; WOW64) AppleWebKit/537.36 (KHTML, like Gecko) Chrome/29.0.1512.0 Safari/537.36"
181.29.138.140 - - [22/May/2013:23:53:12 -0400] "GET /wp-content/themes/twentytwelve/style.css HTTP/1.1" 304 - "http://www.satenspr.com/" "Mozilla/5.0 (Windows NT 6.1; WOW64) AppleWebKit/537.36 (KHTML, like Gecko) Chrome/29.0.1512.0 Safari/537.36"
181.29.138.140 - - [22/May/2013:23:53:12 -0400] "GET /wp-content/plugins/wp-ui/js/wp-ui.js?ver=0.8.5 HTTP/1.1" 304 - "http://www.satenspr.com/" "Mozilla/5.0 (Windows NT 6.1; WOW64) AppleWebKit/537.36 (KHTML, like Gecko) Chrome/29.0.1512.0 Safari/537.36"
181.29.138.140 - - [22/May/2013:23:53:12 -0400] "GET /wp-includes/js/admin-bar.min.js?ver=3.5.1 HTTP/1.1" 304 - "http://www.satenspr.com/" "Mozilla/5.0 (Windows NT 6.1; WOW64) AppleWebKit/537.36 (KHTML, like Gecko) Chrome/29.0.1512.0 Safari/537.36"
181.29.138.140 - - [22/May/2013:23:53:12 -0400] "GET /wp-content/themes/twentytwelve/js/navigation.js?ver=1.0 HTTP/1.1" 304 - "http://www.satenspr.com/" "Mozilla/5.0 (Windows NT 6.1; WOW64) AppleWebKit/537.36 (KHTML, like Gecko) Chrome/29.0.1512.0 Safari/537.36"
181.29.138.140 - - [22/May/2013:23:53:13 -0400] "GET /wp-content/plugins/wp-ui/css/css.php?styles=wpui-light%7Cwpui-blue%7Cwpui-red%7Cwpui-green%7Cwpui-dark%7Cwpui-quark%7Cwpui-alma%7Cwpui-macish%7Cwpui-redmond%7Cwpui-sevin&ver=3.5.1 HTTP/1.1" 200 128491 "http://www.satenspr.com/" "Mozilla/5.0 (Windows NT 6.1; WOW64) AppleWebKit/537.36 (KHTML, like Gecko) Chrome/29.0.1512.0 Safari/537.36"
181.29.138.140 - - [22/May/2013:23:53:14 -0400] "GET /wp-content/uploads/2013/04/headerlogo.png HTTP/1.1" 304 - "http://www.satenspr.com/" "Mozilla/5.0 (Windows NT 6.1; WOW64) AppleWebKit/537.36 (KHTML, like Gecko) Chrome/29.0.1512.0 Safari/537.36"
66.116.255.161 - - [22/May/2013:23:54:36 -0400] "POST /wp-cron.php?doing_wp_cron=1369281275.9675779342651367187500 HTTP/1.0" 503 6490 "-" "WordPress/3.5.1; http://www.satenspr.com"
181.29.138.140 - - [22/May/2013:23:54:38 -0400] "GET /wp-admin/load-scripts.php?c=1&load%5B%5D=jquery,utils,jquery-ui-core,jquery-ui-widget,jquery-ui-mouse,jquery-ui-sortable,jquery-ui-draggable,jquery-ui-droppable,wp-ajax-&load%5B%5D=response,jquery-color,wp-lists,postbox,nav-menu&ver=3.5.1 HTTP/1.1" 200 67943 "http://www.satenspr.com/wp-admin/nav-menus.php" "Mozilla/5.0 (Windows NT 6.1; WOW64) AppleWebKit/537.36 (KHTML, like Gecko) Chrome/29.0.1512.0 Safari/537.36"
181.29.138.140 - - [22/May/2013:23:54:38 -0400] "GET /wp-admin/nav-menus.php HTTP/1.1" 200 192199 "http://www.satenspr.com/wp-admin/edit.php?post_status=publish&post_type=page" "Mozilla/5.0 (Windows NT 6.1; WOW64) AppleWebKit/537.36 (KHTML, like Gecko) Chrome/29.0.1512.0 Safari/537.36"
181.29.138.140 - - [22/May/2013:23:55:15 -0400] "GET /wp-admin/images/arrows-dark.png HTTP/1.1" 200 243 "http://www.satenspr.com/wp-admin/nav-menus.php" "Mozilla/5.0 (Windows NT 6.1; WOW64) AppleWebKit/537.36 (KHTML, like Gecko) Chrome/29.0.1512.0 Safari/537.36"
181.29.138.140 - - [22/May/2013:23:55:31 -0400] "GET /wp-admin/nav-menus.php?action=edit&menu=0 HTTP/1.1" 200 73868 "http://www.satenspr.com/wp-admin/nav-menus.php" "Mozilla/5.0 (Windows NT 6.1; WOW64) AppleWebKit/537.36 (KHTML, like Gecko) Chrome/29.0.1512.0 Safari/537.36"
66.116.255.161 - - [22/May/2013:23:55:55 -0400] "POST /wp-cron.php?doing_wp_cron=1369281354.6999959945678710937500 HTTP/1.0" 503 6490 "-" "WordPress/3.5.1; http://www.satenspr.com"
181.29.138.140 - - [22/May/2013:23:55:56 -0400] "POST /wp-admin/nav-menus.php HTTP/1.1" 200 74779 "http://www.satenspr.com/wp-admin/nav-menus.php?action=edit&menu=0" "Mozilla/5.0 (Windows NT 6.1; WOW64) AppleWebKit/537.36 (KHTML, like Gecko) Chrome/29.0.1512.0 Safari/537.36"
181.29.138.140 - - [22/May/2013:23:56:17 -0400] "POST /wp-admin/admin-ajax.php HTTP/1.1" 200 4213 "http://www.satenspr.com/wp-admin/nav-menus.php" "Mozilla/5.0 (Windows NT 6.1; WOW64) AppleWebKit/537.36 (KHTML, like Gecko) Chrome/29.0.1512.0 Safari/537.36"
181.29.138.140 - - [22/May/2013:23:56:22 -0400] "POST /wp-admin/admin-ajax.php HTTP/1.1" 200 4216 "http://www.satenspr.com/wp-admin/nav-menus.php" "Mozilla/5.0 (Windows NT 6.1; WOW64) AppleWebKit/537.36 (KHTML, like Gecko) Chrome/29.0.1512.0 Safari/537.36"
181.29.138.140 - - [22/May/2013:23:56:37 -0400] "POST /wp-admin/nav-menus.php HTTP/1.1" 200 83167 "http://www.satenspr.com/wp-admin/nav-menus.php" "Mozilla/5.0 (Windows NT 6.1; WOW64) AppleWebKit/537.36 (KHTML, like Gecko) Chrome/29.0.1512.0 Safari/537.36"
66.116.255.161 - - [22/May/2013:23:57:13 -0400] "POST /wp-cron.php?doing_wp_cron=1369281432.5876400470733642578125 HTTP/1.0" 503 6490 "-" "WordPress/3.5.1; http://www.satenspr.com"
181.29.138.140 - - [22/May/2013:23:57:13 -0400] "GET / HTTP/1.1" 200 19220 "-" "Mozilla/5.0 (Windows NT 6.1; WOW64) AppleWebKit/537.36 (KHTML, like Gecko) Chrome/29.0.1512.0 Safari/537.36"
181.29.138.140 - - [22/May/2013:23:57:13 -0400] "GET /wp-includes/css/admin-bar.min.css?ver=3.5.1 HTTP/1.1" 304 - "http://www.satenspr.com/" "Mozilla/5.0 (Windows NT 6.1; WOW64) AppleWebKit/537.36 (KHTML, like Gecko) Chrome/29.0.1512.0 Safari/537.36"
181.29.138.140 - - [22/May/2013:23:57:13 -0400] "GET /wp-content/themes/satens-theme/style.css?ver=3.5.1 HTTP/1.1" 304 - "http://www.satenspr.com/" "Mozilla/5.0 (Windows NT 6.1; WOW64) AppleWebKit/537.36 (KHTML, like Gecko) Chrome/29.0.1512.0 Safari/537.36"
181.29.138.140 - - [22/May/2013:23:57:13 -0400] "GET /wp-content/plugins/wp-ui/wp-ui.css?ver=3.5.1 HTTP/1.1" 304 - "http://www.satenspr.com/" "Mozilla/5.0 (Windows NT 6.1; WOW64) AppleWebKit/537.36 (KHTML, like Gecko) Chrome/29.0.1512.0 Safari/537.36"
181.29.138.140 - - [22/May/2013:23:57:13 -0400] "GET /wp-content/plugins/wp-ui/css/wpui-light.css?ver=3.5.1 HTTP/1.1" 304 - "http://www.satenspr.com/" "Mozilla/5.0 (Windows NT 6.1; WOW64) AppleWebKit/537.36 (KHTML, like Gecko) Chrome/29.0.1512.0 Safari/537.36"
181.29.138.140 - - [22/May/2013:23:57:13 -0400] "GET /wp-includes/js/jquery/jquery.js?ver=1.8.3 HTTP/1.1" 304 - "http://www.satenspr.com/" "Mozilla/5.0 (Windows NT 6.1; WOW64) AppleWebKit/537.36 (KHTML, like Gecko) Chrome/29.0.1512.0 Safari/537.36"
181.29.138.140 - - [22/May/2013:23:57:13 -0400] "GET /wp-content/plugins/wp-ui/js/wp-ui.js?ver=0.8.5 HTTP/1.1" 304 - "http://www.satenspr.com/" "Mozilla/5.0 (Windows NT 6.1; WOW64) AppleWebKit/537.36 (KHTML, like Gecko) Chrome/29.0.1512.0 Safari/537.36"
181.29.138.140 - - [22/May/2013:23:57:14 -0400] "GET /wp-content/themes/twentytwelve/style.css HTTP/1.1" 304 - "http://www.satenspr.com/" "Mozilla/5.0 (Windows NT 6.1; WOW64) AppleWebKit/537.36 (KHTML, like Gecko) Chrome/29.0.1512.0 Safari/537.36"
181.29.138.140 - - [22/May/2013:23:57:14 -0400] "GET /wp-includes/js/admin-bar.min.js?ver=3.5.1 HTTP/1.1" 304 - "http://www.satenspr.com/" "Mozilla/5.0 (Windows NT 6.1; WOW64) AppleWebKit/537.36 (KHTML, like Gecko) Chrome/29.0.1512.0 Safari/537.36"
181.29.138.140 - - [22/May/2013:23:57:14 -0400] "GET /wp-content/themes/twentytwelve/js/navigation.js?ver=1.0 HTTP/1.1" 304 - "http://www.satenspr.com/" "Mozilla/5.0 (Windows NT 6.1; WOW64) AppleWebKit/537.36 (KHTML, like Gecko) Chrome/29.0.1512.0 Safari/537.36"
181.29.138.140 - - [22/May/2013:23:57:15 -0400] "GET /wp-content/plugins/wp-ui/css/css.php?styles=wpui-light%7Cwpui-blue%7Cwpui-red%7Cwpui-green%7Cwpui-dark%7Cwpui-quark%7Cwpui-alma%7Cwpui-macish%7Cwpui-redmond%7Cwpui-sevin&ver=3.5.1 HTTP/1.1" 200 128485 "http://www.satenspr.com/" "Mozilla/5.0 (Windows NT 6.1; WOW64) AppleWebKit/537.36 (KHTML, like Gecko) Chrome/29.0.1512.0 Safari/537.36"
181.29.138.140 - - [22/May/2013:23:57:15 -0400] "GET /wp-content/uploads/2013/04/headerlogo.png HTTP/1.1" 304 - "http://www.satenspr.com/" "Mozilla/5.0 (Windows NT 6.1; WOW64) AppleWebKit/537.36 (KHTML, like Gecko) Chrome/29.0.1512.0 Safari/537.36"
181.29.138.140 - - [22/May/2013:23:57:24 -0400] "POST /wp-admin/admin-ajax.php HTTP/1.1" 200 13 "http://www.satenspr.com/wp-admin/nav-menus.php" "Mozilla/5.0 (Windows NT 6.1; WOW64) AppleWebKit/537.36 (KHTML, like Gecko) Chrome/29.0.1512.0 Safari/537.36"
181.29.138.140 - - [22/May/2013:23:57:30 -0400] "GET /wp-admin/post-new.php?post_type=page HTTP/1.1" 200 123603 "http://www.satenspr.com/wp-admin/nav-menus.php" "Mozilla/5.0 (Windows NT 6.1; WOW64) AppleWebKit/537.36 (KHTML, like Gecko) Chrome/29.0.1512.0 Safari/537.36"
181.29.138.140 - - [22/May/2013:23:57:30 -0400] "GET /wp-includes/css/editor.min.css?ver=3.5.1 HTTP/1.1" 304 - "http://www.satenspr.com/wp-admin/post-new.php?post_type=page" "Mozilla/5.0 (Windows NT 6.1; WOW64) AppleWebKit/537.36 (KHTML, like Gecko) Chrome/29.0.1512.0 Safari/537.36"
181.29.138.140 - - [22/May/2013:23:57:31 -0400] "GET /wp-admin/load-scripts.php?c=1&load%5B%5D=jquery,jquery-ui-core,utils,jquery-ui-widget,jquery-ui-mouse,plupload,plupload-html5,plupload-flash,plupload-silverlight,pluploa&load%5B%5D=d-html4,json2,jquery-ui-resizable,jquery-ui-draggable,jquery-ui-button,jquery-ui-position,jquery-ui-dialog&ver=3.5.1 HTTP/1.1" 200 77253 "http://www.satenspr.com/wp-admin/post-new.php?post_type=page" "Mozilla/5.0 (Windows NT 6.1; WOW64) AppleWebKit/537.36 (KHTML, like Gecko) Chrome/29.0.1512.0 Safari/537.36"
181.29.138.140 - - [22/May/2013:23:57:31 -0400] "GET /wp-content/plugins/gravity-forms-addons/editor-icon.gif HTTP/1.1" 304 - "http://www.satenspr.com/wp-admin/post-new.php?post_type=page" "Mozilla/5.0 (Windows NT 6.1; WOW64) AppleWebKit/537.36 (KHTML, like Gecko) Chrome/29.0.1512.0 Safari/537.36"
181.29.138.140 - - [22/May/2013:23:57:32 -0400] "GET /wp-content/plugins/gravityforms/images/doctypes/icon_image.gif HTTP/1.1" 200 559 "http://www.satenspr.com/wp-admin/post-new.php?post_type=page" "Mozilla/5.0 (Windows NT 6.1; WOW64) AppleWebKit/537.36 (KHTML, like Gecko) Chrome/29.0.1512.0 Safari/537.36"
181.29.138.140 - - [22/May/2013:23:57:33 -0400] "GET /wp-admin/load-scripts.php?c=1&load%5B%5D=admin-bar,jquery-ui-datepicker,hoverIntent,common,schedule,wp-ajax-response,autosave,suggest,jquery-color,wp-lists,jquery-ui-sor&load%5B%5D=table,postbox,post,thickbox,underscore,shortcode,backbone,media-models,wp-plupload,media-views,media-editor,editor,word-count,qu&load%5B%5D=icktags,wpdialogs,wplink,wpdialogs-popup,wp-fullscreen,media-upload&ver=3.5.1 HTTP/1.1" 200 96691 "http://www.satenspr.com/wp-admin/post-new.php?post_type=page" "Mozilla/5.0 (Windows NT 6.1; WOW64) AppleWebKit/537.36 (KHTML, like Gecko) Chrome/29.0.1512.0 Safari/537.36"
181.29.138.140 - - [22/May/2013:23:57:45 -0400] "POST /wp-admin/admin-ajax.php HTTP/1.1" 200 270 "http://www.satenspr.com/wp-admin/post-new.php?post_type=page" "Mozilla/5.0 (Windows NT 6.1; WOW64) AppleWebKit/537.36 (KHTML, like Gecko) Chrome/29.0.1512.0 Safari/537.36"
181.29.138.140 - - [22/May/2013:23:57:46 -0400] "POST /wp-admin/admin-ajax.php HTTP/1.1" 200 260 "http://www.satenspr.com/wp-admin/post-new.php?post_type=page" "Mozilla/5.0 (Windows NT 6.1; WOW64) AppleWebKit/537.36 (KHTML, like Gecko) Chrome/29.0.1512.0 Safari/537.36"
66.116.255.161 - - [22/May/2013:23:58:14 -0400] "POST /wp-cron.php?doing_wp_cron=1369281493.4839711189270019531250 HTTP/1.0" 503 6490 "-" "WordPress/3.5.1; http://www.satenspr.com"
181.29.138.140 - - [22/May/2013:23:58:14 -0400] "POST /wp-admin/post.php HTTP/1.1" 302 5 "http://www.satenspr.com/wp-admin/post-new.php?post_type=page" "Mozilla/5.0 (Windows NT 6.1; WOW64) AppleWebKit/537.36 (KHTML, like Gecko) Chrome/29.0.1512.0 Safari/537.36"
181.29.138.140 - - [22/May/2013:23:58:16 -0400] "GET /wp-admin/post.php?post=178&action=edit&message=6 HTTP/1.1" 200 126460 "http://www.satenspr.com/wp-admin/post-new.php?post_type=page" "Mozilla/5.0 (Windows NT 6.1; WOW64) AppleWebKit/537.36 (KHTML, like Gecko) Chrome/29.0.1512.0 Safari/537.36"
181.29.138.140 - - [22/May/2013:23:58:17 -0400] "GET /wp-admin/load-scripts.php?c=1&load%5B%5D=admin-bar,jquery-ui-datepicker,hoverIntent,common,schedule,wp-ajax-response,autosave,jquery-color,wp-lists,quicktags,jquery-quer&load%5B%5D=y,admin-comments,suggest,jquery-ui-sortable,postbox,post,thickbox,underscore,shortcode,backbone,media-models,wp-plupload,media-v&load%5B%5D=iews,media-editor,editor,word-count,wpdialogs,wplink,wpdialogs-popup,wp-fullscreen,media-upload&ver=3.5.1 HTTP/1.1" 200 102374 "http://www.satenspr.com/wp-admin/post.php?post=178&action=edit&message=6" "Mozilla/5.0 (Windows NT 6.1; WOW64) AppleWebKit/537.36 (KHTML, like Gecko) Chrome/29.0.1512.0 Safari/537.36"
181.29.138.140 - - [22/May/2013:23:58:59 -0400] "POST /wp-admin/post.php HTTP/1.1" 302 5 "http://www.satenspr.com/wp-admin/post.php?post=178&action=edit&message=6" "Mozilla/5.0 (Windows NT 6.1; WOW64) AppleWebKit/537.36 (KHTML, like Gecko) Chrome/29.0.1512.0 Safari/537.36"
181.29.138.140 - - [22/May/2013:23:59:02 -0400] "GET /wp-admin/post.php?post=178&action=edit&message=1 HTTP/1.1" 200 126840 "http://www.satenspr.com/wp-admin/post.php?post=178&action=edit&message=6" "Mozilla/5.0 (Windows NT 6.1; WOW64) AppleWebKit/537.36 (KHTML, like Gecko) Chrome/29.0.1512.0 Safari/537.36"
181.29.138.140 - - [22/May/2013:23:59:08 -0400] "GET /wp-admin/admin.php?page=gf_edit_forms HTTP/1.1" 200 56003 "http://www.satenspr.com/wp-admin/post.php?post=178&action=edit&message=1" "Mozilla/5.0 (Windows NT 6.1; WOW64) AppleWebKit/537.36 (KHTML, like Gecko) Chrome/29.0.1512.0 Safari/537.36"
181.29.138.140 - - [22/May/2013:23:59:09 -0400] "POST /wp-admin/admin-ajax.php HTTP/1.1" 200 13 "http://www.satenspr.com/wp-admin/post.php?post=178&action=edit&message=1" "Mozilla/5.0 (Windows NT 6.1; WOW64) AppleWebKit/537.36 (KHTML, like Gecko) Chrome/29.0.1512.0 Safari/537.36"
181.29.138.140 - - [22/May/2013:23:59:09 -0400] "GET /wp-content/plugins/gravityforms/js/jquery.qtip-1.0.0-rc2.min.js?ver=1.7.4 HTTP/1.1" 304 - "http://www.satenspr.com/wp-admin/admin.php?page=gf_edit_forms" "Mozilla/5.0 (Windows NT 6.1; WOW64) AppleWebKit/537.36 (KHTML, like Gecko) Chrome/29.0.1512.0 Safari/537.36"
181.29.138.140 - - [22/May/2013:23:59:09 -0400] "GET /wp-content/plugins/gravityforms/js/qtip_init.js?ver=1.7.4 HTTP/1.1" 304 - "http://www.satenspr.com/wp-admin/admin.php?page=gf_edit_forms" "Mozilla/5.0 (Windows NT 6.1; WOW64) AppleWebKit/537.36 (KHTML, like Gecko) Chrome/29.0.1512.0 Safari/537.36"
181.29.138.140 - - [22/May/2013:23:59:09 -0400] "GET /wp-content/plugins/gravityforms/css/tooltip.css?ver=1.7.4 HTTP/1.1" 304 - "http://www.satenspr.com/wp-admin/admin.php?page=gf_edit_forms" "Mozilla/5.0 (Windows NT 6.1; WOW64) AppleWebKit/537.36 (KHTML, like Gecko) Chrome/29.0.1512.0 Safari/537.36"
181.29.138.140 - - [22/May/2013:23:59:09 -0400] "GET /wp-content/plugins/gravityforms/js/jquery.json-1.3.js?ver=1.7.4 HTTP/1.1" 304 - "http://www.satenspr.com/wp-admin/admin.php?page=gf_edit_forms" "Mozilla/5.0 (Windows NT 6.1; WOW64) AppleWebKit/537.36 (KHTML, like Gecko) Chrome/29.0.1512.0 Safari/537.36"
181.29.138.140 - - [22/May/2013:23:59:10 -0400] "GET /wp-content/plugins/gravityforms/js/form_admin.js?ver=1.7.4 HTTP/1.1" 200 39945 "http://www.satenspr.com/wp-admin/admin.php?page=gf_edit_forms" "Mozilla/5.0 (Windows NT 6.1; WOW64) AppleWebKit/537.36 (KHTML, like Gecko) Chrome/29.0.1512.0 Safari/537.36"
66.116.255.161 - - [22/May/2013:23:59:16 -0400] "POST /wp-cron.php?doing_wp_cron=1369281555.8134698867797851562500 HTTP/1.0" 503 6490 "-" "WordPress/3.5.1; http://www.satenspr.com"
181.29.138.140 - - [22/May/2013:23:59:17 -0400] "GET /wp-includes/js/jquery/ui/jquery.ui.tabs.min.js?ver=1.9.2 HTTP/1.1" 200 18572 "http://www.satenspr.com/wp-admin/admin.php?page=gf_edit_forms&id=7" "Mozilla/5.0 (Windows NT 6.1; WOW64) AppleWebKit/537.36 (KHTML, like Gecko) Chrome/29.0.1512.0 Safari/537.36"
181.29.138.140 - - [22/May/2013:23:59:17 -0400] "GET /wp-content/plugins/gravityforms/js/gravityforms.js?ver=1.7.4 HTTP/1.1" 200 32866 "http://www.satenspr.com/wp-admin/admin.php?page=gf_edit_forms&id=7" "Mozilla/5.0 (Windows NT 6.1; WOW64) AppleWebKit/537.36 (KHTML, like Gecko) Chrome/29.0.1512.0 Safari/537.36"
181.29.138.140 - - [22/May/2013:23:59:17 -0400] "GET /wp-content/plugins/gravityforms/js/forms.js?ver=1.7.4 HTTP/1.1" 200 11537 "http://www.satenspr.com/wp-admin/admin.php?page=gf_edit_forms&id=7" "Mozilla/5.0 (Windows NT 6.1; WOW64) AppleWebKit/537.36 (KHTML, like Gecko) Chrome/29.0.1512.0 Safari/537.36"
181.29.138.140 - - [22/May/2013:23:59:17 -0400] "GET /wp-content/plugins/gravityforms/js/floatmenu_init.js?ver=1.7.4 HTTP/1.1" 200 529 "http://www.satenspr.com/wp-admin/admin.php?page=gf_edit_forms&id=7" "Mozilla/5.0 (Windows NT 6.1; WOW64) AppleWebKit/537.36 (KHTML, like Gecko) Chrome/29.0.1512.0 Safari/537.36"
181.29.138.140 - - [22/May/2013:23:59:17 -0400] "GET /wp-content/plugins/gravityforms/js/menu.js?ver=1.7.4 HTTP/1.1" 200 1229 "http://www.satenspr.com/wp-admin/admin.php?page=gf_edit_forms&id=7" "Mozilla/5.0 (Windows NT 6.1; WOW64) AppleWebKit/537.36 (KHTML, like Gecko) Chrome/29.0.1512.0 Safari/537.36"
181.29.138.140 - - [22/May/2013:23:59:18 -0400] "GET /wp-content/plugins/gravityforms/js/jquery.placeholder.1.2.min.js?ver=1.7.4 HTTP/1.1" 200 1705 "http://www.satenspr.com/wp-admin/admin.php?page=gf_edit_forms&id=7" "Mozilla/5.0 (Windows NT 6.1; WOW64) AppleWebKit/537.36 (KHTML, like Gecko) Chrome/29.0.1512.0 Safari/537.36"
181.29.138.140 - - [22/May/2013:23:59:18 -0400] "GET /wp-content/plugins/gravityforms/images/gf-pagebreak-first.png HTTP/1.1" 200 6718 "http://www.satenspr.com/wp-admin/admin.php?page=gf_edit_forms&id=7" "Mozilla/5.0 (Windows NT 6.1; WOW64) AppleWebKit/537.36 (KHTML, like Gecko) Chrome/29.0.1512.0 Safari/537.36"
181.29.138.140 - - [22/May/2013:23:59:18 -0400] "GET /wp-content/plugins/gravityforms/images/blank.gif HTTP/1.1" 200 43 "http://www.satenspr.com/wp-admin/admin.php?page=gf_edit_forms&id=7" "Mozilla/5.0 (Windows NT 6.1; WOW64) AppleWebKit/537.36 (KHTML, like Gecko) Chrome/29.0.1512.0 Safari/537.36"
181.29.138.140 - - [22/May/2013:23:59:18 -0400] "GET /wp-content/plugins/gravityforms/images/color.png HTTP/1.1" 200 892 "http://www.satenspr.com/wp-admin/admin.php?page=gf_edit_forms&id=7" "Mozilla/5.0 (Windows NT 6.1; WOW64) AppleWebKit/537.36 (KHTML, like Gecko) Chrome/29.0.1512.0 Safari/537.36"
181.29.138.140 - - [22/May/2013:23:59:18 -0400] "GET /wp-content/plugins/gravityforms/images/calendar.png HTTP/1.1" 200 260 "http://www.satenspr.com/wp-admin/admin.php?page=gf_edit_forms&id=7" "Mozilla/5.0 (Windows NT 6.1; WOW64) AppleWebKit/537.36 (KHTML, like Gecko) Chrome/29.0.1512.0 Safari/537.36"
181.29.138.140 - - [22/May/2013:23:59:18 -0400] "GET /wp-content/plugins/gravityforms/images/gf-pagebreak-end.png HTTP/1.1" 200 6531 "http://www.satenspr.com/wp-admin/admin.php?page=gf_edit_forms&id=7" "Mozilla/5.0 (Windows NT 6.1; WOW64) AppleWebKit/537.36 (KHTML, like Gecko) Chrome/29.0.1512.0 Safari/537.36"
181.29.138.140 - - [22/May/2013:23:59:18 -0400] "GET /wp-admin/admin.php?page=gf_edit_forms&id=7 HTTP/1.1" 200 342868 "http://www.satenspr.com/wp-admin/admin.php?page=gf_edit_forms" "Mozilla/5.0 (Windows NT 6.1; WOW64) AppleWebKit/537.36 (KHTML, like Gecko) Chrome/29.0.1512.0 Safari/537.36"
181.29.138.140 - - [22/May/2013:23:59:19 -0400] "GET /wp-content/plugins/gravityforms/css/admin.css?ver=1.7.4 HTTP/1.1" 200 89062 "http://www.satenspr.com/wp-admin/admin.php?page=gf_edit_forms&id=7" "Mozilla/5.0 (Windows NT 6.1; WOW64) AppleWebKit/537.36 (KHTML, like Gecko) Chrome/29.0.1512.0 Safari/537.36"
181.29.138.140 - - [22/May/2013:23:59:19 -0400] "GET /wp-content/plugins/gravityforms/images/gf-toolbar-bg.jpg HTTP/1.1" 304 - "http://www.satenspr.com/wp-admin/admin.php?page=gf_edit_forms&id=7" "Mozilla/5.0 (Windows NT 6.1; WOW64) AppleWebKit/537.36 (KHTML, like Gecko) Chrome/29.0.1512.0 Safari/537.36"
181.29.138.140 - - [22/May/2013:23:59:19 -0400] "GET /wp-content/plugins/gravityforms/images/gf-toolbar-iconsprite.png HTTP/1.1" 304 - "http://www.satenspr.com/wp-admin/admin.php?page=gf_edit_forms&id=7" "Mozilla/5.0 (Windows NT 6.1; WOW64) AppleWebKit/537.36 (KHTML, like Gecko) Chrome/29.0.1512.0 Safari/537.36"
181.29.138.140 - - [22/May/2013:23:59:19 -0400] "GET /wp-content/plugins/gravityforms/images/icon-delete.png HTTP/1.1" 200 1261 "http://www.satenspr.com/wp-admin/admin.php?page=gf_edit_forms&id=7" "Mozilla/5.0 (Windows NT 6.1; WOW64) AppleWebKit/537.36 (KHTML, like Gecko) Chrome/29.0.1512.0 Safari/537.36"
181.29.138.140 - - [22/May/2013:23:59:19 -0400] "GET /wp-content/plugins/gravityforms/images/icon-duplicate.png HTTP/1.1" 200 1285 "http://www.satenspr.com/wp-admin/admin.php?page=gf_edit_forms&id=7" "Mozilla/5.0 (Windows NT 6.1; WOW64) AppleWebKit/537.36 (KHTML, like Gecko) Chrome/29.0.1512.0 Safari/537.36"
181.29.138.140 - - [22/May/2013:23:59:19 -0400] "GET /wp-content/plugins/gravityforms/images/icon-edit.png HTTP/1.1" 200 1348 "http://www.satenspr.com/wp-admin/admin.php?page=gf_edit_forms&id=7" "Mozilla/5.0 (Windows NT 6.1; WOW64) AppleWebKit/537.36 (KHTML, like Gecko) Chrome/29.0.1512.0 Safari/537.36"
181.29.138.140 - - [22/May/2013:23:59:19 -0400] "GET /wp-content/plugins/gravityforms/images/gf-expand-title-bg.png HTTP/1.1" 200 822 "http://www.satenspr.com/wp-admin/admin.php?page=gf_edit_forms&id=7" "Mozilla/5.0 (Windows NT 6.1; WOW64) AppleWebKit/537.36 (KHTML, like Gecko) Chrome/29.0.1512.0 Safari/537.36"
181.29.138.140 - - [22/May/2013:23:59:19 -0400] "GET /wp-content/plugins/gravityforms/images/loading.gif HTTP/1.1" 304 - "http://www.satenspr.com/wp-admin/admin.php?page=gf_edit_forms&id=7" "Mozilla/5.0 (Windows NT 6.1; WOW64) AppleWebKit/537.36 (KHTML, like Gecko) Chrome/29.0.1512.0 Safari/537.36"
181.29.138.140 - - [22/May/2013:23:59:20 -0400] "GET /wp-content/plugins/gravityforms/js/form_editor.js?ver=1.7.4 HTTP/1.1" 200 88927 "http://www.satenspr.com/wp-admin/admin.php?page=gf_edit_forms&id=7" "Mozilla/5.0 (Windows NT 6.1; WOW64) AppleWebKit/537.36 (KHTML, like Gecko) Chrome/29.0.1512.0 Safari/537.36"
181.29.138.140 - - [22/May/2013:23:59:22 -0400] "GET /wp-content/plugins/gravityforms/images/gf-fieldsettings-header.jpg HTTP/1.1" 200 559 "http://www.satenspr.com/wp-admin/admin.php?page=gf_edit_forms&id=7" "Mozilla/5.0 (Windows NT 6.1; WOW64) AppleWebKit/537.36 (KHTML, like Gecko) Chrome/29.0.1512.0 Safari/537.36"
66.116.255.161 - - [23/May/2013:00:00:44 -0400] "POST /wp-cron.php?doing_wp_cron=1369281643.8315839767456054687500 HTTP/1.0" 503 6490 "-" "WordPress/3.5.1; http://www.satenspr.com"
181.29.138.140 - - [23/May/2013:00:00:45 -0400] "GET /wp-admin/edit.php?post_type=page HTTP/1.1" 200 70921 "http://www.satenspr.com/wp-admin/nav-menus.php" "Mozilla/5.0 (Windows NT 6.1; WOW64) AppleWebKit/537.36 (KHTML, like Gecko) Chrome/29.0.1512.0 Safari/537.36"
181.29.138.140 - - [23/May/2013:00:00:49 -0400] "GET /wp-admin/edit.php?post_status=publish&post_type=page HTTP/1.1" 200 69068 "http://www.satenspr.com/wp-admin/edit.php?post_type=page" "Mozilla/5.0 (Windows NT 6.1; WOW64) AppleWebKit/537.36 (KHTML, like Gecko) Chrome/29.0.1512.0 Safari/537.36"
181.29.138.140 - - [23/May/2013:00:00:58 -0400] "GET /wp-admin/post.php?post=157&action=trash&_wpnonce=dc0d97e1bb HTTP/1.1" 302 5 "http://www.satenspr.com/wp-admin/edit.php?post_status=publish&post_type=page" "Mozilla/5.0 (Windows NT 6.1; WOW64) AppleWebKit/537.36 (KHTML, like Gecko) Chrome/29.0.1512.0 Safari/537.36"
181.29.138.140 - - [23/May/2013:00:00:59 -0400] "GET /wp-admin/edit.php?post_status=publish&post_type=page&trashed=1&ids=157 HTTP/1.1" 200 67175 "http://www.satenspr.com/wp-admin/edit.php?post_status=publish&post_type=page" "Mozilla/5.0 (Windows NT 6.1; WOW64) AppleWebKit/537.36 (KHTML, like Gecko) Chrome/29.0.1512.0 Safari/537.36"
66.116.255.161 - - [23/May/2013:00:02:48 -0400] "POST /wp-cron.php?doing_wp_cron=1369281767.6715850830078125000000 HTTP/1.0" 503 6490 "-" "WordPress/3.5.1; http://www.satenspr.com"
181.29.138.140 - - [23/May/2013:00:02:49 -0400] "GET /wp-admin/edit.php?s=&post_status=publish&post_type=page&_wpnonce=130f462366&_wp_http_referer=%2Fwp-admin%2Fedit.php%3Fpost_status%3Dpublish%26post_type%3Dpage%26ids%3D157&action=trash&m=0&paged=1&post%5B%5D=84&post%5B%5D=178&post%5B%5D=58&post%5B%5D=57&post%5B%5D=55&post%5B%5D=82&post%5B%5D=107&post%5B%5D=52&action2=-1 HTTP/1.1" 302 5 "http://www.satenspr.com/wp-admin/edit.php?post_status=publish&post_type=page&trashed=1&ids=157" "Mozilla/5.0 (Windows NT 6.1; WOW64) AppleWebKit/537.36 (KHTML, like Gecko) Chrome/29.0.1512.0 Safari/537.36"
181.29.138.140 - - [23/May/2013:00:02:50 -0400] "GET /wp-admin/edit.php?post_status=publish&post_type=page&paged=1&trashed=8&ids=84%2C178%2C58%2C57%2C55%2C82%2C107%2C52 HTTP/1.1" 200 48899 "http://www.satenspr.com/wp-admin/edit.php?post_status=publish&post_type=page&trashed=1&ids=157" "Mozilla/5.0 (Windows NT 6.1; WOW64) AppleWebKit/537.36 (KHTML, like Gecko) Chrome/29.0.1512.0 Safari/537.36"
181.29.138.140 - - [23/May/2013:00:02:55 -0400] "GET /wp-admin/post.php?post=105&action=edit HTTP/1.1" 200 125450 "http://www.satenspr.com/wp-admin/edit.php?post_status=publish&post_type=page&paged=1&trashed=8&ids=84%2C178%2C58%2C57%2C55%2C82%2C107%2C52" "Mozilla/5.0 (Windows NT 6.1; WOW64) AppleWebKit/537.36 (KHTML, like Gecko) Chrome/29.0.1512.0 Safari/537.36"
66.116.255.161 - - [23/May/2013:00:03:54 -0400] "POST /wp-cron.php?doing_wp_cron=1369281834.1007680892944335937500 HTTP/1.0" 503 6490 "-" "WordPress/3.5.1; http://www.satenspr.com"
181.29.138.140 - - [23/May/2013:00:03:54 -0400] "POST /wp-admin/post.php HTTP/1.1" 302 5 "http://www.satenspr.com/wp-admin/post.php?post=105&action=edit" "Mozilla/5.0 (Windows NT 6.1; WOW64) AppleWebKit/537.36 (KHTML, like Gecko) Chrome/29.0.1512.0 Safari/537.36"
181.29.138.140 - - [23/May/2013:00:03:57 -0400] "GET /wp-admin/post.php?post=105&action=edit&message=1 HTTP/1.1" 200 126182 "http://www.satenspr.com/wp-admin/post.php?post=105&action=edit" "Mozilla/5.0 (Windows NT 6.1; WOW64) AppleWebKit/537.36 (KHTML, like Gecko) Chrome/29.0.1512.0 Safari/537.36"
181.29.138.140 - - [23/May/2013:00:04:05 -0400] "GET /wp-admin/options-permalink.php HTTP/1.1" 200 25108 "http://www.satenspr.com/wp-admin/post.php?post=105&action=edit&message=1" "Mozilla/5.0 (Windows NT 6.1; WOW64) AppleWebKit/537.36 (KHTML, like Gecko) Chrome/29.0.1512.0 Safari/537.36"
181.29.138.140 - - [23/May/2013:00:04:09 -0400] "POST /wp-admin/options-permalink.php HTTP/1.1" 200 25190 "http://www.satenspr.com/wp-admin/options-permalink.php" "Mozilla/5.0 (Windows NT 6.1; WOW64) AppleWebKit/537.36 (KHTML, like Gecko) Chrome/29.0.1512.0 Safari/537.36"
181.29.138.140 - - [23/May/2013:00:04:16 -0400] "POST /wp-admin/post.php HTTP/1.1" 302 5 "http://www.satenspr.com/wp-admin/post.php?post=105&action=edit&message=1" "Mozilla/5.0 (Windows NT 6.1; WOW64) AppleWebKit/537.36 (KHTML, like Gecko) Chrome/29.0.1512.0 Safari/537.36"
181.29.138.140 - - [23/May/2013:00:04:18 -0400] "GET /wp-admin/post.php?post=105&action=edit&message=1 HTTP/1.1" 200 126645 "http://www.satenspr.com/wp-admin/post.php?post=105&action=edit&message=1" "Mozilla/5.0 (Windows NT 6.1; WOW64) AppleWebKit/537.36 (KHTML, like Gecko) Chrome/29.0.1512.0 Safari/537.36"
181.29.138.140 - - [23/May/2013:00:04:23 -0400] "GET /wp-content/plugins/gravity-forms-addons/colorbox/example3/colorbox.css?ver=3.5.1 HTTP/1.1" 200 2195 "http://www.satenspr.com/registro-de-estudiantes/" "Mozilla/5.0 (Windows NT 6.1; WOW64) AppleWebKit/537.36 (KHTML, like Gecko) Chrome/29.0.1512.0 Safari/537.36"
181.29.138.140 - - [23/May/2013:00:04:23 -0400] "GET /wp-content/plugins/gravity-forms-addons/colorbox/js/jquery.colorbox-min.js?ver=3.5.1 HTTP/1.1" 200 9763 "http://www.satenspr.com/registro-de-estudiantes/" "Mozilla/5.0 (Windows NT 6.1; WOW64) AppleWebKit/537.36 (KHTML, like Gecko) Chrome/29.0.1512.0 Safari/537.36"
181.29.138.140 - - [23/May/2013:00:04:24 -0400] "GET /registro-de-estudiantes/ HTTP/1.1" 200 17752 "http://www.satenspr.com/wp-admin/post.php?post=105&action=edit&message=1" "Mozilla/5.0 (Windows NT 6.1; WOW64) AppleWebKit/537.36 (KHTML, like Gecko) Chrome/29.0.1512.0 Safari/537.36"
181.29.138.140 - - [23/May/2013:00:04:24 -0400] "GET /wp-content/plugins/gravity-forms-addons/colorbox/example3/images/loading.gif HTTP/1.1" 200 9427 "http://www.satenspr.com/registro-de-estudiantes/" "Mozilla/5.0 (Windows NT 6.1; WOW64) AppleWebKit/537.36 (KHTML, like Gecko) Chrome/29.0.1512.0 Safari/537.36"
181.29.138.140 - - [23/May/2013:00:04:24 -0400] "GET /wp-content/plugins/gravity-forms-addons/colorbox/example3/images/controls.png HTTP/1.1" 200 1633 "http://www.satenspr.com/registro-de-estudiantes/" "Mozilla/5.0 (Windows NT 6.1; WOW64) AppleWebKit/537.36 (KHTML, like Gecko) Chrome/29.0.1512.0 Safari/537.36"
66.116.255.161 - - [23/May/2013:00:05:01 -0400] "POST /wp-cron.php?doing_wp_cron=1369281900.9085218906402587890625 HTTP/1.0" 503 6490 "-" "WordPress/3.5.1; http://www.satenspr.com"
181.29.138.140 - - [23/May/2013:00:05:02 -0400] "POST /wp-admin/post.php HTTP/1.1" 302 5 "http://www.satenspr.com/wp-admin/post.php?post=105&action=edit&message=1" "Mozilla/5.0 (Windows NT 6.1; WOW64) AppleWebKit/537.36 (KHTML, like Gecko) Chrome/29.0.1512.0 Safari/537.36"
181.29.138.140 - - [23/May/2013:00:05:04 -0400] "GET /wp-admin/post.php?post=105&action=edit&message=1 HTTP/1.1" 200 126721 "http://www.satenspr.com/wp-admin/post.php?post=105&action=edit&message=1" "Mozilla/5.0 (Windows NT 6.1; WOW64) AppleWebKit/537.36 (KHTML, like Gecko) Chrome/29.0.1512.0 Safari/537.36"
181.29.138.140 - - [23/May/2013:00:05:12 -0400] "POST /wp-admin/admin-ajax.php HTTP/1.1" 200 593 "http://www.satenspr.com/wp-admin/post.php?post=105&action=edit&message=1" "Mozilla/5.0 (Windows NT 6.1; WOW64) AppleWebKit/537.36 (KHTML, like Gecko) Chrome/29.0.1512.0 Safari/537.36"
181.29.138.140 - - [23/May/2013:00:05:16 -0400] "POST /wp-admin/post.php HTTP/1.1" 302 5 "http://www.satenspr.com/wp-admin/post.php?post=105&action=edit&message=1" "Mozilla/5.0 (Windows NT 6.1; WOW64) AppleWebKit/537.36 (KHTML, like Gecko) Chrome/29.0.1512.0 Safari/537.36"
181.29.138.140 - - [23/May/2013:00:05:18 -0400] "GET /wp-admin/post.php?post=105&action=edit&message=1 HTTP/1.1" 200 126907 "http://www.satenspr.com/wp-admin/post.php?post=105&action=edit&message=1" "Mozilla/5.0 (Windows NT 6.1; WOW64) AppleWebKit/537.36 (KHTML, like Gecko) Chrome/29.0.1512.0 Safari/537.36"
181.29.138.140 - - [23/May/2013:00:05:26 -0400] "GET /Agregar%20nuevo%20estudiante HTTP/1.1" 301 5 "-" "Mozilla/5.0 (Windows NT 6.1; WOW64) AppleWebKit/537.36 (KHTML, like Gecko) Chrome/29.0.1512.0 Safari/537.36"
181.29.138.140 - - [23/May/2013:00:05:27 -0400] "GET /Agregar%20nuevo%20estudiante/ HTTP/1.1" 200 17778 "-" "Mozilla/5.0 (Windows NT 6.1; WOW64) AppleWebKit/537.36 (KHTML, like Gecko) Chrome/29.0.1512.0 Safari/537.36"
66.116.255.161 - - [23/May/2013:00:06:10 -0400] "POST /wp-cron.php?doing_wp_cron=1369281969.4014499187469482421875 HTTP/1.0" 503 6490 "-" "WordPress/3.5.1; http://www.satenspr.com"
181.29.138.140 - - [23/May/2013:00:06:10 -0400] "POST /wp-admin/admin-ajax.php HTTP/1.1" 200 590 "http://www.satenspr.com/wp-admin/post.php?post=105&action=edit&message=1" "Mozilla/5.0 (Windows NT 6.1; WOW64) AppleWebKit/537.36 (KHTML, like Gecko) Chrome/29.0.1512.0 Safari/537.36"
181.29.138.140 - - [23/May/2013:00:06:19 -0400] "GET /registro-de-estudiantes/ HTTP/1.1" 404 12718 "http://www.satenspr.com/wp-admin/post.php?post=105&action=edit&message=1" "Mozilla/5.0 (Windows NT 6.1; WOW64) AppleWebKit/537.36 (KHTML, like Gecko) Chrome/29.0.1512.0 Safari/537.36"
181.29.138.140 - - [23/May/2013:00:06:20 -0400] "POST /wp-admin/admin-ajax.php HTTP/1.1" 200 331 "http://www.satenspr.com/wp-admin/post.php?post=105&action=edit&message=1" "Mozilla/5.0 (Windows NT 6.1; WOW64) AppleWebKit/537.36 (KHTML, like Gecko) Chrome/29.0.1512.0 Safari/537.36"
181.29.138.140 - - [23/May/2013:00:06:32 -0400] "POST /wp-admin/post.php HTTP/1.1" 302 5 "http://www.satenspr.com/wp-admin/post.php?post=105&action=edit&message=1" "Mozilla/5.0 (Windows NT 6.1; WOW64) AppleWebKit/537.36 (KHTML, like Gecko) Chrome/29.0.1512.0 Safari/537.36"
181.29.138.140 - - [23/May/2013:00:06:34 -0400] "GET /wp-admin/post.php?post=105&action=edit&message=1 HTTP/1.1" 200 127127 "http://www.satenspr.com/wp-admin/post.php?post=105&action=edit&message=1" "Mozilla/5.0 (Windows NT 6.1; WOW64) AppleWebKit/537.36 (KHTML, like Gecko) Chrome/29.0.1512.0 Safari/537.36"
181.29.138.140 - - [23/May/2013:00:06:36 -0400] "GET /registro-de-estudiantes/ HTTP/1.1" 200 17758 "http://www.satenspr.com/wp-admin/post.php?post=105&action=edit&message=1" "Mozilla/5.0 (Windows NT 6.1; WOW64) AppleWebKit/537.36 (KHTML, like Gecko) Chrome/29.0.1512.0 Safari/537.36"
66.116.255.161 - - [23/May/2013:00:07:11 -0400] "POST /wp-cron.php?doing_wp_cron=1369282030.7394630908966064453125 HTTP/1.0" 503 6490 "-" "WordPress/3.5.1; http://www.satenspr.com"
181.29.138.140 - - [23/May/2013:00:07:11 -0400] "POST /wp-admin/post.php HTTP/1.1" 302 5 "http://www.satenspr.com/wp-admin/post.php?post=105&action=edit&message=1" "Mozilla/5.0 (Windows NT 6.1; WOW64) AppleWebKit/537.36 (KHTML, like Gecko) Chrome/29.0.1512.0 Safari/537.36"
181.29.138.140 - - [23/May/2013:00:07:14 -0400] "GET /wp-admin/post.php?post=105&action=edit&message=1 HTTP/1.1" 200 127275 "http://www.satenspr.com/wp-admin/post.php?post=105&action=edit&message=1" "Mozilla/5.0 (Windows NT 6.1; WOW64) AppleWebKit/537.36 (KHTML, like Gecko) Chrome/29.0.1512.0 Safari/537.36"
181.29.138.140 - - [23/May/2013:00:07:17 -0400] "GET /registro-de-estudiantes/ HTTP/1.1" 200 17767 "http://www.satenspr.com/wp-admin/post.php?post=105&action=edit&message=1" "Mozilla/5.0 (Windows NT 6.1; WOW64) AppleWebKit/537.36 (KHTML, like Gecko) Chrome/29.0.1512.0 Safari/537.36"
181.29.138.140 - - [23/May/2013:00:07:17 -0400] "GET /wp-includes/css/admin-bar.min.css?ver=3.5.1 HTTP/1.1" 304 - "http://www.satenspr.com/registro-de-estudiantes/" "Mozilla/5.0 (Windows NT 6.1; WOW64) AppleWebKit/537.36 (KHTML, like Gecko) Chrome/29.0.1512.0 Safari/537.36"
181.29.138.140 - - [23/May/2013:00:07:17 -0400] "GET /wp-content/plugins/gravity-forms-addons/colorbox/example3/colorbox.css?ver=3.5.1 HTTP/1.1" 304 - "http://www.satenspr.com/registro-de-estudiantes/" "Mozilla/5.0 (Windows NT 6.1; WOW64) AppleWebKit/537.36 (KHTML, like Gecko) Chrome/29.0.1512.0 Safari/537.36"
181.29.138.140 - - [23/May/2013:00:07:17 -0400] "GET /wp-content/themes/satens-theme/style.css?ver=3.5.1 HTTP/1.1" 304 - "http://www.satenspr.com/registro-de-estudiantes/" "Mozilla/5.0 (Windows NT 6.1; WOW64) AppleWebKit/537.36 (KHTML, like Gecko) Chrome/29.0.1512.0 Safari/537.36"
181.29.138.140 - - [23/May/2013:00:07:17 -0400] "GET /wp-content/plugins/wp-ui/wp-ui.css?ver=3.5.1 HTTP/1.1" 304 - "http://www.satenspr.com/registro-de-estudiantes/" "Mozilla/5.0 (Windows NT 6.1; WOW64) AppleWebKit/537.36 (KHTML, like Gecko) Chrome/29.0.1512.0 Safari/537.36"
181.29.138.140 - - [23/May/2013:00:07:17 -0400] "GET /wp-content/plugins/wp-ui/css/wpui-light.css?ver=3.5.1 HTTP/1.1" 304 - "http://www.satenspr.com/registro-de-estudiantes/" "Mozilla/5.0 (Windows NT 6.1; WOW64) AppleWebKit/537.36 (KHTML, like Gecko) Chrome/29.0.1512.0 Safari/537.36"
181.29.138.140 - - [23/May/2013:00:07:17 -0400] "GET /wp-includes/js/jquery/jquery.js?ver=1.8.3 HTTP/1.1" 304 - "http://www.satenspr.com/registro-de-estudiantes/" "Mozilla/5.0 (Windows NT 6.1; WOW64) AppleWebKit/537.36 (KHTML, like Gecko) Chrome/29.0.1512.0 Safari/537.36"
181.29.138.140 - - [23/May/2013:00:07:17 -0400] "GET /wp-content/plugins/gravity-forms-addons/colorbox/js/jquery.colorbox-min.js?ver=3.5.1 HTTP/1.1" 304 - "http://www.satenspr.com/registro-de-estudiantes/" "Mozilla/5.0 (Windows NT 6.1; WOW64) AppleWebKit/537.36 (KHTML, like Gecko) Chrome/29.0.1512.0 Safari/537.36"
181.29.138.140 - - [23/May/2013:00:07:17 -0400] "GET /wp-content/themes/twentytwelve/style.css HTTP/1.1" 304 - "http://www.satenspr.com/registro-de-estudiantes/" "Mozilla/5.0 (Windows NT 6.1; WOW64) AppleWebKit/537.36 (KHTML, like Gecko) Chrome/29.0.1512.0 Safari/537.36"
181.29.138.140 - - [23/May/2013:00:07:17 -0400] "GET /wp-content/plugins/wp-ui/js/wp-ui.js?ver=0.8.5 HTTP/1.1" 304 - "http://www.satenspr.com/registro-de-estudiantes/" "Mozilla/5.0 (Windows NT 6.1; WOW64) AppleWebKit/537.36 (KHTML, like Gecko) Chrome/29.0.1512.0 Safari/537.36"
181.29.138.140 - - [23/May/2013:00:07:18 -0400] "GET /wp-includes/js/admin-bar.min.js?ver=3.5.1 HTTP/1.1" 304 - "http://www.satenspr.com/registro-de-estudiantes/" "Mozilla/5.0 (Windows NT 6.1; WOW64) AppleWebKit/537.36 (KHTML, like Gecko) Chrome/29.0.1512.0 Safari/537.36"
181.29.138.140 - - [23/May/2013:00:07:18 -0400] "GET /wp-content/themes/twentytwelve/js/navigation.js?ver=1.0 HTTP/1.1" 304 - "http://www.satenspr.com/registro-de-estudiantes/" "Mozilla/5.0 (Windows NT 6.1; WOW64) AppleWebKit/537.36 (KHTML, like Gecko) Chrome/29.0.1512.0 Safari/537.36"
181.29.138.140 - - [23/May/2013:00:07:19 -0400] "GET /wp-content/plugins/wp-ui/css/css.php?styles=wpui-light%7Cwpui-blue%7Cwpui-red%7Cwpui-green%7Cwpui-dark%7Cwpui-quark%7Cwpui-alma%7Cwpui-macish%7Cwpui-redmond%7Cwpui-sevin&ver=3.5.1 HTTP/1.1" 200 128491 "http://www.satenspr.com/registro-de-estudiantes/" "Mozilla/5.0 (Windows NT 6.1; WOW64) AppleWebKit/537.36 (KHTML, like Gecko) Chrome/29.0.1512.0 Safari/537.36"
181.29.138.140 - - [23/May/2013:00:07:19 -0400] "GET /wp-content/uploads/2013/04/headerlogo.png HTTP/1.1" 304 - "http://www.satenspr.com/registro-de-estudiantes/" "Mozilla/5.0 (Windows NT 6.1; WOW64) AppleWebKit/537.36 (KHTML, like Gecko) Chrome/29.0.1512.0 Safari/537.36"
181.29.138.140 - - [23/May/2013:00:07:29 -0400] "GET /wp-admin/edit.php?post_type=page HTTP/1.1" 200 49866 "http://www.satenspr.com/wp-admin/post.php?post=105&action=edit&message=1" "Mozilla/5.0 (Windows NT 6.1; WOW64) AppleWebKit/537.36 (KHTML, like Gecko) Chrome/29.0.1512.0 Safari/537.36"
181.29.138.140 - - [23/May/2013:00:07:30 -0400] "POST /wp-admin/admin-ajax.php HTTP/1.1" 200 13 "http://www.satenspr.com/wp-admin/post.php?post=105&action=edit&message=1" "Mozilla/5.0 (Windows NT 6.1; WOW64) AppleWebKit/537.36 (KHTML, like Gecko) Chrome/29.0.1512.0 Safari/537.36"
181.29.138.140 - - [23/May/2013:00:07:45 -0400] "POST /wp-admin/admin-ajax.php HTTP/1.1" 200 2335 "http://www.satenspr.com/wp-admin/edit.php?post_type=page" "Mozilla/5.0 (Windows NT 6.1; WOW64) AppleWebKit/537.36 (KHTML, like Gecko) Chrome/29.0.1512.0 Safari/537.36"
181.29.138.140 - - [23/May/2013:00:08:03 -0400] "GET /wp-admin/post.php?post=20&action=trash&_wpnonce=9ed217e4d3 HTTP/1.1" 302 5 "http://www.satenspr.com/wp-admin/edit.php?post_type=page" "Mozilla/5.0 (Windows NT 6.1; WOW64) AppleWebKit/537.36 (KHTML, like Gecko) Chrome/29.0.1512.0 Safari/537.36"
181.29.138.140 - - [23/May/2013:00:08:05 -0400] "GET /wp-admin/edit.php?post_type=page&trashed=1&ids=20 HTTP/1.1" 200 47816 "http://www.satenspr.com/wp-admin/edit.php?post_type=page" "Mozilla/5.0 (Windows NT 6.1; WOW64) AppleWebKit/537.36 (KHTML, like Gecko) Chrome/29.0.1512.0 Safari/537.36"
66.116.255.161 - - [23/May/2013:00:08:16 -0400] "POST /wp-cron.php?doing_wp_cron=1369282096.0934081077575683593750 HTTP/1.0" 503 6490 "-" "WordPress/3.5.1; http://www.satenspr.com"
181.29.138.140 - - [23/May/2013:00:08:18 -0400] "GET /wp-admin/post-new.php?post_type=page HTTP/1.1" 200 123162 "http://www.satenspr.com/wp-admin/edit.php?post_type=page&trashed=1&ids=20" "Mozilla/5.0 (Windows NT 6.1; WOW64) AppleWebKit/537.36 (KHTML, like Gecko) Chrome/29.0.1512.0 Safari/537.36"
181.29.138.140 - - [23/May/2013:00:08:37 -0400] "POST /wp-admin/admin-ajax.php HTTP/1.1" 200 270 "http://www.satenspr.com/wp-admin/post-new.php?post_type=page" "Mozilla/5.0 (Windows NT 6.1; WOW64) AppleWebKit/537.36 (KHTML, like Gecko) Chrome/29.0.1512.0 Safari/537.36"
181.29.138.140 - - [23/May/2013:00:08:38 -0400] "POST /wp-admin/admin-ajax.php HTTP/1.1" 200 452 "http://www.satenspr.com/wp-admin/post-new.php?post_type=page" "Mozilla/5.0 (Windows NT 6.1; WOW64) AppleWebKit/537.36 (KHTML, like Gecko) Chrome/29.0.1512.0 Safari/537.36"
66.116.255.161 - - [23/May/2013:00:09:19 -0400] "POST /wp-cron.php?doing_wp_cron=1369282158.0961520671844482421875 HTTP/1.0" 503 6490 "-" "WordPress/3.5.1; http://www.satenspr.com"
181.29.138.140 - - [23/May/2013:00:09:19 -0400] "POST /wp-admin/post.php HTTP/1.1" 302 5 "http://www.satenspr.com/wp-admin/post-new.php?post_type=page" "Mozilla/5.0 (Windows NT 6.1; WOW64) AppleWebKit/537.36 (KHTML, like Gecko) Chrome/29.0.1512.0 Safari/537.36"
181.29.138.140 - - [23/May/2013:00:09:21 -0400] "GET /wp-admin/post.php?post=199&action=edit&message=6 HTTP/1.1" 200 126291 "http://www.satenspr.com/wp-admin/post-new.php?post_type=page" "Mozilla/5.0 (Windows NT 6.1; WOW64) AppleWebKit/537.36 (KHTML, like Gecko) Chrome/29.0.1512.0 Safari/537.36"
181.29.138.140 - - [23/May/2013:00:09:39 -0400] "GET /wp-admin/css/colors-fresh.min.css?ver=3.5.1 HTTP/1.1" 304 - "http://www.satenspr.com/wp-login.php?redirect_to=http%3A%2F%2Fsatenspr.com%2Fwp-admin%2F&reauth=1" "Mozilla/5.0 (Windows NT 6.1; WOW64) AppleWebKit/537.36 (KHTML, like Gecko) Chrome/29.0.1512.0 Safari/537.36"
181.29.138.140 - - [23/May/2013:00:09:40 -0400] "GET /wp-content/plugins/gravityforms/js/jquery.simplemodal-1.3.min.js HTTP/1.1" 200 8669 "http://www.satenspr.com/wp-admin/users.php?page=roles" "Mozilla/5.0 (Windows NT 6.1; WOW64) AppleWebKit/537.36 (KHTML, like Gecko) Chrome/29.0.1512.0 Safari/537.36"
181.29.138.140 - - [23/May/2013:00:09:40 -0400] "POST /wp-admin/nav-menus.php HTTP/1.1" 200 66515 "http://www.satenspr.com/wp-admin/nav-menus.php" "Mozilla/5.0 (Windows NT 6.1; WOW64) AppleWebKit/537.36 (KHTML, like Gecko) Chrome/29.0.1512.0 Safari/537.36"
181.29.138.140 - - [23/May/2013:00:09:40 -0400] "GET /wp-admin/load-styles.php?c=1&dir=ltr&load=admin-bar,wp-admin,buttons&ver=3.5.1 HTTP/1.1" 200 31483 "http://www.satenspr.com/wp-admin/nav-menus.php" "Mozilla/5.0 (Windows NT 6.1; WOW64) AppleWebKit/537.36 (KHTML, like Gecko) Chrome/29.0.1512.0 Safari/537.36"
181.29.138.140 - - [23/May/2013:00:09:41 -0400] "GET /wp-admin/load-scripts.php?c=1&load%5B%5D=jquery,utils,jquery-ui-core,jquery-ui-widget,jquery-ui-mouse,jquery-ui-sortable,jquery-ui-draggable,jquery-ui-droppable,wp-ajax-&load%5B%5D=response,jquery-color,wp-lists,postbox,nav-menu&ver=3.5.1 HTTP/1.1" 200 67943 "http://www.satenspr.com/wp-admin/nav-menus.php" "Mozilla/5.0 (Windows NT 6.1; WOW64) AppleWebKit/537.36 (KHTML, like Gecko) Chrome/29.0.1512.0 Safari/537.36"
181.29.138.140 - - [23/May/2013:00:09:41 -0400] "GET /wp-content/plugins/dp-maintenance-mode-lite/images/dpMaintenance_icon.gif HTTP/1.1" 304 - "http://www.satenspr.com/wp-admin/" "Mozilla/5.0 (Windows NT 6.1; WOW64) AppleWebKit/537.36 (KHTML, like Gecko) Chrome/29.0.1512.0 Safari/537.36"
181.29.138.140 - - [23/May/2013:00:09:41 -0400] "GET /wp-content/plugins/gravityforms/images/gravity-admin-icon.png HTTP/1.1" 200 350 "http://www.satenspr.com/wp-admin/" "Mozilla/5.0 (Windows NT 6.1; WOW64) AppleWebKit/537.36 (KHTML, like Gecko) Chrome/29.0.1512.0 Safari/537.36"
181.29.138.140 - - [23/May/2013:00:09:41 -0400] "GET /wp-includes/images/admin-bar-sprite.png?d=20120830 HTTP/1.1" 304 - "http://www.satenspr.com/wp-admin/" "Mozilla/5.0 (Windows NT 6.1; WOW64) AppleWebKit/537.36 (KHTML, like Gecko) Chrome/29.0.1512.0 Safari/537.36"
181.29.138.140 - - [23/May/2013:00:09:41 -0400] "GET /wp-content/plugins/advanced-access-manager/view/css/images/active-menu.png HTTP/1.1" 304 - "http://www.satenspr.com/wp-admin/" "Mozilla/5.0 (Windows NT 6.1; WOW64) AppleWebKit/537.36 (KHTML, like Gecko) Chrome/29.0.1512.0 Safari/537.36"
181.29.138.140 - - [23/May/2013:00:09:41 -0400] "GET /wp-admin/images/wpspin_light.gif HTTP/1.1" 304 - "http://www.satenspr.com/wp-admin/nav-menus.php" "Mozilla/5.0 (Windows NT 6.1; WOW64) AppleWebKit/537.36 (KHTML, like Gecko) Chrome/29.0.1512.0 Safari/537.36"
181.29.138.140 - - [23/May/2013:00:09:41 -0400] "GET /wp-admin/load-scripts.php?c=1&load%5B%5D=admin-bar,hoverIntent,common&ver=3.5.1 HTTP/1.1" 200 5298 "http://www.satenspr.com/wp-admin/nav-menus.php" "Mozilla/5.0 (Windows NT 6.1; WOW64) AppleWebKit/537.36 (KHTML, like Gecko) Chrome/29.0.1512.0 Safari/537.36"
181.29.138.140 - - [23/May/2013:00:09:53 -0400] "POST /wp-admin/admin-ajax.php HTTP/1.1" 200 8539 "http://www.satenspr.com/wp-admin/nav-menus.php" "Mozilla/5.0 (Windows NT 6.1; WOW64) AppleWebKit/537.36 (KHTML, like Gecko) Chrome/29.0.1512.0 Safari/537.36"
181.29.138.140 - - [23/May/2013:00:10:07 -0400] "POST /wp-admin/post.php HTTP/1.1" 302 5 "http://www.satenspr.com/wp-admin/post.php?post=199&action=edit&message=6" "Mozilla/5.0 (Windows NT 6.1; WOW64) AppleWebKit/537.36 (KHTML, like Gecko) Chrome/29.0.1512.0 Safari/537.36"
181.29.138.140 - - [23/May/2013:00:10:09 -0400] "GET /wp-admin/post.php?post=199&action=edit&message=1 HTTP/1.1" 200 126581 "http://www.satenspr.com/wp-admin/post.php?post=199&action=edit&message=6" "Mozilla/5.0 (Windows NT 6.1; WOW64) AppleWebKit/537.36 (KHTML, like Gecko) Chrome/29.0.1512.0 Safari/537.36"
181.29.138.140 - - [23/May/2013:00:10:11 -0400] "POST /wp-admin/nav-menus.php HTTP/1.1" 200 75025 "http://www.satenspr.com/wp-admin/nav-menus.php" "Mozilla/5.0 (Windows NT 6.1; WOW64) AppleWebKit/537.36 (KHTML, like Gecko) Chrome/29.0.1512.0 Safari/537.36"
181.29.138.140 - - [23/May/2013:00:10:18 -0400] "GET /wp-includes/css/admin-bar.min.css?ver=3.5.1 HTTP/1.1" 304 - "http://www.satenspr.com/registro-de-estudiantes/" "Mozilla/5.0 (Windows NT 6.1; WOW64) AppleWebKit/537.36 (KHTML, like Gecko) Chrome/29.0.1512.0 Safari/537.36"
181.29.138.140 - - [23/May/2013:00:10:18 -0400] "GET /wp-content/plugins/gravity-forms-addons/colorbox/example3/colorbox.css?ver=3.5.1 HTTP/1.1" 304 - "http://www.satenspr.com/registro-de-estudiantes/" "Mozilla/5.0 (Windows NT 6.1; WOW64) AppleWebKit/537.36 (KHTML, like Gecko) Chrome/29.0.1512.0 Safari/537.36"
181.29.138.140 - - [23/May/2013:00:10:18 -0400] "GET /wp-content/themes/satens-theme/style.css?ver=3.5.1 HTTP/1.1" 304 - "http://www.satenspr.com/registro-de-estudiantes/" "Mozilla/5.0 (Windows NT 6.1; WOW64) AppleWebKit/537.36 (KHTML, like Gecko) Chrome/29.0.1512.0 Safari/537.36"
181.29.138.140 - - [23/May/2013:00:10:18 -0400] "GET /wp-content/plugins/wp-ui/wp-ui.css?ver=3.5.1 HTTP/1.1" 304 - "http://www.satenspr.com/registro-de-estudiantes/" "Mozilla/5.0 (Windows NT 6.1; WOW64) AppleWebKit/537.36 (KHTML, like Gecko) Chrome/29.0.1512.0 Safari/537.36"
181.29.138.140 - - [23/May/2013:00:10:18 -0400] "GET /wp-content/plugins/wp-ui/css/wpui-light.css?ver=3.5.1 HTTP/1.1" 304 - "http://www.satenspr.com/registro-de-estudiantes/" "Mozilla/5.0 (Windows NT 6.1; WOW64) AppleWebKit/537.36 (KHTML, like Gecko) Chrome/29.0.1512.0 Safari/537.36"
